Component: Arm Compiler for Embedded 6.18 Tool: armlink [5e4cc100]

==============================================================================

Section Cross References

    stm32f4xx_nucleo_144.o(.ARM.exidx.text.BSP_GetVersion) refers to stm32f4xx_nucleo_144.o(.text.BSP_GetVersion) for [Anonymous Symbol]
    stm32f4xx_nucleo_144.o(.text.BSP_LED_Init) refers to stm32f4xx_nucleo_144.o(.rodata.GPIO_PIN) for GPIO_PIN
    stm32f4xx_nucleo_144.o(.text.BSP_LED_Init) refers to stm32f4xx_nucleo_144.o(.data.GPIO_PORT) for GPIO_PORT
    stm32f4xx_nucleo_144.o(.text.BSP_LED_Init) refers to stm32f4xx_hal_gpio.o(.text.HAL_GPIO_Init) for HAL_GPIO_Init
    stm32f4xx_nucleo_144.o(.text.BSP_LED_Init) refers to stm32f4xx_hal_gpio.o(.text.HAL_GPIO_WritePin) for HAL_GPIO_WritePin
    stm32f4xx_nucleo_144.o(.ARM.exidx.text.BSP_LED_Init) refers to stm32f4xx_nucleo_144.o(.text.BSP_LED_Init) for [Anonymous Symbol]
    stm32f4xx_nucleo_144.o(.text.BSP_LED_DeInit) refers to stm32f4xx_nucleo_144.o(.rodata.GPIO_PIN) for GPIO_PIN
    stm32f4xx_nucleo_144.o(.text.BSP_LED_DeInit) refers to stm32f4xx_nucleo_144.o(.data.GPIO_PORT) for GPIO_PORT
    stm32f4xx_nucleo_144.o(.text.BSP_LED_DeInit) refers to stm32f4xx_hal_gpio.o(.text.HAL_GPIO_WritePin) for HAL_GPIO_WritePin
    stm32f4xx_nucleo_144.o(.text.BSP_LED_DeInit) refers to stm32f4xx_hal_gpio.o(.text.HAL_GPIO_DeInit) for HAL_GPIO_DeInit
    stm32f4xx_nucleo_144.o(.ARM.exidx.text.BSP_LED_DeInit) refers to stm32f4xx_nucleo_144.o(.text.BSP_LED_DeInit) for [Anonymous Symbol]
    stm32f4xx_nucleo_144.o(.text.BSP_LED_On) refers to stm32f4xx_nucleo_144.o(.data.GPIO_PORT) for GPIO_PORT
    stm32f4xx_nucleo_144.o(.text.BSP_LED_On) refers to stm32f4xx_nucleo_144.o(.rodata.GPIO_PIN) for GPIO_PIN
    stm32f4xx_nucleo_144.o(.text.BSP_LED_On) refers to stm32f4xx_hal_gpio.o(.text.HAL_GPIO_WritePin) for HAL_GPIO_WritePin
    stm32f4xx_nucleo_144.o(.ARM.exidx.text.BSP_LED_On) refers to stm32f4xx_nucleo_144.o(.text.BSP_LED_On) for [Anonymous Symbol]
    stm32f4xx_nucleo_144.o(.text.BSP_LED_Off) refers to stm32f4xx_nucleo_144.o(.data.GPIO_PORT) for GPIO_PORT
    stm32f4xx_nucleo_144.o(.text.BSP_LED_Off) refers to stm32f4xx_nucleo_144.o(.rodata.GPIO_PIN) for GPIO_PIN
    stm32f4xx_nucleo_144.o(.text.BSP_LED_Off) refers to stm32f4xx_hal_gpio.o(.text.HAL_GPIO_WritePin) for HAL_GPIO_WritePin
    stm32f4xx_nucleo_144.o(.ARM.exidx.text.BSP_LED_Off) refers to stm32f4xx_nucleo_144.o(.text.BSP_LED_Off) for [Anonymous Symbol]
    stm32f4xx_nucleo_144.o(.text.BSP_LED_Toggle) refers to stm32f4xx_nucleo_144.o(.data.GPIO_PORT) for GPIO_PORT
    stm32f4xx_nucleo_144.o(.text.BSP_LED_Toggle) refers to stm32f4xx_nucleo_144.o(.rodata.GPIO_PIN) for GPIO_PIN
    stm32f4xx_nucleo_144.o(.text.BSP_LED_Toggle) refers to stm32f4xx_hal_gpio.o(.text.HAL_GPIO_TogglePin) for HAL_GPIO_TogglePin
    stm32f4xx_nucleo_144.o(.ARM.exidx.text.BSP_LED_Toggle) refers to stm32f4xx_nucleo_144.o(.text.BSP_LED_Toggle) for [Anonymous Symbol]
    stm32f4xx_nucleo_144.o(.text.BSP_PB_Init) refers to stm32f4xx_nucleo_144.o(.data.BUTTON_PORT) for BUTTON_PORT
    stm32f4xx_nucleo_144.o(.text.BSP_PB_Init) refers to stm32f4xx_hal_gpio.o(.text.HAL_GPIO_Init) for HAL_GPIO_Init
    stm32f4xx_nucleo_144.o(.text.BSP_PB_Init) refers to stm32f4xx_hal_cortex.o(.text.HAL_NVIC_SetPriority) for HAL_NVIC_SetPriority
    stm32f4xx_nucleo_144.o(.text.BSP_PB_Init) refers to stm32f4xx_hal_cortex.o(.text.HAL_NVIC_EnableIRQ) for HAL_NVIC_EnableIRQ
    stm32f4xx_nucleo_144.o(.ARM.exidx.text.BSP_PB_Init) refers to stm32f4xx_nucleo_144.o(.text.BSP_PB_Init) for [Anonymous Symbol]
    stm32f4xx_nucleo_144.o(.text.BSP_PB_DeInit) refers to stm32f4xx_hal_cortex.o(.text.HAL_NVIC_DisableIRQ) for HAL_NVIC_DisableIRQ
    stm32f4xx_nucleo_144.o(.text.BSP_PB_DeInit) refers to stm32f4xx_nucleo_144.o(.data.BUTTON_PORT) for BUTTON_PORT
    stm32f4xx_nucleo_144.o(.text.BSP_PB_DeInit) refers to stm32f4xx_hal_gpio.o(.text.HAL_GPIO_DeInit) for HAL_GPIO_DeInit
    stm32f4xx_nucleo_144.o(.ARM.exidx.text.BSP_PB_DeInit) refers to stm32f4xx_nucleo_144.o(.text.BSP_PB_DeInit) for [Anonymous Symbol]
    stm32f4xx_nucleo_144.o(.text.BSP_PB_GetState) refers to stm32f4xx_nucleo_144.o(.data.BUTTON_PORT) for BUTTON_PORT
    stm32f4xx_nucleo_144.o(.text.BSP_PB_GetState) refers to stm32f4xx_hal_gpio.o(.text.HAL_GPIO_ReadPin) for HAL_GPIO_ReadPin
    stm32f4xx_nucleo_144.o(.ARM.exidx.text.BSP_PB_GetState) refers to stm32f4xx_nucleo_144.o(.text.BSP_PB_GetState) for [Anonymous Symbol]
    stm32f4xx_nucleo_144.o(.text.SD_IO_Init) refers to stm32f4xx_hal_gpio.o(.text.HAL_GPIO_Init) for HAL_GPIO_Init
    stm32f4xx_nucleo_144.o(.text.SD_IO_Init) refers to stm32f4xx_hal_gpio.o(.text.HAL_GPIO_WritePin) for HAL_GPIO_WritePin
    stm32f4xx_nucleo_144.o(.text.SD_IO_Init) refers to stm32f4xx_nucleo_144.o(.text.SPIx_Init) for SPIx_Init
    stm32f4xx_nucleo_144.o(.text.SD_IO_Init) refers to stm32f4xx_nucleo_144.o(.data.SpixTimeout) for SpixTimeout
[...]
    FiraMonoMedium90.c                       0x00000000   Number         0  firamonomedium90.o ABSOLUTE
    LCD_Debug.c                              0x00000000   Number         0  lcd_debug.o ABSOLUTE
    LCD_Demos.c                              0x00000000   Number         0  lcd_demos.o ABSOLUTE
    LCD_Driver.c                             0x00000000   Number         0  lcd_driver.o ABSOLUTE
    LCD_GPIO.c                               0x00000000   Number         0  lcd_gpio.o ABSOLUTE
    LCD_GUI.c                                0x00000000   Number         0  lcd_gui.o ABSOLUTE
    LCD_SPI.c                                0x00000000   Number         0  lcd_spi.o ABSOLUTE
    LCD_TIM.c                                0x00000000   Number         0  lcd_tim.o ABSOLUTE
    LCD_Tools.c                              0x00000000   Number         0  lcd_tools.o ABSOLUTE
    LCD_Touch.c                              0x00000000   Number         0  lcd_touch.o ABSOLUTE
    USART_STM32F4xx.c                        0x00000000   Number         0  usart_stm32f4xx.o ABSOLUTE
    basic_checks.c                           0x00000000   Number         0  basic_checks.o ABSOLUTE
    cdrcmple.s                               0x00000000   Number         0  cdrcmple.o ABSOLUTE
    dc.s                                     0x00000000   Number         0  dc.o ABSOLUTE
    decode.c                                 0x00000000   Number         0  decode.o ABSOLUTE
    delay.c                                  0x00000000   Number         0  delay.o ABSOLUTE
    error.c                                  0x00000000   Number         0  error.o ABSOLUTE
    errorhandler.c                           0x00000000   Number         0  errorhandler.o ABSOLUTE
    font12.c                                 0x00000000   Number         0  font12.o ABSOLUTE
    font16.c                                 0x00000000   Number         0  font16.o ABSOLUTE
    font20.c                                 0x00000000   Number         0  font20.o ABSOLUTE
    font24.c                                 0x00000000   Number         0  font24.o ABSOLUTE
    font8.c                                  0x00000000   Number         0  font8.o ABSOLUTE
    fontsFLASH.c                             0x00000000   Number         0  fontsflash.o ABSOLUTE
    handlers.s                               0x00000000   Number         0  handlers.o ABSOLUTE
    init.c                                   0x00000000   Number         0  init.o ABSOLUTE
    init.s                                   0x00000000   Number         0  init.o ABSOLUTE
    input.c                                  0x00000000   Number         0  input.o ABSOLUTE
    keypad.c                                 0x00000000   Number         0  keypad.o ABSOLUTE
    lcd.c                                    0x00000000   Number         0  lcd.o ABSOLUTE
    main.c                                   0x00000000   Number         0  main.o ABSOLUTE
    output.c                                 0x00000000   Number         0  output.o ABSOLUTE
    retarget_io.c                            0x00000000   Number         0  retarget_io.o ABSOLUTE
    stdinout_USART.c                         0x00000000   Number         0  stdinout_usart.o ABSOLUTE
    stm32f4xx_hal.c                          0x00000000   Number         0  stm32f4xx_hal.o ABSOLUTE
    stm32f4xx_hal_cortex.c                   0x00000000   Number         0  stm32f4xx_hal_cortex.o ABSOLUTE
    stm32f4xx_hal_dma.c                      0x00000000   Number         0  stm32f4xx_hal_dma.o ABSOLUTE
    stm32f4xx_hal_eth.c                      0x00000000   Number         0  stm32f4xx_hal_eth.o ABSOLUTE
    stm32f4xx_hal_gpio.c                     0x00000000   Number         0  stm32f4xx_hal_gpio.o ABSOLUTE
    stm32f4xx_hal_pwr.c                      0x00000000   Number         0  stm32f4xx_hal_pwr.o ABSOLUTE
    stm32f4xx_hal_pwr_ex.c                   0x00000000   Number         0  stm32f4xx_hal_pwr_ex.o ABSOLUTE
    stm32f4xx_hal_rcc.c                      0x00000000   Number         0  stm32f4xx_hal_rcc.o ABSOLUTE
    stm32f4xx_hal_spi.c                      0x00000000   Number         0  stm32f4xx_hal_spi.o ABSOLUTE
    stm32f4xx_hal_tim.c                      0x00000000   Number         0  stm32f4xx_hal_tim.o ABSOLUTE
    stm32f4xx_hal_tim_ex.c                   0x00000000   Number         0  stm32f4xx_hal_tim_ex.o ABSOLUTE
    stm32f4xx_it.c                           0x00000000   Number         0  stm32f4xx_it.o ABSOLUTE
    stm32f4xx_nucleo_144.c                   0x00000000   Number         0  stm32f4xx_nucleo_144.o ABSOLUTE
    system_stm32f4xx.c                       0x00000000   Number         0  system_stm32f4xx.o ABSOLUTE
    terminal.c                               0x00000000   Number         0  terminal.o ABSOLUTE
    testsoftware.c                           0x00000000   Number         0  testsoftware.o ABSOLUTE
    timer.c                                  0x00000000   Number         0  timer.o ABSOLUTE
    RESET                                    0x08000000   Section      428  startup_stm32f429xx.o(RESET)
    .ARM.Collect$$$$00000000                 0x080001ac   Section        0  entry.o(.ARM.Collect$$$$00000000)
    .ARM.Collect$$$$00000001                 0x080001ac   Section        4  entry2.o(.ARM.Collect$$$$00000001)
    .ARM.Collect$$$$00000004                 0x080001b0   Section        4  entry5.o(.ARM.Collect$$$$00000004)
    .ARM.Collect$$$$00000008                 0x080001b4   Section        0  entry7b.o(.ARM.Collect$$$$00000008)
    .ARM.Collect$$$$0000000A                 0x080001b4   Section        0  entry8b.o(.ARM.Collect$$$$0000000A)
    .ARM.Collect$$$$0000000B                 0x080001b4   Section        8  entry9a.o(.ARM.Collect$$$$0000000B)
    __lit__00000000                          0x080001bc   Data           4  entry2.o(.ARM.Collect$$$$00002712)
    .ARM.Collect$$$$0000000D                 0x080001bc   Section        0  entry10a.o(.ARM.Collect$$$$0000000D)
    .ARM.Collect$$$$0000000F                 0x080001bc   Section        0  entry11a.o(.ARM.Collect$$$$0000000F)
    .ARM.Collect$$$$00002712                 0x080001bc   Section        4  entry2.o(.ARM.Collect$$$$00002712)
    $v0                                      0x080001c0   Number         0  startup_stm32f429xx.o(.text)
    .text                                    0x080001c0   Section       36  startup_stm32f429xx.o(.text)
    .text                                    0x080001e4   Section        0  uldiv.o(.text)
    .text                                    0x08000246   Section        0  ldiv.o(.text)
    .text                                    0x080002a8   Section        0  memcpya.o(.text)
    .text                                    0x080002cc   Section        0  memseta.o(.text)
    .text                                    0x080002f0   Section        0  strlen.o(.text)
    .text                                    0x080002fe   Section        0  dfltui.o(.text)
    .text                                    0x08000318   Section        0  dfixi.o(.text)
    .text                                    0x08000356   Section        0  uidiv.o(.text)
    .text                                    0x08000382   Section        0  llshl.o(.text)
    .text                                    0x080003a0   Section        0  llushr.o(.text)
    .text                                    0x080003c0   Section        0  iusefp.o(.text)
    .text                                    0x080003c0   Section        0  depilogue.o(.text)
    .text                                    0x0800047a   Section        0  dsqrt.o(.text)
    .text                                    0x0800051c   Section       36  init.o(.text)
    [Anonymous Symbol]                       0x08000540   Section        0  stm32f4xx_it.o(.text.BusFault_Handler)
    [Anonymous Symbol]                       0x08000544   Section        0  input.o(.text.COMread)
    [Anonymous Symbol]                       0x080005b8   Section        0  stm32f4xx_it.o(.text.DebugMon_Handler)
    [Anonymous Symbol]                       0x080005bc   Section        0  lcd_tools.o(.text.Driver_Delay_ms)
    [Anonymous Symbol]                       0x080005c4   Section        0  lcd_tools.o(.text.Driver_Delay_us)
    [Anonymous Symbol]                       0x080005c8   Section        0  stm32f4xx_it.o(.text.ETH_IRQHandler)
    [Anonymous Symbol]                       0x080005d8   Section        0  error.o(.text.Error_Handler)
    [Anonymous Symbol]                       0x08000654   Section        0  lcd_gpio.o(.text.GPIO_Init)
    [Anonymous Symbol]                       0x08000790   Section        0  lcd_gui.o(.text.GUI_WriteLine)
    [Anonymous Symbol]                       0x08000798   Section        0  lcd_gui.o(.text.GUI_clear)
    [Anonymous Symbol]                       0x080007a0   Section        0  lcd_gui.o(.text.GUI_disNum)
    [Anonymous Symbol]                       0x080007f8   Section        0  lcd_gui.o(.text.GUI_disStr)
    [Anonymous Symbol]                       0x08000904   Section        0  lcd_gui.o(.text.GUI_drawRectangle)
    [Anonymous Symbol]                       0x080009d0   Section        0  lcd_gui.o(.text.GUI_init)
    [Anonymous Symbol]                       0x080009e0   Section        0  stm32f4xx_hal.o(.text.HAL_Delay)
    [Anonymous Symbol]                       0x08000a08   Section        0  stm32f4xx_hal_eth.o(.text.HAL_ETH_ErrorCallback)
    [Anonymous Symbol]                       0x08000a0c   Section        0  stm32f4xx_hal_eth.o(.text.HAL_ETH_IRQHandler)
    [Anonymous Symbol]                       0x08000a7c   Section        0  stm32f4xx_hal_eth.o(.text.HAL_ETH_RxCpltCallback)
    [Anonymous Symbol]                       0x08000a80   Section        0  stm32f4xx_hal_eth.o(.text.HAL_ETH_TxCpltCallback)
    [Anonymous Symbol]                       0x08000a84   Section        0  stm32f4xx_hal_gpio.o(.text.HAL_GPIO_DeInit)
    [Anonymous Symbol]                       0x08000b8c   Section        0  stm32f4xx_hal_gpio.o(.text.HAL_GPIO_Init)
    [Anonymous Symbol]                       0x08000d28   Section        0  stm32f4xx_hal_gpio.o(.text.HAL_GPIO_ReadPin)
    [Anonymous Symbol]                       0x08000d34   Section        0  stm32f4xx_hal_gpio.o(.text.HAL_GPIO_TogglePin)
    [Anonymous Symbol]                       0x08000d44   Section        0  stm32f4xx_hal_gpio.o(.text.HAL_GPIO_WritePin)
    [Anonymous Symbol]                       0x08000d50   Section        0  stm32f4xx_hal.o(.text.HAL_GetTick)
    [Anonymous Symbol]                       0x08000d5c   Section        0  stm32f4xx_hal.o(.text.HAL_IncTick)
    [Anonymous Symbol]                       0x08000d78   Section        0  stm32f4xx_hal.o(.text.HAL_Init)
    [Anonymous Symbol]                       0x08000da8   Section        0  stm32f4xx_hal.o(.text.HAL_InitTick)
    [Anonymous Symbol]                       0x08000df8   Section        0  stm32f4xx_hal.o(.text.HAL_MspInit)
    [Anonymous Symbol]                       0x08000dfc   Section        0  stm32f4xx_hal_cortex.o(.text.HAL_NVIC_DisableIRQ)
    [Anonymous Symbol]                       0x08000e24   Section        0  stm32f4xx_hal_cortex.o(.text.HAL_NVIC_SetPriority)
    [Anonymous Symbol]                       0x08000e7c   Section        0  stm32f4xx_hal_cortex.o(.text.HAL_NVIC_SetPriorityGrouping)
    [Anonymous Symbol]                       0x08000e9c   Section        0  stm32f4xx_hal_pwr_ex.o(.text.HAL_PWREx_EnableOverDrive)
    [Anonymous Symbol]                       0x08000f18   Section        0  stm32f4xx_hal_rcc.o(.text.HAL_RCC_ClockConfig)
    [Anonymous Symbol]                       0x08001078   Section        0  stm32f4xx_hal_rcc.o(.text.HAL_RCC_GetPCLK1Freq)
    [Anonymous Symbol]                       0x080010a0   Section        0  stm32f4xx_hal_rcc.o(.text.HAL_RCC_GetSysClockFreq)
    [Anonymous Symbol]                       0x0800110c   Section        0  stm32f4xx_hal_rcc.o(.text.HAL_RCC_OscConfig)
    [Anonymous Symbol]                       0x08001440   Section        0  stm32f4xx_hal_cortex.o(.text.HAL_SYSTICK_Config)
    [Anonymous Symbol]                       0x0800146c   Section        0  stm32f4xx_hal_tim_ex.o(.text.HAL_TIMEx_MasterConfigSynchronization)
    [Anonymous Symbol]                       0x08001524   Section        0  stm32f4xx_hal_tim.o(.text.HAL_TIM_PWM_ConfigChannel)
    [Anonymous Symbol]                       0x08001738   Section        0  stm32f4xx_hal_tim.o(.text.HAL_TIM_PWM_Init)
    [Anonymous Symbol]                       0x08001770   Section        0  lcd_tim.o(.text.HAL_TIM_PWM_MspInit)
    [Anonymous Symbol]                       0x080017a8   Section        0  stm32f4xx_hal_tim.o(.text.HAL_TIM_PWM_Start)
    [Anonymous Symbol]                       0x080017f4   Section        0  stm32f4xx_it.o(.text.HardFault_Handler)
    [Anonymous Symbol]                       0x080017f8   Section        0  lcd_tools.o(.text.LCDErrHandler)
    [Anonymous Symbol]                       0x08001874   Section        0  lcd_driver.o(.text.LCD_WriteLine)
    [Anonymous Symbol]                       0x08001928   Section        0  lcd_driver.o(.text.LCD_clear)
    [Anonymous Symbol]                       0x0800193c   Section        0  lcd_driver.o(.text.LCD_fillRectangleBW)
    [Anonymous Symbol]                       0x08001a7c   Section        0  lcd_driver.o(.text.LCD_fillRectangleMC)
    [Anonymous Symbol]                       0x08001b40   Section        0  lcd_driver.o(.text.LCD_init)
    LCD_setWindow                            0x08001d95   Thumb Code   508  lcd_driver.o(.text.LCD_setWindow)
    [Anonymous Symbol]                       0x08001d94   Section        0  lcd_driver.o(.text.LCD_setWindow)
    [Anonymous Symbol]                       0x08001f90   Section        0  stm32f4xx_it.o(.text.MemManage_Handler)
    [Anonymous Symbol]                       0x08001f94   Section        0  stm32f4xx_it.o(.text.NMI_Handler)
    [Anonymous Symbol]                       0x08001f98   Section        0  lcd_tim.o(.text.PWM_SetValue)
    [Anonymous Symbol]                       0x08001fc8   Section        0  stm32f4xx_it.o(.text.PendSV_Handler)
    [Anonymous Symbol]                       0x08001fcc   Section        0  lcd_spi.o(.text.SPI4W_Read_Byte)
    [Anonymous Symbol]                       0x08002028   Section        0  lcd_spi.o(.text.SPI4W_Write_Byte)
    [Anonymous Symbol]                       0x0800208c   Section        0  lcd_spi.o(.text.SPIinit)
    [Anonymous Symbol]                       0x08002154   Section        0  lcd_spi.o(.text.SPIsetLCDSpeed)
    [Anonymous Symbol]                       0x08002180   Section        0  lcd_spi.o(.text.SPIsetTPSpeed)
    [Anonymous Symbol]                       0x080021cc   Section        0  stm32f4xx_it.o(.text.SVC_Handler)
    [Anonymous Symbol]                       0x080021d0   Section        0  stm32f4xx_it.o(.text.SysTick_Handler)
    [Anonymous Symbol]                       0x080021d8   Section        0  system_stm32f4xx.o(.text.SystemInit)
    [Anonymous Symbol]                       0x08002230   Section        0  lcd_tim.o(.text.TIM4_Init)
    [Anonymous Symbol]                       0x080022f0   Section        0  stm32f4xx_hal_tim.o(.text.TIM_Base_SetConfig)
    [Anonymous Symbol]                       0x08002414   Section        0  lcd_touch.o(.text.TP_Adjust)
    __arm_cp.1_18                            0x080025c8   Number         4  lcd_touch.o(.text.TP_Adjust)
    __arm_cp.1_19                            0x080025cc   Number         4  lcd_touch.o(.text.TP_Adjust)
    __arm_cp.1_20                            0x080025d0   Number         4  lcd_touch.o(.text.TP_Adjust)
    __arm_cp.1_21                            0x080025d4   Number         4  lcd_touch.o(.text.TP_Adjust)
    __arm_cp.1_22                            0x080025d8   Number         4  lcd_touch.o(.text.TP_Adjust)
    __arm_cp.1_23                            0x080025dc   Number         4  lcd_touch.o(.text.TP_Adjust)
    [Anonymous Symbol]                       0x08002a5c   Section        0  lcd_touch.o(.text.TP_Init)
    TP_Read_ADC_Average                      0x08002ab1   Thumb Code   174  lcd_touch.o(.text.TP_Read_ADC_Average)
    [Anonymous Symbol]                       0x08002ab0   Section        0  lcd_touch.o(.text.TP_Read_ADC_Average)
    [Anonymous Symbol]                       0x08002b60   Section        0  lcd_touch.o(.text.TP_pressed)
    USART3_Control                           0x08002c91   Thumb Code  1680  usart_stm32f4xx.o(.text.USART3_Control)
    [Anonymous Symbol]                       0x08002c90   Section        0  usart_stm32f4xx.o(.text.USART3_Control)
    USART3_GetCapabilities                   0x08003321   Thumb Code     6  usart_stm32f4xx.o(.text.USART3_GetCapabilities)
    [Anonymous Symbol]                       0x08003320   Section        0  usart_stm32f4xx.o(.text.USART3_GetCapabilities)
    USART3_GetModemStatus                    0x08003329   Thumb Code     4  usart_stm32f4xx.o(.text.USART3_GetModemStatus)
    [Anonymous Symbol]                       0x08003328   Section        0  usart_stm32f4xx.o(.text.USART3_GetModemStatus)
    USART3_GetRxCount                        0x0800332d   Thumb Code    12  usart_stm32f4xx.o(.text.USART3_GetRxCount)
    [Anonymous Symbol]                       0x0800332c   Section        0  usart_stm32f4xx.o(.text.USART3_GetRxCount)
    USART3_GetStatus                         0x08003339   Thumb Code   116  usart_stm32f4xx.o(.text.USART3_GetStatus)
    [Anonymous Symbol]                       0x08003338   Section        0  usart_stm32f4xx.o(.text.USART3_GetStatus)
    USART3_GetTxCount                        0x080033ad   Thumb Code    12  usart_stm32f4xx.o(.text.USART3_GetTxCount)
    [Anonymous Symbol]                       0x080033ac   Section        0  usart_stm32f4xx.o(.text.USART3_GetTxCount)
    [Anonymous Symbol]                       0x080033b8   Section        0  usart_stm32f4xx.o(.text.USART3_IRQHandler)
    USART3_Initialize                        0x080033c9   Thumb Code   102  usart_stm32f4xx.o(.text.USART3_Initialize)
    [Anonymous Symbol]                       0x080033c8   Section        0  usart_stm32f4xx.o(.text.USART3_Initialize)
    USART3_PowerControl                      0x08003431   Thumb Code     8  usart_stm32f4xx.o(.text.USART3_PowerControl)
    [Anonymous Symbol]                       0x08003430   Section        0  usart_stm32f4xx.o(.text.USART3_PowerControl)
    USART3_Receive                           0x08003439   Thumb Code   178  usart_stm32f4xx.o(.text.USART3_Receive)
    [Anonymous Symbol]                       0x08003438   Section        0  usart_stm32f4xx.o(.text.USART3_Receive)
    USART3_Send                              0x080034ed   Thumb Code   120  usart_stm32f4xx.o(.text.USART3_Send)
    [Anonymous Symbol]                       0x080034ec   Section        0  usart_stm32f4xx.o(.text.USART3_Send)
    USART3_SetModemControl                   0x08003565   Thumb Code    58  usart_stm32f4xx.o(.text.USART3_SetModemControl)
    [Anonymous Symbol]                       0x08003564   Section        0  usart_stm32f4xx.o(.text.USART3_SetModemControl)
    USART3_Transfer                          0x080035a1   Thumb Code   266  usart_stm32f4xx.o(.text.USART3_Transfer)
    [Anonymous Symbol]                       0x080035a0   Section        0  usart_stm32f4xx.o(.text.USART3_Transfer)
    USART3_Uninitialize                      0x080036ad   Thumb Code   108  usart_stm32f4xx.o(.text.USART3_Uninitialize)
    [Anonymous Symbol]                       0x080036ac   Section        0  usart_stm32f4xx.o(.text.USART3_Uninitialize)
    [Anonymous Symbol]                       0x08003718   Section        0  usart_stm32f4xx.o(.text.USART_IRQHandler)
    USART_PowerControl                       0x08003945   Thumb Code   222  usart_stm32f4xx.o(.text.USART_PowerControl)
    [Anonymous Symbol]                       0x08003944   Section        0  usart_stm32f4xx.o(.text.USART_PowerControl)
    USARTx_GetVersion                        0x08003a25   Thumb Code    10  usart_stm32f4xx.o(.text.USARTx_GetVersion)
    [Anonymous Symbol]                       0x08003a24   Section        0  usart_stm32f4xx.o(.text.USARTx_GetVersion)
    [Anonymous Symbol]                       0x08003a30   Section        0  stm32f4xx_it.o(.text.UsageFault_Handler)
    [Anonymous Symbol]                       0x08003a34   Section        0  basic_checks.o(.text.basicChecks)
    [Anonymous Symbol]                       0x08003c28   Section        0  input.o(.text.checkButton)
    [Anonymous Symbol]                       0x08003c40   Section        0  fontsflash.o(.text.checkVersionFlashFonts)
    [Anonymous Symbol]                       0x08003c58   Section        0  decode.o(.text.compressed8bit)
    [Anonymous Symbol]                       0x08003da4   Section        0  decode.o(.text.decodeAndPrint)
    [Anonymous Symbol]                       0x08003ed8   Section        0  retarget_io.o(.text.fgetc)
    fillBuf                                  0x08003f21   Thumb Code   168  input.o(.text.fillBuf)
    [Anonymous Symbol]                       0x08003f20   Section        0  input.o(.text.fillBuf)
    [Anonymous Symbol]                       0x08003ff4   Section        0  retarget_io.o(.text.fputc)
    [Anonymous Symbol]                       0x08004010   Section        0  init.o(.text.initITSboard)
    [Anonymous Symbol]                       0x08004170   Section        0  input.o(.text.initInput)
    [Anonymous Symbol]                       0x080041ec   Section        0  lcd_tools.o(.text.itoa)
    [Anonymous Symbol]                       0x0800427c   Section        0  lcd.o(.text.lcdPrintS)
    [Anonymous Symbol]                       0x080043bc   Section        0  main.o(.text.main)
    [Anonymous Symbol]                       0x08004410   Section        0  input.o(.text.nextChar)
    [Anonymous Symbol]                       0x08004454   Section        0  input.o(.text.openNextFile)
    [Anonymous Symbol]                       0x08004460   Section        0  lcd_debug.o(.text.printDebugMsg)
    [Anonymous Symbol]                       0x08004500   Section        0  output.o(.text.printLine)
    [Anonymous Symbol]                       0x08004518   Section        0  output.o(.text.resetLCD)
    [Anonymous Symbol]                       0x08004528   Section        0  stdinout_usart.o(.text.stdin_getchar)
    [Anonymous Symbol]                       0x0800455c   Section        0  stdinout_usart.o(.text.stdinout_init)
    [Anonymous Symbol]                       0x080045a0   Section        0  stdinout_usart.o(.text.stdout_putchar)
    [Anonymous Symbol]                       0x080045d4   Section        0  decode.o(.text.uncompressed24bit)
    [Anonymous Symbol]                       0x080046dc   Section        0  decode.o(.text.uncompressed8bit)
    [Anonymous Symbol]                       0x080047a8   Section        0  errorhandler.o(.text.waitOnError)
    i.__0snprintf$3                          0x08004800   Section        0  printf3.o(i.__0snprintf$3)
    i.__hardfp_sqrt                          0x08004834   Section        0  sqrt.o(i.__hardfp_sqrt)
    i.__scatterload_copy                     0x080048ae   Section       14  handlers.o(i.__scatterload_copy)
    i.__scatterload_null                     0x080048bc   Section        2  handlers.o(i.__scatterload_null)
    i.__scatterload_zeroinit                 0x080048be   Section       14  handlers.o(i.__scatterload_zeroinit)
    i.__set_errno                            0x080048cc   Section        0  errno.o(i.__set_errno)
    _printf_core                             0x080048d9   Thumb Code   436  printf3.o(i._printf_core)
    i._printf_core                           0x080048d8   Section        0  printf3.o(i._printf_core)
    _snputc                                  0x08004a91   Thumb Code    22  printf3.o(i._snputc)
    i._snputc                                0x08004a90   Section        0  printf3.o(i._snputc)
    i.free                                   0x08004aa8   Section        0  malloc.o(i.free)
    i.malloc                                 0x08004af8   Section        0  malloc.o(i.malloc)
    USART3_Resources                         0x08004c18   Data          52  usart_stm32f4xx.o(.rodata.USART3_Resources)
    [Anonymous Symbol]                       0x08004c18   Section        0  usart_stm32f4xx.o(.rodata.USART3_Resources)
    USART3_rx                                0x08004c4c   Data          12  usart_stm32f4xx.o(.rodata.USART3_rx)
    [Anonymous Symbol]                       0x08004c4c   Section        0  usart_stm32f4xx.o(.rodata.USART3_rx)
    USART3_tx                                0x08004c58   Data          12  usart_stm32f4xx.o(.rodata.USART3_tx)
    [Anonymous Symbol]                       0x08004c58   Section        0  usart_stm32f4xx.o(.rodata.USART3_tx)
    .L__const.TP_Adjust.crossPos             0x08004c64   Data          16  lcd_touch.o(.rodata.cst16)
    .L.str.3                                 0x08004cdb   Data          30  decode.o(.rodata.str1.1)
    [Anonymous Symbol]                       0x08004cdb   Section        0  decode.o(.rodata.str1.1)
    .L.str.1                                 0x08004cf9   Data          32  decode.o(.rodata.str1.1)
    .L.str                                   0x08004d19   Data          13  decode.o(.rodata.str1.1)
    .L.str.2                                 0x08004d26   Data          30  decode.o(.rodata.str1.1)
    .L.str.10                                0x08004d44   Data          38  basic_checks.o(.rodata.str1.1)
    [Anonymous Symbol]                       0x08004d44   Section        0  basic_checks.o(.rodata.str1.1)
    .L.str.4                                 0x08004d6a   Data          41  basic_checks.o(.rodata.str1.1)
    .L.str.8                                 0x08004d93   Data          49  basic_checks.o(.rodata.str1.1)
    .L.str.6                                 0x08004dc4   Data          39  basic_checks.o(.rodata.str1.1)
    .L.str.5                                 0x08004deb   Data          40  basic_checks.o(.rodata.str1.1)
    .L.str.3                                 0x08004e13   Data          27  basic_checks.o(.rodata.str1.1)
    .L.str.11                                0x08004e2e   Data          58  basic_checks.o(.rodata.str1.1)
    .L.str.9                                 0x08004e68   Data          44  basic_checks.o(.rodata.str1.1)
    .L.str                                   0x08004e94   Data          19  basic_checks.o(.rodata.str1.1)
    .L.str                                   0x08004ea7   Data          37  lcd_gui.o(.rodata.str1.1)
    [Anonymous Symbol]                       0x08004ea7   Section        0  lcd_gui.o(.rodata.str1.1)
    .L.str                                   0x08004ecc   Data          37  lcd_spi.o(.rodata.str1.1)
    [Anonymous Symbol]                       0x08004ecc   Section        0  lcd_spi.o(.rodata.str1.1)
    .L.str                                   0x08004ef1   Data          37  lcd_tim.o(.rodata.str1.1)
    [Anonymous Symbol]                       0x08004ef1   Section        0  lcd_tim.o(.rodata.str1.1)
    .data                                    0x20000000   Section        4  stdin.o(.data)
    .data                                    0x20000004   Section        4  stdout.o(.data)
    .data                                    0x20000008   Section        4  mvars.o(.data)
    .data                                    0x2000000c   Section        4  mvars.o(.data)
    _errno                                   0x20000010   Data           4  errno.o(.data)
    .data                                    0x20000010   Section        4  errno.o(.data)
    crd                                      0x20000020   Data           4  lcd.o(.data.crd)
    [Anonymous Symbol]                       0x20000020   Section        0  lcd.o(.data.crd)
    fontHeight                               0x20000024   Data           4  lcd.o(.data.fontHeight)
    [Anonymous Symbol]                       0x20000024   Section        0  lcd.o(.data.fontHeight)
    fontWidth                                0x20000028   Data           4  lcd.o(.data.fontWidth)
    [Anonymous Symbol]                       0x20000028   Section        0  lcd.o(.data.fontWidth)
    getchar_ch                               0x2000002c   Data           4  retarget_io.o(.data.getchar_ch)
    [Anonymous Symbol]                       0x2000002c   Section        0  retarget_io.o(.data.getchar_ch)
    lcdFont                                  0x20000030   Data           4  lcd.o(.data.lcdFont)
    [Anonymous Symbol]                       0x20000030   Section        0  lcd.o(.data.lcdFont)
    lcdmaxx                                  0x20000034   Data           4  lcd.o(.data.lcdmaxx)
    [Anonymous Symbol]                       0x20000034   Section        0  lcd.o(.data.lcdmaxx)
    lcdmaxy                                  0x20000038   Data           4  lcd.o(.data.lcdmaxy)
    [Anonymous Symbol]                       0x20000038   Section        0  lcd.o(.data.lcdmaxy)
    nextCharPos                              0x2000003c   Data           4  input.o(.data.nextCharPos)
    [Anonymous Symbol]                       0x2000003c   Section        0  input.o(.data.nextCharPos)
    USART3_Info                              0x20000090   Data          20  usart_stm32f4xx.o(.bss.USART3_Info)
    [Anonymous Symbol]                       0x20000090   Section        0  usart_stm32f4xx.o(.bss.USART3_Info)
    USART3_TransferInfo                      0x200000a4   Data          36  usart_stm32f4xx.o(.bss.USART3_TransferInfo)
    [Anonymous Symbol]                       0x200000a4   Section        0  usart_stm32f4xx.o(.bss.USART3_TransferInfo)
    buf                                      0x200000c8   Data         256  errorhandler.o(.bss.buf)
    [Anonymous Symbol]                       0x200000c8   Section        0  errorhandler.o(.bss.buf)
    buf                                      0x200001c8   Data         512  input.o(.bss.buf)
    [Anonymous Symbol]                       0x200001c8   Section        0  input.o(.bss.buf)
    colorTable                               0x200003c8   Data        1024  decode.o(.bss.colorTable)
    [Anonymous Symbol]                       0x200003c8   Section        0  decode.o(.bss.colorTable)
    colors                                   0x200007c8   Data           4  decode.o(.bss.colors)
    [Anonymous Symbol]                       0x200007c8   Section        0  decode.o(.bss.colors)
    fileHeader                               0x200007cc   Data          14  decode.o(.bss.fileHeader)
    [Anonymous Symbol]                       0x200007cc   Section        0  decode.o(.bss.fileHeader)
    getchar_undo                             0x200007dc   Data           1  retarget_io.o(.bss.getchar_undo)
    [Anonymous Symbol]                       0x200007dc   Section        0  retarget_io.o(.bss.getchar_undo)
    htim4                                    0x200007e0   Data          64  lcd_tim.o(.bss.htim4)
    [Anonymous Symbol]                       0x200007e0   Section        0  lcd_tim.o(.bss.htim4)
    infoHeader                               0x20000820   Data          40  decode.o(.bss.infoHeader)
    [Anonymous Symbol]                       0x20000820   Section        0  decode.o(.bss.infoHeader)
    noElemsInBuf                             0x20000848   Data           4  input.o(.bss.noElemsInBuf)
    [Anonymous Symbol]                       0x20000848   Section        0  input.o(.bss.noElemsInBuf)
    sTP_DEV                                  0x20000850   Data          24  lcd_touch.o(.bss.sTP_DEV)
    [Anonymous Symbol]                       0x20000850   Section        0  lcd_touch.o(.bss.sTP_DEV)
    HEAP                                     0x20000870   Section     2048  startup_stm32f429xx.o(HEAP)
    STACK                                    0x20001070   Section     1024  startup_stm32f429xx.o(STACK)

    Global Symbols

    Symbol Name                              Value     Ov Type        Size  Object(Section)

    BuildAttributes$$THM_ISAv4$E$P$D$K$B$S$7EM$VFPi3$EXTD16$VFPS$VFMA$PE$A:L22UL41UL21$X:L11$S22US41US21$IEEE1$IW$~IW$USESV6$~STKCKD$USESV7$~SHL$OTIME$ROPI$IEEEJ$EBA8$MICROLIB$REQ8$PRES8$EABIv2 0x00000000   Number         0  anon$$obj.o ABSOLUTE
    _printf_a                                0x00000000   Number         0  printfstubs.o ABSOLUTE
    _printf_c                                0x00000000   Number         0  printfstubs.o ABSOLUTE
    _printf_charcount                        0x00000000   Number         0  printfstubs.o ABSOLUTE
    _printf_d                                0x00000000   Number         0  printfstubs.o ABSOLUTE
    _printf_e                                0x00000000   Number         0  printfstubs.o ABSOLUTE
    _printf_f                                0x00000000   Number         0  printfstubs.o ABSOLUTE
    _printf_flags                            0x00000000   Number         0  printfstubs.o ABSOLUTE
    _printf_fp_dec                           0x00000000   Number         0  printfstubs.o ABSOLUTE
    _printf_fp_hex                           0x00000000   Number         0  printfstubs.o ABSOLUTE
    _printf_g                                0x00000000   Number         0  printfstubs.o ABSOLUTE
    _printf_i                                0x00000000   Number         0  printfstubs.o ABSOLUTE
    _printf_int_dec                          0x00000000   Number         0  printfstubs.o ABSOLUTE
    _printf_l                                0x00000000   Number         0  printfstubs.o ABSOLUTE
    _printf_lc                               0x00000000   Number         0  printfstubs.o ABSOLUTE
    _printf_ll                               0x00000000   Number         0  printfstubs.o ABSOLUTE
    _printf_lld                              0x00000000   Number         0  printfstubs.o ABSOLUTE
    _printf_lli                              0x00000000   Number         0  printfstubs.o ABSOLUTE
    _printf_llo                              0x00000000   Number         0  printfstubs.o ABSOLUTE
    _printf_llu                              0x00000000   Number         0  printfstubs.o ABSOLUTE
    _printf_llx                              0x00000000   Number         0  printfstubs.o ABSOLUTE
    _printf_longlong_dec                     0x00000000   Number         0  printfstubs.o ABSOLUTE
    _printf_longlong_hex                     0x00000000   Number         0  printfstubs.o ABSOLUTE
    _printf_longlong_oct                     0x00000000   Number         0  printfstubs.o ABSOLUTE
    _printf_ls                               0x00000000   Number         0  printfstubs.o ABSOLUTE
    _printf_mbtowc                           0x00000000   Number         0  printfstubs.o ABSOLUTE
    _printf_n                                0x00000000   Number         0  printfstubs.o ABSOLUTE
    _printf_o                                0x00000000   Number         0  printfstubs.o ABSOLUTE
    _printf_p                                0x00000000   Number         0  printfstubs.o ABSOLUTE
    _printf_percent                          0x00000000   Number         0  printfstubs.o ABSOLUTE
    _printf_pre_padding                      0x00000000   Number         0  printfstubs.o ABSOLUTE
    _printf_return_value                     0x00000000   Number         0  printfstubs.o ABSOLUTE
    _printf_s                                0x00000000   Number         0  printfstubs.o ABSOLUTE
    _printf_sizespec                         0x00000000   Number         0  printfstubs.o ABSOLUTE
    _printf_str                              0x00000000   Number         0  printfstubs.o ABSOLUTE
    _printf_truncate_signed                  0x00000000   Number         0  printfstubs.o ABSOLUTE
    _printf_truncate_unsigned                0x00000000   Number         0  printfstubs.o ABSOLUTE
    _printf_u                                0x00000000   Number         0  printfstubs.o ABSOLUTE
    _printf_wc                               0x00000000   Number         0  printfstubs.o ABSOLUTE
    _printf_wctomb                           0x00000000   Number         0  printfstubs.o ABSOLUTE
    _printf_widthprec                        0x00000000   Number         0  printfstubs.o ABSOLUTE
    _printf_x                                0x00000000   Number         0  printfstubs.o ABSOLUTE
    __cpp_initialize__aeabi_                  - Undefined Weak Reference
    __cxa_finalize                            - Undefined Weak Reference
    __decompress                              - Undefined Weak Reference
    _clock_init                               - Undefined Weak Reference
    _microlib_exit                            - Undefined Weak Reference
    __Vectors_Size                           0x000001ac   Number         0  startup_stm32f429xx.o ABSOLUTE
    __Vectors                                0x08000000   Data           4  startup_stm32f429xx.o(RESET)
    __Vectors_End                            0x080001ac   Data           0  startup_stm32f429xx.o(RESET)
    __main                                   0x080001ad   Thumb Code     0  entry.o(.ARM.Collect$$$$00000000)
    _main_stk                                0x080001ad   Thumb Code     0  entry2.o(.ARM.Collect$$$$00000001)
    _main_scatterload                        0x080001b1   Thumb Code     0  entry5.o(.ARM.Collect$$$$00000004)
    __main_after_scatterload                 0x080001b5   Thumb Code     0  entry5.o(.ARM.Collect$$$$00000004)
    _main_clock                              0x080001b5   Thumb Code     0  entry7b.o(.ARM.Collect$$$$00000008)
    _main_cpp_init                           0x080001b5   Thumb Code     0  entry8b.o(.ARM.Collect$$$$0000000A)
    _main_init                               0x080001b5   Thumb Code     0  entry9a.o(.ARM.Collect$$$$0000000B)
    __rt_final_cpp                           0x080001bd   Thumb Code     0  entry10a.o(.ARM.Collect$$$$0000000D)
    __rt_final_exit                          0x080001bd   Thumb Code     0  entry11a.o(.ARM.Collect$$$$0000000F)
    Reset_Handler                            0x080001c1   Thumb Code     8  startup_stm32f429xx.o(.text)
    ADC_IRQHandler                           0x080001db   Thumb Code     0  startup_stm32f429xx.o(.text)
    CAN1_RX0_IRQHandler                      0x080001db   Thumb Code     0  startup_stm32f429xx.o(.text)
    CAN1_RX1_IRQHandler                      0x080001db   Thumb Code     0  startup_stm32f429xx.o(.text)
    CAN1_SCE_IRQHandler                      0x080001db   Thumb Code     0  startup_stm32f429xx.o(.text)
    CAN1_TX_IRQHandler                       0x080001db   Thumb Code     0  startup_stm32f429xx.o(.text)
    CAN2_RX0_IRQHandler                      0x080001db   Thumb Code     0  startup_stm32f429xx.o(.text)
    CAN2_RX1_IRQHandler                      0x080001db   Thumb Code     0  startup_stm32f429xx.o(.text)
    CAN2_SCE_IRQHandler                      0x080001db   Thumb Code     0  startup_stm32f429xx.o(.text)
    CAN2_TX_IRQHandler                       0x080001db   Thumb Code     0  startup_stm32f429xx.o(.text)
    DCMI_IRQHandler                          0x080001db   Thumb Code     0  startup_stm32f429xx.o(.text)
    DMA1_Stream0_IRQHandler                  0x080001db   Thumb Code     0  startup_stm32f429xx.o(.text)
    DMA1_Stream1_IRQHandler                  0x080001db   Thumb Code     0  startup_stm32f429xx.o(.text)
    DMA1_Stream2_IRQHandler                  0x080001db   Thumb Code     0  startup_stm32f429xx.o(.text)
    DMA1_Stream3_IRQHandler                  0x080001db   Thumb Code     0  startup_stm32f429xx.o(.text)
    DMA1_Stream4_IRQHandler                  0x080001db   Thumb Code     0  startup_stm32f429xx.o(.text)
    DMA1_Stream5_IRQHandler                  0x080001db   Thumb Code     0  startup_stm32f429xx.o(.text)
    DMA1_Stream6_IRQHandler                  0x080001db   Thumb Code     0  startup_stm32f429xx.o(.text)
    DMA1_Stream7_IRQHandler                  0x080001db   Thumb Code     0  startup_stm32f429xx.o(.text)
    DMA2D_IRQHandler                         0x080001db   Thumb Code     0  startup_stm32f429xx.o(.text)
    DMA2_Stream0_IRQHandler                  0x080001db   Thumb Code     0  startup_stm32f429xx.o(.text)
    DMA2_Stream1_IRQHandler                  0x080001db   Thumb Code     0  startup_stm32f429xx.o(.text)
    DMA2_Stream2_IRQHandler                  0x080001db   Thumb Code     0  startup_stm32f429xx.o(.text)
    DMA2_Stream3_IRQHandler                  0x080001db   Thumb Code     0  startup_stm32f429xx.o(.text)
    DMA2_Stream4_IRQHandler                  0x080001db   Thumb Code     0  startup_stm32f429xx.o(.text)
    DMA2_Stream5_IRQHandler                  0x080001db   Thumb Code     0  startup_stm32f429xx.o(.text)
    DMA2_Stream6_IRQHandler                  0x080001db   Thumb Code     0  startup_stm32f429xx.o(.text)
    DMA2_Stream7_IRQHandler                  0x080001db   Thumb Code     0  startup_stm32f429xx.o(.text)
    ETH_WKUP_IRQHandler                      0x080001db   Thumb Code     0  startup_stm32f429xx.o(.text)
    EXTI0_IRQHandler                         0x080001db   Thumb Code     0  startup_stm32f429xx.o(.text)
    EXTI15_10_IRQHandler                     0x080001db   Thumb Code     0  startup_stm32f429xx.o(.text)
    EXTI1_IRQHandler                         0x080001db   Thumb Code     0  startup_stm32f429xx.o(.text)
    EXTI2_IRQHandler                         0x080001db   Thumb Code     0  startup_stm32f429xx.o(.text)
    EXTI3_IRQHandler                         0x080001db   Thumb Code     0  startup_stm32f429xx.o(.text)
    EXTI4_IRQHandler                         0x080001db   Thumb Code     0  startup_stm32f429xx.o(.text)
    EXTI9_5_IRQHandler                       0x080001db   Thumb Code     0  startup_stm32f429xx.o(.text)
    FLASH_IRQHandler                         0x080001db   Thumb Code     0  startup_stm32f429xx.o(.text)
    FMC_IRQHandler                           0x080001db   Thumb Code     0  startup_stm32f429xx.o(.text)
    FPU_IRQHandler                           0x080001db   Thumb Code     0  startup_stm32f429xx.o(.text)
    HASH_RNG_IRQHandler                      0x080001db   Thumb Code     0  startup_stm32f429xx.o(.text)
    I2C1_ER_IRQHandler                       0x080001db   Thumb Code     0  startup_stm32f429xx.o(.text)
    I2C1_EV_IRQHandler                       0x080001db   Thumb Code     0  startup_stm32f429xx.o(.text)
    I2C2_ER_IRQHandler                       0x080001db   Thumb Code     0  startup_stm32f429xx.o(.text)
    I2C2_EV_IRQHandler                       0x080001db   Thumb Code     0  startup_stm32f429xx.o(.text)
    I2C3_ER_IRQHandler                       0x080001db   Thumb Code     0  startup_stm32f429xx.o(.text)
    I2C3_EV_IRQHandler                       0x080001db   Thumb Code     0  startup_stm32f429xx.o(.text)
    LTDC_ER_IRQHandler                       0x080001db   Thumb Code     0  startup_stm32f429xx.o(.text)
    LTDC_IRQHandler                          0x080001db   Thumb Code     0  startup_stm32f429xx.o(.text)
    OTG_FS_IRQHandler                        0x080001db   Thumb Code     0  startup_stm32f429xx.o(.text)
    OTG_FS_WKUP_IRQHandler                   0x080001db   Thumb Code     0  startup_stm32f429xx.o(.text)
    OTG_HS_EP1_IN_IRQHandler                 0x080001db   Thumb Code     0  startup_stm32f429xx.o(.text)
    OTG_HS_EP1_OUT_IRQHandler                0x080001db   Thumb Code     0  startup_stm32f429xx.o(.text)
    OTG_HS_IRQHandler                        0x080001db   Thumb Code     0  startup_stm32f429xx.o(.text)
    OTG_HS_WKUP_IRQHandler                   0x080001db   Thumb Code     0  startup_stm32f429xx.o(.text)
    PVD_IRQHandler                           0x080001db   Thumb Code     0  startup_stm32f429xx.o(.text)
    RCC_IRQHandler                           0x080001db   Thumb Code     0  startup_stm32f429xx.o(.text)
    RTC_Alarm_IRQHandler                     0x080001db   Thumb Code     0  startup_stm32f429xx.o(.text)
    RTC_WKUP_IRQHandler                      0x080001db   Thumb Code     0  startup_stm32f429xx.o(.text)
    SAI1_IRQHandler                          0x080001db   Thumb Code     0  startup_stm32f429xx.o(.text)
    SDIO_IRQHandler                          0x080001db   Thumb Code     0  startup_stm32f429xx.o(.text)
    SPI1_IRQHandler                          0x080001db   Thumb Code     0  startup_stm32f429xx.o(.text)
    SPI2_IRQHandler                          0x080001db   Thumb Code     0  startup_stm32f429xx.o(.text)
    SPI3_IRQHandler                          0x080001db   Thumb Code     0  startup_stm32f429xx.o(.text)
    SPI4_IRQHandler                          0x080001db   Thumb Code     0  startup_stm32f429xx.o(.text)
    SPI5_IRQHandler                          0x080001db   Thumb Code     0  startup_stm32f429xx.o(.text)
    SPI6_IRQHandler                          0x080001db   Thumb Code     0  startup_stm32f429xx.o(.text)
    TAMP_STAMP_IRQHandler                    0x080001db   Thumb Code     0  startup_stm32f429xx.o(.text)
    TIM1_BRK_TIM9_IRQHandler                 0x080001db   Thumb Code     0  startup_stm32f429xx.o(.text)
    TIM1_CC_IRQHandler                       0x080001db   Thumb Code     0  startup_stm32f429xx.o(.text)
    TIM1_TRG_COM_TIM11_IRQHandler            0x080001db   Thumb Code     0  startup_stm32f429xx.o(.text)
    TIM1_UP_TIM10_IRQHandler                 0x080001db   Thumb Code     0  startup_stm32f429xx.o(.text)
    TIM2_IRQHandler                          0x080001db   Thumb Code     0  startup_stm32f429xx.o(.text)
    TIM3_IRQHandler                          0x080001db   Thumb Code     0  startup_stm32f429xx.o(.text)
    TIM4_IRQHandler                          0x080001db   Thumb Code     0  startup_stm32f429xx.o(.text)
    TIM5_IRQHandler                          0x080001db   Thumb Code     0  startup_stm32f429xx.o(.text)
    TIM6_DAC_IRQHandler                      0x080001db   Thumb Code     0  startup_stm32f429xx.o(.text)
    TIM7_IRQHandler                          0x080001db   Thumb Code     0  startup_stm32f429xx.o(.text)
    TIM8_BRK_TIM12_IRQHandler                0x080001db   Thumb Code     0  startup_stm32f429xx.o(.text)
    TIM8_CC_IRQHandler                       0x080001db   Thumb Code     0  startup_stm32f429xx.o(.text)
    TIM8_TRG_COM_TIM14_IRQHandler            0x080001db   Thumb Code     0  startup_stm32f429xx.o(.text)
    TIM8_UP_TIM13_IRQHandler                 0x080001db   Thumb Code     0  startup_stm32f429xx.o(.text)
    UART4_IRQHandler                         0x080001db   Thumb Code     0  startup_stm32f429xx.o(.text)
    UART5_IRQHandler                         0x080001db   Thumb Code     0  startup_stm32f429xx.o(.text)
    UART7_IRQHandler                         0x080001db   Thumb Code     0  startup_stm32f429xx.o(.text)
    UART8_IRQHandler                         0x080001db   Thumb Code     0  startup_stm32f429xx.o(.text)
    USART1_IRQHandler                        0x080001db   Thumb Code     0  startup_stm32f429xx.o(.text)
    USART2_IRQHandler                        0x080001db   Thumb Code     0  startup_stm32f429xx.o(.text)
    USART6_IRQHandler                        0x080001db   Thumb Code     0  startup_stm32f429xx.o(.text)
    WWDG_IRQHandler                          0x080001db   Thumb Code     0  startup_stm32f429xx.o(.text)
    __aeabi_uldivmod                         0x080001e5   Thumb Code    98  uldiv.o(.text)
    __aeabi_ldivmod                          0x08000247   Thumb Code    98  ldiv.o(.text)
    __aeabi_memcpy                           0x080002a9   Thumb Code    36  memcpya.o(.text)
    __aeabi_memcpy4                          0x080002a9   Thumb Code     0  memcpya.o(.text)
    __aeabi_memcpy8                          0x080002a9   Thumb Code     0  memcpya.o(.text)
    __aeabi_memset                           0x080002cd   Thumb Code    14  memseta.o(.text)
    __aeabi_memset4                          0x080002cd   Thumb Code     0  memseta.o(.text)
    __aeabi_memset8                          0x080002cd   Thumb Code     0  memseta.o(.text)
    __aeabi_memclr                           0x080002db   Thumb Code     4  memseta.o(.text)
    __aeabi_memclr4                          0x080002db   Thumb Code     0  memseta.o(.text)
    __aeabi_memclr8                          0x080002db   Thumb Code     0  memseta.o(.text)
    _memset$wrapper                          0x080002df   Thumb Code    18  memseta.o(.text)
    strlen                                   0x080002f1   Thumb Code    14  strlen.o(.text)
    __aeabi_ui2d                             0x080002ff   Thumb Code    26  dfltui.o(.text)
    __aeabi_d2iz                             0x08000319   Thumb Code    62  dfixi.o(.text)
    __aeabi_uidiv                            0x08000357   Thumb Code     0  uidiv.o(.text)
    __aeabi_uidivmod                         0x08000357   Thumb Code    44  uidiv.o(.text)
    __aeabi_llsl                             0x08000383   Thumb Code    30  llshl.o(.text)
    _ll_shift_l                              0x08000383   Thumb Code     0  llshl.o(.text)
    __aeabi_llsr                             0x080003a1   Thumb Code    32  llushr.o(.text)
    _ll_ushift_r                             0x080003a1   Thumb Code     0  llushr.o(.text)
    __I$use$fp                               0x080003c1   Thumb Code     0  iusefp.o(.text)
    _double_round                            0x080003c1   Thumb Code    30  depilogue.o(.text)
    _double_epilogue                         0x080003df   Thumb Code   156  depilogue.o(.text)
    _dsqrt                                   0x0800047b   Thumb Code   162  dsqrt.o(.text)
    __scatterload                            0x0800051d   Thumb Code    28  init.o(.text)
    __scatterload_rt2                        0x0800051d   Thumb Code     0  init.o(.text)
    BusFault_Handler                         0x08000541   Thumb Code     2  stm32f4xx_it.o(.text.BusFault_Handler)
    COMread                                  0x08000545   Thumb Code   116  input.o(.text.COMread)
    DebugMon_Handler                         0x080005b9   Thumb Code     2  stm32f4xx_it.o(.text.DebugMon_Handler)
    Driver_Delay_ms                          0x080005bd   Thumb Code     8  lcd_tools.o(.text.Driver_Delay_ms)
    Driver_Delay_us                          0x080005c5   Thumb Code     2  lcd_tools.o(.text.Driver_Delay_us)
    ETH_IRQHandler                           0x080005c9   Thumb Code    16  stm32f4xx_it.o(.text.ETH_IRQHandler)
    Error_Handler                            0x080005d9   Thumb Code   122  error.o(.text.Error_Handler)
    GPIO_Init                                0x08000655   Thumb Code   316  lcd_gpio.o(.text.GPIO_Init)
    GUI_WriteLine                            0x08000791   Thumb Code     8  lcd_gui.o(.text.GUI_WriteLine)
    GUI_clear                                0x08000799   Thumb Code     8  lcd_gui.o(.text.GUI_clear)
    GUI_disNum                               0x080007a1   Thumb Code    86  lcd_gui.o(.text.GUI_disNum)
    GUI_disStr                               0x080007f9   Thumb Code   268  lcd_gui.o(.text.GUI_disStr)
    GUI_drawRectangle                        0x08000905   Thumb Code   204  lcd_gui.o(.text.GUI_drawRectangle)
    GUI_init                                 0x080009d1   Thumb Code    16  lcd_gui.o(.text.GUI_init)
    HAL_Delay                                0x080009e1   Thumb Code    40  stm32f4xx_hal.o(.text.HAL_Delay)
    HAL_ETH_ErrorCallback                    0x08000a09   Thumb Code     2  stm32f4xx_hal_eth.o(.text.HAL_ETH_ErrorCallback)
    HAL_ETH_IRQHandler                       0x08000a0d   Thumb Code   110  stm32f4xx_hal_eth.o(.text.HAL_ETH_IRQHandler)
    HAL_ETH_RxCpltCallback                   0x08000a7d   Thumb Code     2  stm32f4xx_hal_eth.o(.text.HAL_ETH_RxCpltCallback)
    HAL_ETH_TxCpltCallback                   0x08000a81   Thumb Code     2  stm32f4xx_hal_eth.o(.text.HAL_ETH_TxCpltCallback)
    HAL_GPIO_DeInit                          0x08000a85   Thumb Code   262  stm32f4xx_hal_gpio.o(.text.HAL_GPIO_DeInit)
    HAL_GPIO_Init                            0x08000b8d   Thumb Code   412  stm32f4xx_hal_gpio.o(.text.HAL_GPIO_Init)
    HAL_GPIO_ReadPin                         0x08000d29   Thumb Code    10  stm32f4xx_hal_gpio.o(.text.HAL_GPIO_ReadPin)
    HAL_GPIO_TogglePin                       0x08000d35   Thumb Code    14  stm32f4xx_hal_gpio.o(.text.HAL_GPIO_TogglePin)
    HAL_GPIO_WritePin                        0x08000d45   Thumb Code    10  stm32f4xx_hal_gpio.o(.text.HAL_GPIO_WritePin)
    HAL_GetTick                              0x08000d51   Thumb Code    12  stm32f4xx_hal.o(.text.HAL_GetTick)
    HAL_IncTick                              0x08000d5d   Thumb Code    26  stm32f4xx_hal.o(.text.HAL_IncTick)
    HAL_Init                                 0x08000d79   Thumb Code    46  stm32f4xx_hal.o(.text.HAL_Init)
    HAL_InitTick                             0x08000da9   Thumb Code    80  stm32f4xx_hal.o(.text.HAL_InitTick)
    HAL_MspInit                              0x08000df9   Thumb Code     2  stm32f4xx_hal.o(.text.HAL_MspInit)
    HAL_NVIC_DisableIRQ                      0x08000dfd   Thumb Code    40  stm32f4xx_hal_cortex.o(.text.HAL_NVIC_DisableIRQ)
    HAL_NVIC_SetPriority                     0x08000e25   Thumb Code    86  stm32f4xx_hal_cortex.o(.text.HAL_NVIC_SetPriority)
    HAL_NVIC_SetPriorityGrouping             0x08000e7d   Thumb Code    32  stm32f4xx_hal_cortex.o(.text.HAL_NVIC_SetPriorityGrouping)
    HAL_PWREx_EnableOverDrive                0x08000e9d   Thumb Code   122  stm32f4xx_hal_pwr_ex.o(.text.HAL_PWREx_EnableOverDrive)
    HAL_RCC_ClockConfig                      0x08000f19   Thumb Code   352  stm32f4xx_hal_rcc.o(.text.HAL_RCC_ClockConfig)
    HAL_RCC_GetPCLK1Freq                     0x08001079   Thumb Code    38  stm32f4xx_hal_rcc.o(.text.HAL_RCC_GetPCLK1Freq)
    HAL_RCC_GetSysClockFreq                  0x080010a1   Thumb Code   106  stm32f4xx_hal_rcc.o(.text.HAL_RCC_GetSysClockFreq)
    HAL_RCC_OscConfig                        0x0800110d   Thumb Code   820  stm32f4xx_hal_rcc.o(.text.HAL_RCC_OscConfig)
    HAL_SYSTICK_Config                       0x08001441   Thumb Code    44  stm32f4xx_hal_cortex.o(.text.HAL_SYSTICK_Config)
    HAL_TIMEx_MasterConfigSynchronization    0x0800146d   Thumb Code   184  stm32f4xx_hal_tim_ex.o(.text.HAL_TIMEx_MasterConfigSynchronization)
    HAL_TIM_PWM_ConfigChannel                0x08001525   Thumb Code   532  stm32f4xx_hal_tim.o(.text.HAL_TIM_PWM_ConfigChannel)
    HAL_TIM_PWM_Init                         0x08001739   Thumb Code    54  stm32f4xx_hal_tim.o(.text.HAL_TIM_PWM_Init)
    HAL_TIM_PWM_MspInit                      0x08001771   Thumb Code    54  lcd_tim.o(.text.HAL_TIM_PWM_MspInit)
    HAL_TIM_PWM_Start                        0x080017a9   Thumb Code    76  stm32f4xx_hal_tim.o(.text.HAL_TIM_PWM_Start)
    HardFault_Handler                        0x080017f5   Thumb Code     2  stm32f4xx_it.o(.text.HardFault_Handler)
    LCDErrHandler                            0x080017f9   Thumb Code   122  lcd_tools.o(.text.LCDErrHandler)
    LCD_WriteLine                            0x08001875   Thumb Code   180  lcd_driver.o(.text.LCD_WriteLine)
    LCD_clear                                0x08001929   Thumb Code    20  lcd_driver.o(.text.LCD_clear)
    LCD_fillRectangleBW                      0x0800193d   Thumb Code   318  lcd_driver.o(.text.LCD_fillRectangleBW)
    LCD_fillRectangleMC                      0x08001a7d   Thumb Code   196  lcd_driver.o(.text.LCD_fillRectangleMC)
    LCD_init                                 0x08001b41   Thumb Code   594  lcd_driver.o(.text.LCD_init)
    MemManage_Handler                        0x08001f91   Thumb Code     2  stm32f4xx_it.o(.text.MemManage_Handler)
    NMI_Handler                              0x08001f95   Thumb Code     2  stm32f4xx_it.o(.text.NMI_Handler)
    PWM_SetValue                             0x08001f99   Thumb Code    46  lcd_tim.o(.text.PWM_SetValue)
    PendSV_Handler                           0x08001fc9   Thumb Code     2  stm32f4xx_it.o(.text.PendSV_Handler)
    SPI4W_Read_Byte                          0x08001fcd   Thumb Code    92  lcd_spi.o(.text.SPI4W_Read_Byte)
    SPI4W_Write_Byte                         0x08002029   Thumb Code    98  lcd_spi.o(.text.SPI4W_Write_Byte)
    SPIinit                                  0x0800208d   Thumb Code   198  lcd_spi.o(.text.SPIinit)
    SPIsetLCDSpeed                           0x08002155   Thumb Code    44  lcd_spi.o(.text.SPIsetLCDSpeed)
    SPIsetTPSpeed                            0x08002181   Thumb Code    74  lcd_spi.o(.text.SPIsetTPSpeed)
    SVC_Handler                              0x080021cd   Thumb Code     2  stm32f4xx_it.o(.text.SVC_Handler)
    SysTick_Handler                          0x080021d1   Thumb Code     8  stm32f4xx_it.o(.text.SysTick_Handler)
    SystemInit                               0x080021d9   Thumb Code    86  system_stm32f4xx.o(.text.SystemInit)
    TIM4_Init                                0x08002231   Thumb Code   192  lcd_tim.o(.text.TIM4_Init)
    TIM_Base_SetConfig                       0x080022f1   Thumb Code   292  stm32f4xx_hal_tim.o(.text.TIM_Base_SetConfig)
    TP_Adjust                                0x08002415   Thumb Code  1436  lcd_touch.o(.text.TP_Adjust)
    TP_Init                                  0x08002a5d   Thumb Code    84  lcd_touch.o(.text.TP_Init)
    TP_pressed                               0x08002b61   Thumb Code   304  lcd_touch.o(.text.TP_pressed)
    USART3_IRQHandler                        0x080033b9   Thumb Code    16  usart_stm32f4xx.o(.text.USART3_IRQHandler)
    USART_IRQHandler                         0x08003719   Thumb Code   554  usart_stm32f4xx.o(.text.USART_IRQHandler)
    UsageFault_Handler                       0x08003a31   Thumb Code     2  stm32f4xx_it.o(.text.UsageFault_Handler)
    basicChecks                              0x08003a35   Thumb Code   368  basic_checks.o(.text.basicChecks)
    checkButton                              0x08003c29   Thumb Code    24  input.o(.text.checkButton)
    checkVersionFlashFonts                   0x08003c41   Thumb Code    24  fontsflash.o(.text.checkVersionFlashFonts)
    compressed8bit                           0x08003c59   Thumb Code   330  decode.o(.text.compressed8bit)
    decodeAndPrint                           0x08003da5   Thumb Code   308  decode.o(.text.decodeAndPrint)
    fgetc                                    0x08003ed9   Thumb Code    72  retarget_io.o(.text.fgetc)
    fputc                                    0x08003ff5   Thumb Code    26  retarget_io.o(.text.fputc)
    initITSboard                             0x08004011   Thumb Code   352  init.o(.text.initITSboard)
    initInput                                0x08004171   Thumb Code    92  input.o(.text.initInput)
    itoa                                     0x080041ed   Thumb Code   142  lcd_tools.o(.text.itoa)
    lcdPrintS                                0x0800427d   Thumb Code   320  lcd.o(.text.lcdPrintS)
    main                                     0x080043bd   Thumb Code    84  main.o(.text.main)
    nextChar                                 0x08004411   Thumb Code    68  input.o(.text.nextChar)
    openNextFile                             0x08004455   Thumb Code    10  input.o(.text.openNextFile)
    printDebugMsg                            0x08004461   Thumb Code   128  lcd_debug.o(.text.printDebugMsg)
    printLine                                0x08004501   Thumb Code    22  output.o(.text.printLine)
    resetLCD                                 0x08004519   Thumb Code    14  output.o(.text.resetLCD)
    stdin_getchar                            0x08004529   Thumb Code    50  stdinout_usart.o(.text.stdin_getchar)
    stdinout_init                            0x0800455d   Thumb Code    68  stdinout_usart.o(.text.stdinout_init)
    stdout_putchar                           0x080045a1   Thumb Code    52  stdinout_usart.o(.text.stdout_putchar)
    uncompressed24bit                        0x080045d5   Thumb Code   228  decode.o(.text.uncompressed24bit)
    uncompressed8bit                         0x080046dd   Thumb Code   204  decode.o(.text.uncompressed8bit)
    waitOnError                              0x080047a9   Thumb Code    56  errorhandler.o(.text.waitOnError)
    __0snprintf$3                            0x08004801   Thumb Code    48  printf3.o(i.__0snprintf$3)
    __1snprintf$3                            0x08004801   Thumb Code     0  printf3.o(i.__0snprintf$3)
    __2snprintf                              0x08004801   Thumb Code     0  printf3.o(i.__0snprintf$3)
    __hardfp_sqrt                            0x08004835   Thumb Code   122  sqrt.o(i.__hardfp_sqrt)
    __scatterload_copy                       0x080048af   Thumb Code    14  handlers.o(i.__scatterload_copy)
    __scatterload_null                       0x080048bd   Thumb Code     2  handlers.o(i.__scatterload_null)
    __scatterload_zeroinit                   0x080048bf   Thumb Code    14  handlers.o(i.__scatterload_zeroinit)
    __set_errno                              0x080048cd   Thumb Code     6  errno.o(i.__set_errno)
    free                                     0x08004aa9   Thumb Code    76  malloc.o(i.free)
    malloc                                   0x08004af9   Thumb Code    92  malloc.o(i.malloc)
    AHBPrescTable                            0x08004b64   Data          16  system_stm32f4xx.o(.rodata.AHBPrescTable)
    APBPrescTable                            0x08004b74   Data           8  system_stm32f4xx.o(.rodata.APBPrescTable)
    Cross                                    0x08004b7c   Data         100  lcd_touch.o(.rodata.Cross)
    Driver_USART3                            0x08004be0   Data          56  usart_stm32f4xx.o(.rodata.Driver_USART3)
    initCmds                                 0x08004c74   Data         103  lcd_driver.o(.rodata.initCmds)
    Region$$Table$$Base                      0x08004f18   Number         0  anon$$obj.o(Region$$Table)
    Region$$Table$$Limit                     0x08004f38   Number         0  anon$$obj.o(Region$$Table)
    __stdin                                  0x20000000   Data           4  stdin.o(.data)
    __stdout                                 0x20000004   Data           4  stdout.o(.data)
    __microlib_freelist                      0x20000008   Data           4  mvars.o(.data)
    __microlib_freelist_initialised          0x2000000c   Data           4  mvars.o(.data)
    Font16FLASH                              0x20000014   Data           8  fontsflash.o(.data.Font16FLASH)
    SystemCoreClock                          0x2000001c   Data           4  system_stm32f4xx.o(.data.SystemCoreClock)
    uwTickFreq                               0x20000040   Data           1  stm32f4xx_hal.o(.data.uwTickFreq)
    uwTickPrio                               0x20000044   Data           4  stm32f4xx_hal.o(.data.uwTickPrio)
    EthHandle                                0x20000048   Data          72  stm32f4xx_it.o(.bss.EthHandle)
    uwTick                                   0x20000868   Data           4  stm32f4xx_hal.o(.bss.uwTick)
    __heap_base                              0x20000870   Data           0  startup_stm32f429xx.o(HEAP)
    __heap_limit                             0x20001070   Data           0  startup_stm32f429xx.o(HEAP)
    __initial_sp                             0x20001470   Data           0  startup_stm32f429xx.o(STACK)



==============================================================================

Memory Map of the image

  Image Entry point : 0x080001ad

  Load Region LR_IROM1 (Base: 0x08000000, Size: 0x00004f80, Max: 0x00200000, ABSOLUTE)

    Execution Region ER_IROM1 (Exec base: 0x08000000, Load base: 0x08000000, Size: 0x00004f38, Max: 0x00200000, ABSOLUTE)

    Exec Addr    Load Addr    Size         Type   Attr      Idx    E Section Name        Object

    0x08000000   0x08000000   0x000001ac   Data   RO           99    RESET               startup_stm32f429xx.o
    0x080001ac   0x080001ac   0x00000000   Code   RO         1541  * .ARM.Collect$$$$00000000  mc_w.l(entry.o)
    0x080001ac   0x080001ac   0x00000004   Code   RO         1864    .ARM.Collect$$$$00000001  mc_w.l(entry2.o)
    0x080001b0   0x080001b0   0x00000004   Code   RO         1867    .ARM.Collect$$$$00000004  mc_w.l(entry5.o)
    0x080001b4   0x080001b4   0x00000000   Code   RO         1869    .ARM.Collect$$$$00000008  mc_w.l(entry7b.o)
    0x080001b4   0x080001b4   0x00000000   Code   RO         1871    .ARM.Collect$$$$0000000A  mc_w.l(entry8b.o)
    0x080001b4   0x080001b4   0x00000008   Code   RO         1872    .ARM.Collect$$$$0000000B  mc_w.l(entry9a.o)
    0x080001bc   0x080001bc   0x00000000   Code   RO         1874    .ARM.Collect$$$$0000000D  mc_w.l(entry10a.o)
    0x080001bc   0x080001bc   0x00000000   Code   RO         1876    .ARM.Collect$$$$0000000F  mc_w.l(entry11a.o)
    0x080001bc   0x080001bc   0x00000004   Code   RO         1865    .ARM.Collect$$$$00002712  mc_w.l(entry2.o)
    0x080001c0   0x080001c0   0x00000024   Code   RO          100    .text               startup_stm32f429xx.o
    0x080001e4   0x080001e4   0x00000062   Code   RO         1559    .text               mc_w.l(uldiv.o)
    0x08000246   0x08000246   0x00000062   Code   RO         1561    .text               mc_w.l(ldiv.o)
    0x080002a8   0x080002a8   0x00000024   Code   RO         1563    .text               mc_w.l(memcpya.o)
    0x080002cc   0x080002cc   0x00000024   Code   RO         1565    .text               mc_w.l(memseta.o)
    0x080002f0   0x080002f0   0x0000000e   Code   RO         1567    .text               mc_w.l(strlen.o)
    0x080002fe   0x080002fe   0x0000001a   Code   RO         1860    .text               mf_w.l(dfltui.o)
    0x08000318   0x08000318   0x0000003e   Code   RO         1862    .text               mf_w.l(dfixi.o)
    0x08000356   0x08000356   0x0000002c   Code   RO         1887    .text               mc_w.l(uidiv.o)
    0x08000382   0x08000382   0x0000001e   Code   RO         1889    .text               mc_w.l(llshl.o)
    0x080003a0   0x080003a0   0x00000020   Code   RO         1891    .text               mc_w.l(llushr.o)
    0x080003c0   0x080003c0   0x00000000   Code   RO         1902    .text               mc_w.l(iusefp.o)
    0x080003c0   0x080003c0   0x000000ba   Code   RO         1903    .text               mf_w.l(depilogue.o)
    0x0800047a   0x0800047a   0x000000a2   Code   RO         1911    .text               mf_w.l(dsqrt.o)
    0x0800051c   0x0800051c   0x00000024   Code   RO         1917    .text               mc_w.l(init.o)
    0x08000540   0x08000540   0x00000002   Code   RO           76    .text.BusFault_Handler  stm32f4xx_it.o
    0x08000542   0x08000542   0x00000002   PAD
    0x08000544   0x08000544   0x00000074   Code   RO          890    .text.COMread       input.o
    0x080005b8   0x080005b8   0x00000002   Code   RO           82    .text.DebugMon_Handler  stm32f4xx_it.o
    0x080005ba   0x080005ba   0x00000002   PAD
    0x080005bc   0x080005bc   0x00000008   Code   RO         1286    .text.Driver_Delay_ms  lcd_tools.o
    0x080005c4   0x080005c4   0x00000002   Code   RO         1288    .text.Driver_Delay_us  lcd_tools.o
    0x080005c6   0x080005c6   0x00000002   PAD
    0x080005c8   0x080005c8   0x00000010   Code   RO           88    .text.ETH_IRQHandler  stm32f4xx_it.o
    0x080005d8   0x080005d8   0x0000007a   Code   RO         1357    .text.Error_Handler  error.o
    0x08000652   0x08000652   0x00000002   PAD
    0x08000654   0x08000654   0x0000013c   Code   RO         1259    .text.GPIO_Init     lcd_gpio.o
    0x08000790   0x08000790   0x00000008   Code   RO         1206    .text.GUI_WriteLine  lcd_gui.o
    0x08000798   0x08000798   0x00000008   Code   RO         1188    .text.GUI_clear     lcd_gui.o
    0x080007a0   0x080007a0   0x00000056   Code   RO         1198    .text.GUI_disNum    lcd_gui.o
    0x080007f6   0x080007f6   0x00000002   PAD
    0x080007f8   0x080007f8   0x0000010c   Code   RO         1196    .text.GUI_disStr    lcd_gui.o
    0x08000904   0x08000904   0x000000cc   Code   RO         1192    .text.GUI_drawRectangle  lcd_gui.o
    0x080009d0   0x080009d0   0x00000010   Code   RO         1186    .text.GUI_init      lcd_gui.o
    0x080009e0   0x080009e0   0x00000028   Code   RO          127    .text.HAL_Delay     stm32f4xx_hal.o
    0x08000a08   0x08000a08   0x00000002   Code   RO          285    .text.HAL_ETH_ErrorCallback  stm32f4xx_hal_eth.o
    0x08000a0a   0x08000a0a   0x00000002   PAD
    0x08000a0c   0x08000a0c   0x0000006e   Code   RO          279    .text.HAL_ETH_IRQHandler  stm32f4xx_hal_eth.o
    0x08000a7a   0x08000a7a   0x00000002   PAD
    0x08000a7c   0x08000a7c   0x00000002   Code   RO          281    .text.HAL_ETH_RxCpltCallback  stm32f4xx_hal_eth.o
    0x08000a7e   0x08000a7e   0x00000002   PAD
    0x08000a80   0x08000a80   0x00000002   Code   RO          283    .text.HAL_ETH_TxCpltCallback  stm32f4xx_hal_eth.o
    0x08000a82   0x08000a82   0x00000002   PAD
    0x08000a84   0x08000a84   0x00000106   Code   RO          307    .text.HAL_GPIO_DeInit  stm32f4xx_hal_gpio.o
    0x08000b8a   0x08000b8a   0x00000002   PAD
    0x08000b8c   0x08000b8c   0x0000019c   Code   RO          305    .text.HAL_GPIO_Init  stm32f4xx_hal_gpio.o
    0x08000d28   0x08000d28   0x0000000a   Code   RO          309    .text.HAL_GPIO_ReadPin  stm32f4xx_hal_gpio.o
    0x08000d32   0x08000d32   0x00000002   PAD
    0x08000d34   0x08000d34   0x0000000e   Code   RO          313    .text.HAL_GPIO_TogglePin  stm32f4xx_hal_gpio.o
    0x08000d42   0x08000d42   0x00000002   PAD
    0x08000d44   0x08000d44   0x0000000a   Code   RO          311    .text.HAL_GPIO_WritePin  stm32f4xx_hal_gpio.o
    0x08000d4e   0x08000d4e   0x00000002   PAD
    0x08000d50   0x08000d50   0x0000000c   Code   RO          119    .text.HAL_GetTick   stm32f4xx_hal.o
    0x08000d5c   0x08000d5c   0x0000001a   Code   RO          117    .text.HAL_IncTick   stm32f4xx_hal.o
    0x08000d76   0x08000d76   0x00000002   PAD
    0x08000d78   0x08000d78   0x0000002e   Code   RO          107    .text.HAL_Init      stm32f4xx_hal.o
    0x08000da6   0x08000da6   0x00000002   PAD
    0x08000da8   0x08000da8   0x00000050   Code   RO          109    .text.HAL_InitTick  stm32f4xx_hal.o
    0x08000df8   0x08000df8   0x00000002   Code   RO          111    .text.HAL_MspInit   stm32f4xx_hal.o
    0x08000dfa   0x08000dfa   0x00000002   PAD
    0x08000dfc   0x08000dfc   0x00000028   Code   RO          182    .text.HAL_NVIC_DisableIRQ  stm32f4xx_hal_cortex.o
    0x08000e24   0x08000e24   0x00000056   Code   RO          178    .text.HAL_NVIC_SetPriority  stm32f4xx_hal_cortex.o
    0x08000e7a   0x08000e7a   0x00000002   PAD
    0x08000e7c   0x08000e7c   0x00000020   Code   RO          176    .text.HAL_NVIC_SetPriorityGrouping  stm32f4xx_hal_cortex.o
    0x08000e9c   0x08000e9c   0x0000007a   Code   RO          383    .text.HAL_PWREx_EnableOverDrive  stm32f4xx_hal_pwr_ex.o
    0x08000f16   0x08000f16   0x00000002   PAD
    0x08000f18   0x08000f18   0x00000160   Code   RO          401    .text.HAL_RCC_ClockConfig  stm32f4xx_hal_rcc.o
    0x08001078   0x08001078   0x00000026   Code   RO          413    .text.HAL_RCC_GetPCLK1Freq  stm32f4xx_hal_rcc.o
    0x0800109e   0x0800109e   0x00000002   PAD
    0x080010a0   0x080010a0   0x0000006a   Code   RO          403    .text.HAL_RCC_GetSysClockFreq  stm32f4xx_hal_rcc.o
    0x0800110a   0x0800110a   0x00000002   PAD
    0x0800110c   0x0800110c   0x00000334   Code   RO          399    .text.HAL_RCC_OscConfig  stm32f4xx_hal_rcc.o
    0x08001440   0x08001440   0x0000002c   Code   RO          188    .text.HAL_SYSTICK_Config  stm32f4xx_hal_cortex.o
    0x0800146c   0x0800146c   0x000000b8   Code   RO          840    .text.HAL_TIMEx_MasterConfigSynchronization  stm32f4xx_hal_tim_ex.o
    0x08001524   0x08001524   0x00000214   Code   RO          713    .text.HAL_TIM_PWM_ConfigChannel  stm32f4xx_hal_tim.o
    0x08001738   0x08001738   0x00000036   Code   RO          613    .text.HAL_TIM_PWM_Init  stm32f4xx_hal_tim.o
    0x0800176e   0x0800176e   0x00000002   PAD
    0x08001770   0x08001770   0x00000036   Code   RO         1270    .text.HAL_TIM_PWM_MspInit  lcd_tim.o
    0x080017a6   0x080017a6   0x00000002   PAD
    0x080017a8   0x080017a8   0x0000004c   Code   RO          621    .text.HAL_TIM_PWM_Start  stm32f4xx_hal_tim.o
    0x080017f4   0x080017f4   0x00000002   Code   RO           72    .text.HardFault_Handler  stm32f4xx_it.o
    0x080017f6   0x080017f6   0x00000002   PAD
    0x080017f8   0x080017f8   0x0000007a   Code   RO         1290    .text.LCDErrHandler  lcd_tools.o
    0x08001872   0x08001872   0x00000002   PAD
    0x08001874   0x08001874   0x000000b4   Code   RO         1175    .text.LCD_WriteLine  lcd_driver.o
    0x08001928   0x08001928   0x00000014   Code   RO         1171    .text.LCD_clear     lcd_driver.o
    0x0800193c   0x0800193c   0x0000013e   Code   RO         1169    .text.LCD_fillRectangleBW  lcd_driver.o
    0x08001a7a   0x08001a7a   0x00000002   PAD
    0x08001a7c   0x08001a7c   0x000000c4   Code   RO         1165    .text.LCD_fillRectangleMC  lcd_driver.o
    0x08001b40   0x08001b40   0x00000252   Code   RO         1163    .text.LCD_init      lcd_driver.o
    0x08001d92   0x08001d92   0x00000002   PAD
    0x08001d94   0x08001d94   0x000001fc   Code   RO         1167    .text.LCD_setWindow  lcd_driver.o
    0x08001f90   0x08001f90   0x00000002   Code   RO           74    .text.MemManage_Handler  stm32f4xx_it.o
    0x08001f92   0x08001f92   0x00000002   PAD
    0x08001f94   0x08001f94   0x00000002   Code   RO           70    .text.NMI_Handler   stm32f4xx_it.o
    0x08001f96   0x08001f96   0x00000002   PAD
    0x08001f98   0x08001f98   0x0000002e   Code   RO         1274    .text.PWM_SetValue  lcd_tim.o
    0x08001fc6   0x08001fc6   0x00000002   PAD
    0x08001fc8   0x08001fc8   0x00000002   Code   RO           84    .text.PendSV_Handler  stm32f4xx_it.o
    0x08001fca   0x08001fca   0x00000002   PAD
    0x08001fcc   0x08001fcc   0x0000005c   Code   RO         1248    .text.SPI4W_Read_Byte  lcd_spi.o
    0x08002028   0x08002028   0x00000062   Code   RO         1246    .text.SPI4W_Write_Byte  lcd_spi.o
    0x0800208a   0x0800208a   0x00000002   PAD
    0x0800208c   0x0800208c   0x000000c6   Code   RO         1240    .text.SPIinit       lcd_spi.o
    0x08002152   0x08002152   0x00000002   PAD
    0x08002154   0x08002154   0x0000002c   Code   RO         1244    .text.SPIsetLCDSpeed  lcd_spi.o
    0x08002180   0x08002180   0x0000004a   Code   RO         1242    .text.SPIsetTPSpeed  lcd_spi.o
    0x080021ca   0x080021ca   0x00000002   PAD
    0x080021cc   0x080021cc   0x00000002   Code   RO           80    .text.SVC_Handler   stm32f4xx_it.o
    0x080021ce   0x080021ce   0x00000002   PAD
    0x080021d0   0x080021d0   0x00000008   Code   RO           86    .text.SysTick_Handler  stm32f4xx_it.o
    0x080021d8   0x080021d8   0x00000056   Code   RO           55    .text.SystemInit    system_stm32f4xx.o
    0x0800222e   0x0800222e   0x00000002   PAD
    0x08002230   0x08002230   0x000000c0   Code   RO         1268    .text.TIM4_Init     lcd_tim.o
    0x080022f0   0x080022f0   0x00000124   Code   RO          563    .text.TIM_Base_SetConfig  stm32f4xx_hal_tim.o
    0x08002414   0x08002414   0x00000648   Code   RO         1219    .text.TP_Adjust     lcd_touch.o
    0x08002a5c   0x08002a5c   0x00000054   Code   RO         1223    .text.TP_Init       lcd_touch.o
    0x08002ab0   0x08002ab0   0x000000ae   Code   RO         1227    .text.TP_Read_ADC_Average  lcd_touch.o
    0x08002b5e   0x08002b5e   0x00000002   PAD
    0x08002b60   0x08002b60   0x00000130   Code   RO         1221    .text.TP_pressed    lcd_touch.o
    0x08002c90   0x08002c90   0x00000690   Code   RO         1512    .text.USART3_Control  usart_stm32f4xx.o
    0x08003320   0x08003320   0x00000006   Code   RO         1494    .text.USART3_GetCapabilities  usart_stm32f4xx.o
    0x08003326   0x08003326   0x00000002   PAD
    0x08003328   0x08003328   0x00000004   Code   RO         1518    .text.USART3_GetModemStatus  usart_stm32f4xx.o
    0x0800332c   0x0800332c   0x0000000c   Code   RO         1510    .text.USART3_GetRxCount  usart_stm32f4xx.o
    0x08003338   0x08003338   0x00000074   Code   RO         1514    .text.USART3_GetStatus  usart_stm32f4xx.o
    0x080033ac   0x080033ac   0x0000000c   Code   RO         1508    .text.USART3_GetTxCount  usart_stm32f4xx.o
    0x080033b8   0x080033b8   0x00000010   Code   RO         1490    .text.USART3_IRQHandler  usart_stm32f4xx.o
    0x080033c8   0x080033c8   0x00000066   Code   RO         1496    .text.USART3_Initialize  usart_stm32f4xx.o
    0x0800342e   0x0800342e   0x00000002   PAD
    0x08003430   0x08003430   0x00000008   Code   RO         1500    .text.USART3_PowerControl  usart_stm32f4xx.o
    0x08003438   0x08003438   0x000000b2   Code   RO         1504    .text.USART3_Receive  usart_stm32f4xx.o
    0x080034ea   0x080034ea   0x00000002   PAD
    0x080034ec   0x080034ec   0x00000078   Code   RO         1502    .text.USART3_Send   usart_stm32f4xx.o
    0x08003564   0x08003564   0x0000003a   Code   RO         1516    .text.USART3_SetModemControl  usart_stm32f4xx.o
    0x0800359e   0x0800359e   0x00000002   PAD
    0x080035a0   0x080035a0   0x0000010a   Code   RO         1506    .text.USART3_Transfer  usart_stm32f4xx.o
    0x080036aa   0x080036aa   0x00000002   PAD
    0x080036ac   0x080036ac   0x0000006c   Code   RO         1498    .text.USART3_Uninitialize  usart_stm32f4xx.o
    0x08003718   0x08003718   0x0000022a   Code   RO         1488    .text.USART_IRQHandler  usart_stm32f4xx.o
    0x08003942   0x08003942   0x00000002   PAD
    0x08003944   0x08003944   0x000000de   Code   RO         1520    .text.USART_PowerControl  usart_stm32f4xx.o
    0x08003a22   0x08003a22   0x00000002   PAD
    0x08003a24   0x08003a24   0x0000000a   Code   RO         1492    .text.USARTx_GetVersion  usart_stm32f4xx.o
    0x08003a2e   0x08003a2e   0x00000002   PAD
    0x08003a30   0x08003a30   0x00000002   Code   RO           78    .text.UsageFault_Handler  stm32f4xx_it.o
    0x08003a32   0x08003a32   0x00000002   PAD
    0x08003a34   0x08003a34   0x000001f4   Code   RO          938    .text.basicChecks   basic_checks.o
    0x08003c28   0x08003c28   0x00000018   Code   RO          892    .text.checkButton   input.o
    0x08003c40   0x08003c40   0x00000018   Code   RO         1130    .text.checkVersionFlashFonts  fontsflash.o
    0x08003c58   0x08003c58   0x0000014a   Code   RO          919    .text.compressed8bit  decode.o
    0x08003da2   0x08003da2   0x00000002   PAD
    0x08003da4   0x08003da4   0x00000134   Code   RO          905    .text.decodeAndPrint  decode.o
    0x08003ed8   0x08003ed8   0x00000048   Code   RO         1424    .text.fgetc         retarget_io.o
    0x08003f20   0x08003f20   0x000000d4   Code   RO          886    .text.fillBuf       input.o
    0x08003ff4   0x08003ff4   0x0000001a   Code   RO         1422    .text.fputc         retarget_io.o
    0x0800400e   0x0800400e   0x00000002   PAD
    0x08004010   0x08004010   0x00000160   Code   RO         1365    .text.initITSboard  init.o
    0x08004170   0x08004170   0x0000007c   Code   RO          882    .text.initInput     input.o
    0x080041ec   0x080041ec   0x0000008e   Code   RO         1292    .text.itoa          lcd_tools.o
    0x0800427a   0x0800427a   0x00000002   PAD
    0x0800427c   0x0800427c   0x00000140   Code   RO         1393    .text.lcdPrintS     lcd.o
    0x080043bc   0x080043bc   0x00000054   Code   RO          862    .text.main          main.o
    0x08004410   0x08004410   0x00000044   Code   RO          884    .text.nextChar      input.o
    0x08004454   0x08004454   0x0000000a   Code   RO          888    .text.openNextFile  input.o
    0x0800445e   0x0800445e   0x00000002   PAD
    0x08004460   0x08004460   0x000000a0   Code   RO         1323    .text.printDebugMsg  lcd_debug.o
    0x08004500   0x08004500   0x00000016   Code   RO          952    .text.printLine     output.o
    0x08004516   0x08004516   0x00000002   PAD
    0x08004518   0x08004518   0x0000000e   Code   RO          948    .text.resetLCD      output.o
    0x08004526   0x08004526   0x00000002   PAD
    0x08004528   0x08004528   0x00000032   Code   RO         1444    .text.stdin_getchar  stdinout_usart.o
    0x0800455a   0x0800455a   0x00000002   PAD
    0x0800455c   0x0800455c   0x00000044   Code   RO         1442    .text.stdinout_init  stdinout_usart.o
    0x080045a0   0x080045a0   0x00000034   Code   RO         1446    .text.stdout_putchar  stdinout_usart.o
    0x080045d4   0x080045d4   0x00000108   Code   RO          915    .text.uncompressed24bit  decode.o
    0x080046dc   0x080046dc   0x000000cc   Code   RO          917    .text.uncompressed8bit  decode.o
    0x080047a8   0x080047a8   0x00000058   Code   RO          872    .text.waitOnError   errorhandler.o
    0x08004800   0x08004800   0x00000034   Code   RO         1661    i.__0snprintf$3     mc_w.l(printf3.o)
    0x08004834   0x08004834   0x0000007a   Code   RO         1535    i.__hardfp_sqrt     m_wm.l(sqrt.o)
    0x080048ae   0x080048ae   0x0000000e   Code   RO         1923    i.__scatterload_copy  mc_w.l(handlers.o)
    0x080048bc   0x080048bc   0x00000002   Code   RO         1924    i.__scatterload_null  mc_w.l(handlers.o)
    0x080048be   0x080048be   0x0000000e   Code   RO         1925    i.__scatterload_zeroinit  mc_w.l(handlers.o)
    0x080048cc   0x080048cc   0x0000000c   Code   RO         1897    i.__set_errno       mc_w.l(errno.o)
    0x080048d8   0x080048d8   0x000001b8   Code   RO         1667    i._printf_core      mc_w.l(printf3.o)
    0x08004a90   0x08004a90   0x00000016   Code   RO         1668    i._snputc           mc_w.l(printf3.o)
    0x08004aa6   0x08004aa6   0x00000002   PAD
    0x08004aa8   0x08004aa8   0x00000050   Code   RO         1832    i.free              mc_w.l(malloc.o)
    0x08004af8   0x08004af8   0x0000006c   Code   RO         1833    i.malloc            mc_w.l(malloc.o)
    0x08004b64   0x08004b64   0x00000010   Data   RO           60    .rodata.AHBPrescTable  system_stm32f4xx.o
    0x08004b74   0x08004b74   0x00000008   Data   RO           61    .rodata.APBPrescTable  system_stm32f4xx.o
    0x08004b7c   0x08004b7c   0x00000064   Data   RO         1229    .rodata.Cross       lcd_touch.o
    0x08004be0   0x08004be0   0x00000038   Data   RO         1522    .rodata.Driver_USART3  usart_stm32f4xx.o
    0x08004c18   0x08004c18   0x00000034   Data   RO         1527    .rodata.USART3_Resources  usart_stm32f4xx.o
    0x08004c4c   0x08004c4c   0x0000000c   Data   RO         1524    .rodata.USART3_rx   usart_stm32f4xx.o
    0x08004c58   0x08004c58   0x0000000c   Data   RO         1523    .rodata.USART3_tx   usart_stm32f4xx.o
    0x08004c64   0x08004c64   0x00000010   Data   RO         1230    .rodata.cst16       lcd_touch.o
    0x08004c74   0x08004c74   0x00000067   Data   RO         1177    .rodata.initCmds    lcd_driver.o
    0x08004cdb   0x08004cdb   0x00000069   Data   RO          927    .rodata.str1.1      decode.o
    0x08004d44   0x08004d44   0x00000163   Data   RO          940    .rodata.str1.1      basic_checks.o
    0x08004ea7   0x08004ea7   0x00000025   Data   RO         1208    .rodata.str1.1      lcd_gui.o
    0x08004ecc   0x08004ecc   0x00000025   Data   RO         1250    .rodata.str1.1      lcd_spi.o
    0x08004ef1   0x08004ef1   0x00000025   Data   RO         1277    .rodata.str1.1      lcd_tim.o
    0x08004f16   0x08004f16   0x00000002   PAD
    0x08004f18   0x08004f18   0x00000020   Data   RO         1922    Region$$Table       anon$$obj.o


    Execution Region RW_IRAM1 (Exec base: 0x20000000, Load base: 0x08004f38, Size: 0x00001470, Max: 0x00030000, ABSOLUTE)

    Exec Addr    Load Addr    Size         Type   Attr      Idx    E Section Name        Object

    0x20000000   0x08004f38   0x00000004   Data   RW         1556    .data               mc_w.l(stdin.o)
    0x20000004   0x08004f3c   0x00000004   Data   RW         1557    .data               mc_w.l(stdout.o)
    0x20000008   0x08004f40   0x00000004   Data   RW         1893    .data               mc_w.l(mvars.o)
    0x2000000c   0x08004f44   0x00000004   Data   RW         1894    .data               mc_w.l(mvars.o)
    0x20000010   0x08004f48   0x00000004   Data   RW         1898    .data               mc_w.l(errno.o)
    0x20000014   0x08004f4c   0x00000008   Data   RW         1134    .data.Font16FLASH   fontsflash.o
    0x2000001c   0x08004f54   0x00000004   Data   RW           59    .data.SystemCoreClock  system_stm32f4xx.o
    0x20000020   0x08004f58   0x00000004   Data   RW         1409    .data.crd           lcd.o
    0x20000024   0x08004f5c   0x00000004   Data   RW         1410    .data.fontHeight    lcd.o
    0x20000028   0x08004f60   0x00000004   Data   RW         1408    .data.fontWidth     lcd.o
    0x2000002c   0x08004f64   0x00000004   Data   RW         1433    .data.getchar_ch    retarget_io.o
    0x20000030   0x08004f68   0x00000004   Data   RW         1411    .data.lcdFont       lcd.o
    0x20000034   0x08004f6c   0x00000004   Data   RW         1407    .data.lcdmaxx       lcd.o
    0x20000038   0x08004f70   0x00000004   Data   RW         1412    .data.lcdmaxy       lcd.o
    0x2000003c   0x08004f74   0x00000004   Data   RW          895    .data.nextCharPos   input.o
    0x20000040   0x08004f78   0x00000001   Data   RW          166    .data.uwTickFreq    stm32f4xx_hal.o
    0x20000041   0x08004f79   0x00000003   PAD
    0x20000044   0x08004f7c   0x00000004   Data   RW          165    .data.uwTickPrio    stm32f4xx_hal.o
    0x20000048        -       0x00000048   Zero   RW           90    .bss.EthHandle      stm32f4xx_it.o
    0x20000090        -       0x00000014   Zero   RW         1525    .bss.USART3_Info    usart_stm32f4xx.o
    0x200000a4        -       0x00000024   Zero   RW         1526    .bss.USART3_TransferInfo  usart_stm32f4xx.o
    0x200000c8        -       0x00000100   Zero   RW          874    .bss.buf            errorhandler.o
    0x200001c8        -       0x00000200   Zero   RW          896    .bss.buf            input.o
    0x200003c8        -       0x00000400   Zero   RW          929    .bss.colorTable     decode.o
    0x200007c8        -       0x00000004   Zero   RW          925    .bss.colors         decode.o
    0x200007cc        -       0x0000000e   Zero   RW          926    .bss.fileHeader     decode.o
    0x200007da   0x08004f80   0x00000002   PAD
    0x200007dc        -       0x00000001   Zero   RW         1432    .bss.getchar_undo   retarget_io.o
    0x200007dd   0x08004f80   0x00000003   PAD
    0x200007e0        -       0x00000040   Zero   RW         1276    .bss.htim4          lcd_tim.o
    0x20000820        -       0x00000028   Zero   RW          928    .bss.infoHeader     decode.o
    0x20000848        -       0x00000004   Zero   RW          894    .bss.noElemsInBuf   input.o
    0x2000084c   0x08004f80   0x00000004   PAD
    0x20000850        -       0x00000018   Zero   RW         1231    .bss.sTP_DEV        lcd_touch.o
    0x20000868        -       0x00000004   Zero   RW          167    .bss.uwTick         stm32f4xx_hal.o
    0x2000086c   0x08004f80   0x00000004   PAD
    0x20000870        -       0x00000800   Zero   RW           98    HEAP                startup_stm32f429xx.o
    0x20001070        -       0x00000400   Zero   RW           97    STACK               startup_stm32f429xx.o


==============================================================================

Image component sizes


      Code (inc. data)   RO Data    RW Data    ZI Data      Debug   Object Name

       500        132        355          0          0       1355   basic_checks.o
      1106         36        105          0       1082       6966   decode.o
       122          0          0          0          0       2139   error.o
        88         32          0          0        256        782   errorhandler.o
        24          0          0          8          0       1737   fontsflash.o
       352          0          0          0          0       3455   init.o
       554         76          0          4        516       2684   input.o
       320          0          0         24          0       4732   lcd.o
       160         32          0          0          0       1021   lcd_debug.o
      1816          0        103          0          0       6763   lcd_driver.o
       316          0          0          0          0       2517   lcd_gpio.o
       590          0         37          0          0      14439   lcd_gui.o
       506          0         37          0          0       3684   lcd_spi.o
       292          0         37          0         64       5828   lcd_tim.o
       274          0          0          0          0       3283   lcd_tools.o
      2170        204        116          0         24       8726   lcd_touch.o
        84          0          0          0          0        614   main.o
        36          0          0          0          0       1682   output.o
        98          0          0          4          1       2107   retarget_io.o
        36          8        428          0       3072        912   startup_stm32f429xx.o
       170          0          0          0          0       1401   stdinout_usart.o
       206          0          0          5          4       7775   stm32f4xx_hal.o
       202          0          0          0          0      10794   stm32f4xx_hal_cortex.o
       116          0          0          0          0      18859   stm32f4xx_hal_eth.o
       708          0          0          0          0       5291   stm32f4xx_hal_gpio.o
       122          0          0          0          0       4670   stm32f4xx_hal_pwr_ex.o
      1316          0          0          0          0       7494   stm32f4xx_hal_rcc.o
       954          4          0          0          0      47447   stm32f4xx_hal_tim.o
       184          0          0          0          0      16829   stm32f4xx_hal_tim_ex.o
        40          0          0          0         72       4629   stm32f4xx_it.o
        86          0         24          4          0       2775   system_stm32f4xx.o
      3472         50        132          0         56      19951   usart_stm32f4xx.o

    ----------------------------------------------------------------------
     17124        574       1408         52       5160     223341   Object Totals
         0          0         32          0          0          0   (incl. Generated)
       104          0          2          3         13          0   (incl. Padding)

    ----------------------------------------------------------------------

      Code (inc. data)   RO Data    RW Data    ZI Data      Debug   Library Member Name

       122          0          0          0          0        148   sqrt.o
         0          0          0          0          0          0   entry.o
         0          0          0          0          0          0   entry10a.o
         0          0          0          0          0          0   entry11a.o
         8          4          0          0          0          0   entry2.o
         4          0          0          0          0          0   entry5.o
         0          0          0          0          0          0   entry7b.o
         0          0          0          0          0          0   entry8b.o
         8          4          0          0          0          0   entry9a.o
        12          6          0          4          0         68   errno.o
        30          0          0          0          0          0   handlers.o
        36          8          0          0          0         68   init.o
         0          0          0          0          0          0   iusefp.o
        98          0          0          0          0         84   ldiv.o
        30          0          0          0          0         68   llshl.o
        32          0          0          0          0         68   llushr.o
       188         20          0          0          0        160   malloc.o
        36          0          0          0          0         68   memcpya.o
        36          0          0          0          0        108   memseta.o
         0          0          0          8          0          0   mvars.o
       514          8          0          0          0        256   printf3.o
         0          0          0          4          0          0   stdin.o
         0          0          0          4          0          0   stdout.o
        14          0          0          0          0         68   strlen.o
        44          0          0          0          0         80   uidiv.o
        98          0          0          0          0         92   uldiv.o
       186          0          0          0          0        176   depilogue.o
        62          0          0          0          0         80   dfixi.o
        26          0          0          0          0         76   dfltui.o
       162          0          0          0          0        100   dsqrt.o

    ----------------------------------------------------------------------
      1748         50          0         20          0       1768   Library Totals
         2          0          0          0          0          0   (incl. Padding)

    ----------------------------------------------------------------------

      Code (inc. data)   RO Data    RW Data    ZI Data      Debug   Library Name

       122          0          0          0          0        148   m_wm.l
      1188         50          0         20          0       1188   mc_w.l
       436          0          0          0          0        432   mf_w.l

    ----------------------------------------------------------------------
      1748         50          0         20          0       1768   Library Totals

    ----------------------------------------------------------------------

==============================================================================


      Code (inc. data)   RO Data    RW Data    ZI Data      Debug   

     18872        624       1408         72       5160     223933   Grand Totals
     18872        624       1408         72       5160     223933   ELF Image Totals
     18872        624       1408         72          0          0   ROM Totals

==============================================================================

    Total RO  Size (Code + RO Data)                20280 (  19.80kB)
    Total RW  Size (RW Data + ZI Data)              5232 (   5.11kB)
    Total ROM Size (Code + RO Data + RW Data)      20352 (  19.88kB)

==============================================================================

