Component: Arm Compiler for Embedded 6.18 Tool: armlink [5e4cc100]

==============================================================================

Section Cross References

    stm32f4xx_nucleo_144.o(.ARM.exidx.text.BSP_GetVersion) refers to stm32f4xx_nucleo_144.o(.text.BSP_GetVersion) for [Anonymous Symbol]
    stm32f4xx_nucleo_144.o(.text.BSP_LED_Init) refers to stm32f4xx_hal_gpio.o(.text.HAL_GPIO_Init) for HAL_GPIO_Init
    stm32f4xx_nucleo_144.o(.text.BSP_LED_Init) refers to stm32f4xx_hal_gpio.o(.text.HAL_GPIO_WritePin) for HAL_GPIO_WritePin
    stm32f4xx_nucleo_144.o(.text.BSP_LED_Init) refers to stm32f4xx_nucleo_144.o(.rodata.GPIO_PIN) for GPIO_PIN
    stm32f4xx_nucleo_144.o(.text.BSP_LED_Init) refers to stm32f4xx_nucleo_144.o(.data.GPIO_PORT) for GPIO_PORT
    stm32f4xx_nucleo_144.o(.ARM.exidx.text.BSP_LED_Init) refers to stm32f4xx_nucleo_144.o(.text.BSP_LED_Init) for [Anonymous Symbol]
    stm32f4xx_nucleo_144.o(.text.BSP_LED_DeInit) refers to stm32f4xx_hal_gpio.o(.text.HAL_GPIO_WritePin) for HAL_GPIO_WritePin
    stm32f4xx_nucleo_144.o(.text.BSP_LED_DeInit) refers to stm32f4xx_hal_gpio.o(.text.HAL_GPIO_DeInit) for HAL_GPIO_DeInit
    stm32f4xx_nucleo_144.o(.text.BSP_LED_DeInit) refers to stm32f4xx_nucleo_144.o(.data.GPIO_PORT) for GPIO_PORT
    stm32f4xx_nucleo_144.o(.text.BSP_LED_DeInit) refers to stm32f4xx_nucleo_144.o(.rodata.GPIO_PIN) for GPIO_PIN
    stm32f4xx_nucleo_144.o(.ARM.exidx.text.BSP_LED_DeInit) refers to stm32f4xx_nucleo_144.o(.text.BSP_LED_DeInit) for [Anonymous Symbol]
    stm32f4xx_nucleo_144.o(.text.BSP_LED_On) refers to stm32f4xx_hal_gpio.o(.text.HAL_GPIO_WritePin) for HAL_GPIO_WritePin
    stm32f4xx_nucleo_144.o(.text.BSP_LED_On) refers to stm32f4xx_nucleo_144.o(.data.GPIO_PORT) for GPIO_PORT
    stm32f4xx_nucleo_144.o(.text.BSP_LED_On) refers to stm32f4xx_nucleo_144.o(.rodata.GPIO_PIN) for GPIO_PIN
    stm32f4xx_nucleo_144.o(.ARM.exidx.text.BSP_LED_On) refers to stm32f4xx_nucleo_144.o(.text.BSP_LED_On) for [Anonymous Symbol]
    stm32f4xx_nucleo_144.o(.text.BSP_LED_Off) refers to stm32f4xx_hal_gpio.o(.text.HAL_GPIO_WritePin) for HAL_GPIO_WritePin
    stm32f4xx_nucleo_144.o(.text.BSP_LED_Off) refers to stm32f4xx_nucleo_144.o(.data.GPIO_PORT) for GPIO_PORT
    stm32f4xx_nucleo_144.o(.text.BSP_LED_Off) refers to stm32f4xx_nucleo_144.o(.rodata.GPIO_PIN) for GPIO_PIN
    stm32f4xx_nucleo_144.o(.ARM.exidx.text.BSP_LED_Off) refers to stm32f4xx_nucleo_144.o(.text.BSP_LED_Off) for [Anonymous Symbol]
    stm32f4xx_nucleo_144.o(.text.BSP_LED_Toggle) refers to stm32f4xx_hal_gpio.o(.text.HAL_GPIO_TogglePin) for HAL_GPIO_TogglePin
    stm32f4xx_nucleo_144.o(.text.BSP_LED_Toggle) refers to stm32f4xx_nucleo_144.o(.data.GPIO_PORT) for GPIO_PORT
    stm32f4xx_nucleo_144.o(.text.BSP_LED_Toggle) refers to stm32f4xx_nucleo_144.o(.rodata.GPIO_PIN) for GPIO_PIN
    stm32f4xx_nucleo_144.o(.ARM.exidx.text.BSP_LED_Toggle) refers to stm32f4xx_nucleo_144.o(.text.BSP_LED_Toggle) for [Anonymous Symbol]
    stm32f4xx_nucleo_144.o(.text.BSP_PB_Init) refers to stm32f4xx_hal_gpio.o(.text.HAL_GPIO_Init) for HAL_GPIO_Init
    stm32f4xx_nucleo_144.o(.text.BSP_PB_Init) refers to stm32f4xx_hal_cortex.o(.text.HAL_NVIC_SetPriority) for HAL_NVIC_SetPriority
    stm32f4xx_nucleo_144.o(.text.BSP_PB_Init) refers to stm32f4xx_hal_cortex.o(.text.HAL_NVIC_EnableIRQ) for HAL_NVIC_EnableIRQ
    stm32f4xx_nucleo_144.o(.text.BSP_PB_Init) refers to stm32f4xx_nucleo_144.o(.data.BUTTON_PORT) for BUTTON_PORT
    stm32f4xx_nucleo_144.o(.ARM.exidx.text.BSP_PB_Init) refers to stm32f4xx_nucleo_144.o(.text.BSP_PB_Init) for [Anonymous Symbol]
    stm32f4xx_nucleo_144.o(.text.BSP_PB_DeInit) refers to stm32f4xx_hal_cortex.o(.text.HAL_NVIC_DisableIRQ) for HAL_NVIC_DisableIRQ
    stm32f4xx_nucleo_144.o(.text.BSP_PB_DeInit) refers to stm32f4xx_hal_gpio.o(.text.HAL_GPIO_DeInit) for HAL_GPIO_DeInit
    stm32f4xx_nucleo_144.o(.text.BSP_PB_DeInit) refers to stm32f4xx_nucleo_144.o(.data.BUTTON_PORT) for BUTTON_PORT
    stm32f4xx_nucleo_144.o(.ARM.exidx.text.BSP_PB_DeInit) refers to stm32f4xx_nucleo_144.o(.text.BSP_PB_DeInit) for [Anonymous Symbol]
    stm32f4xx_nucleo_144.o(.text.BSP_PB_GetState) refers to stm32f4xx_hal_gpio.o(.text.HAL_GPIO_ReadPin) for HAL_GPIO_ReadPin
    stm32f4xx_nucleo_144.o(.text.BSP_PB_GetState) refers to stm32f4xx_nucleo_144.o(.data.BUTTON_PORT) for BUTTON_PORT
    stm32f4xx_nucleo_144.o(.ARM.exidx.text.BSP_PB_GetState) refers to stm32f4xx_nucleo_144.o(.text.BSP_PB_GetState) for [Anonymous Symbol]
    stm32f4xx_nucleo_144.o(.text.SD_IO_Init) refers to stm32f4xx_hal_gpio.o(.text.HAL_GPIO_Init) for HAL_GPIO_Init
    stm32f4xx_nucleo_144.o(.text.SD_IO_Init) refers to stm32f4xx_nucleo_144.o(.text.OUTLINED_FUNCTION_0) for OUTLINED_FUNCTION_0
    stm32f4xx_nucleo_144.o(.text.SD_IO_Init) refers to stm32f4xx_nucleo_144.o(.text.SPIx_Init) for SPIx_Init
    stm32f4xx_nucleo_144.o(.text.SD_IO_Init) refers to stm32f4xx_nucleo_144.o(.text.SD_IO_WriteByte) for SD_IO_WriteByte
[...]
    [Anonymous Symbol]                       0x08002824   Section        0  lcd_tim.o(.text.TIM4_Init)
    [Anonymous Symbol]                       0x0800282c   Section        0  stm32f4xx_hal_tim.o(.text.TIM_Base_SetConfig)
    __arm_cp.2_0                             0x080028d8   Number         4  stm32f4xx_hal_tim.o(.text.TIM_Base_SetConfig)
    __arm_cp.2_1                             0x080028dc   Number         4  stm32f4xx_hal_tim.o(.text.TIM_Base_SetConfig)
    __arm_cp.2_2                             0x080028e0   Number         4  stm32f4xx_hal_tim.o(.text.TIM_Base_SetConfig)
    __arm_cp.2_4                             0x080028e4   Number         4  stm32f4xx_hal_tim.o(.text.TIM_Base_SetConfig)
    __arm_cp.2_5                             0x080028e8   Number         4  stm32f4xx_hal_tim.o(.text.TIM_Base_SetConfig)
    __arm_cp.2_6                             0x080028ec   Number         4  stm32f4xx_hal_tim.o(.text.TIM_Base_SetConfig)
    __arm_cp.2_7                             0x080028f0   Number         4  stm32f4xx_hal_tim.o(.text.TIM_Base_SetConfig)
    __arm_cp.2_8                             0x080028f4   Number         4  stm32f4xx_hal_tim.o(.text.TIM_Base_SetConfig)
    __arm_cp.2_9                             0x080028f8   Number         4  stm32f4xx_hal_tim.o(.text.TIM_Base_SetConfig)
    __arm_cp.2_10                            0x080028fc   Number         4  stm32f4xx_hal_tim.o(.text.TIM_Base_SetConfig)
    [Anonymous Symbol]                       0x08002900   Section        0  stm32f4xx_hal_tim.o(.text.TIM_CCxChannelCmd)
    TIM_OC1_SetConfig                        0x08002921   Thumb Code    96  stm32f4xx_hal_tim.o(.text.TIM_OC1_SetConfig)
    [Anonymous Symbol]                       0x08002920   Section        0  stm32f4xx_hal_tim.o(.text.TIM_OC1_SetConfig)
    [Anonymous Symbol]                       0x08002980   Section        0  stm32f4xx_hal_tim.o(.text.TIM_OC2_SetConfig)
    TIM_OC3_SetConfig                        0x080029dd   Thumb Code    92  stm32f4xx_hal_tim.o(.text.TIM_OC3_SetConfig)
    [Anonymous Symbol]                       0x080029dc   Section        0  stm32f4xx_hal_tim.o(.text.TIM_OC3_SetConfig)
    TIM_OC4_SetConfig                        0x08002a39   Thumb Code    72  stm32f4xx_hal_tim.o(.text.TIM_OC4_SetConfig)
    [Anonymous Symbol]                       0x08002a38   Section        0  stm32f4xx_hal_tim.o(.text.TIM_OC4_SetConfig)
    __arm_cp.77_0                            0x08002a80   Number         4  stm32f4xx_hal_tim.o(.text.TIM_OC4_SetConfig)
    [Anonymous Symbol]                       0x08002a84   Section        0  lcd_touch.o(.text.TP_Adjust)
    TP_DrawCross                             0x08002f79   Thumb Code    66  lcd_touch.o(.text.TP_DrawCross)
    [Anonymous Symbol]                       0x08002f78   Section        0  lcd_touch.o(.text.TP_DrawCross)
    [Anonymous Symbol]                       0x08002fbc   Section        0  lcd_touch.o(.text.TP_Init)
    TP_Read_ADC                              0x08003009   Thumb Code   110  lcd_touch.o(.text.TP_Read_ADC)
    [Anonymous Symbol]                       0x08003008   Section        0  lcd_touch.o(.text.TP_Read_ADC)
    TP_Read_ADC_Average                      0x08003079   Thumb Code   298  lcd_touch.o(.text.TP_Read_ADC_Average)
    [Anonymous Symbol]                       0x08003078   Section        0  lcd_touch.o(.text.TP_Read_ADC_Average)
    TP_Read_ADC_XY                           0x080031a5   Thumb Code    32  lcd_touch.o(.text.TP_Read_ADC_XY)
    [Anonymous Symbol]                       0x080031a4   Section        0  lcd_touch.o(.text.TP_Read_ADC_XY)
    TP_Read_TwiceADC                         0x080031c5   Thumb Code   244  lcd_touch.o(.text.TP_Read_TwiceADC)
    [Anonymous Symbol]                       0x080031c4   Section        0  lcd_touch.o(.text.TP_Read_TwiceADC)
    TP_Scan                                  0x080032b9   Thumb Code   252  lcd_touch.o(.text.TP_Scan)
    [Anonymous Symbol]                       0x080032b8   Section        0  lcd_touch.o(.text.TP_Scan)
    TP_SetDefaultCalibration                 0x080033b5   Thumb Code    42  lcd_touch.o(.text.TP_SetDefaultCalibration)
    [Anonymous Symbol]                       0x080033b4   Section        0  lcd_touch.o(.text.TP_SetDefaultCalibration)
    TP_ShowInfo                              0x080033e1   Thumb Code   702  lcd_touch.o(.text.TP_ShowInfo)
    [Anonymous Symbol]                       0x080033e0   Section        0  lcd_touch.o(.text.TP_ShowInfo)
    [Anonymous Symbol]                       0x080036a0   Section        0  lcd_touch.o(.text.TP_pressed)
    USART3_Control                           0x080036a9   Thumb Code    28  usart_stm32f4xx.o(.text.USART3_Control)
    [Anonymous Symbol]                       0x080036a8   Section        0  usart_stm32f4xx.o(.text.USART3_Control)
    USART3_GetCapabilities                   0x080036c5   Thumb Code    24  usart_stm32f4xx.o(.text.USART3_GetCapabilities)
    [Anonymous Symbol]                       0x080036c4   Section        0  usart_stm32f4xx.o(.text.USART3_GetCapabilities)
    USART3_GetModemStatus                    0x080036dd   Thumb Code    24  usart_stm32f4xx.o(.text.USART3_GetModemStatus)
    [Anonymous Symbol]                       0x080036dc   Section        0  usart_stm32f4xx.o(.text.USART3_GetModemStatus)
    USART3_GetRxCount                        0x080036f5   Thumb Code    16  usart_stm32f4xx.o(.text.USART3_GetRxCount)
    [Anonymous Symbol]                       0x080036f4   Section        0  usart_stm32f4xx.o(.text.USART3_GetRxCount)
    USART3_GetStatus                         0x08003705   Thumb Code    24  usart_stm32f4xx.o(.text.USART3_GetStatus)
    [Anonymous Symbol]                       0x08003704   Section        0  usart_stm32f4xx.o(.text.USART3_GetStatus)
    USART3_GetTxCount                        0x0800371d   Thumb Code    16  usart_stm32f4xx.o(.text.USART3_GetTxCount)
    [Anonymous Symbol]                       0x0800371c   Section        0  usart_stm32f4xx.o(.text.USART3_GetTxCount)
    [Anonymous Symbol]                       0x0800372c   Section        0  usart_stm32f4xx.o(.text.USART3_IRQHandler)
    USART3_Initialize                        0x0800373d   Thumb Code    24  usart_stm32f4xx.o(.text.USART3_Initialize)
    [Anonymous Symbol]                       0x0800373c   Section        0  usart_stm32f4xx.o(.text.USART3_Initialize)
    USART3_PowerControl                      0x08003755   Thumb Code    28  usart_stm32f4xx.o(.text.USART3_PowerControl)
    [Anonymous Symbol]                       0x08003754   Section        0  usart_stm32f4xx.o(.text.USART3_PowerControl)
    USART3_Receive                           0x08003771   Thumb Code    28  usart_stm32f4xx.o(.text.USART3_Receive)
    [Anonymous Symbol]                       0x08003770   Section        0  usart_stm32f4xx.o(.text.USART3_Receive)
    USART3_Send                              0x0800378d   Thumb Code    28  usart_stm32f4xx.o(.text.USART3_Send)
    [Anonymous Symbol]                       0x0800378c   Section        0  usart_stm32f4xx.o(.text.USART3_Send)
    USART3_SetModemControl                   0x080037a9   Thumb Code    28  usart_stm32f4xx.o(.text.USART3_SetModemControl)
    [Anonymous Symbol]                       0x080037a8   Section        0  usart_stm32f4xx.o(.text.USART3_SetModemControl)
    USART3_Transfer                          0x080037c5   Thumb Code    32  usart_stm32f4xx.o(.text.USART3_Transfer)
    [Anonymous Symbol]                       0x080037c4   Section        0  usart_stm32f4xx.o(.text.USART3_Transfer)
    USART3_Uninitialize                      0x080037e5   Thumb Code    16  usart_stm32f4xx.o(.text.USART3_Uninitialize)
    [Anonymous Symbol]                       0x080037e4   Section        0  usart_stm32f4xx.o(.text.USART3_Uninitialize)
    USART_Control                            0x080037f5   Thumb Code  3462  usart_stm32f4xx.o(.text.USART_Control)
    [Anonymous Symbol]                       0x080037f4   Section        0  usart_stm32f4xx.o(.text.USART_Control)
    USART_GetCapabilities                    0x0800457d   Thumb Code    16  usart_stm32f4xx.o(.text.USART_GetCapabilities)
    [Anonymous Symbol]                       0x0800457c   Section        0  usart_stm32f4xx.o(.text.USART_GetCapabilities)
    USART_GetModemStatus                     0x0800458d   Thumb Code   106  usart_stm32f4xx.o(.text.USART_GetModemStatus)
    [Anonymous Symbol]                       0x0800458c   Section        0  usart_stm32f4xx.o(.text.USART_GetModemStatus)
    USART_GetRxCount                         0x080045f9   Thumb Code    14  usart_stm32f4xx.o(.text.USART_GetRxCount)
    [Anonymous Symbol]                       0x080045f8   Section        0  usart_stm32f4xx.o(.text.USART_GetRxCount)
    USART_GetStatus                          0x08004609   Thumb Code   212  usart_stm32f4xx.o(.text.USART_GetStatus)
    [Anonymous Symbol]                       0x08004608   Section        0  usart_stm32f4xx.o(.text.USART_GetStatus)
    USART_GetTxCount                         0x080046dd   Thumb Code    14  usart_stm32f4xx.o(.text.USART_GetTxCount)
    [Anonymous Symbol]                       0x080046dc   Section        0  usart_stm32f4xx.o(.text.USART_GetTxCount)
    [Anonymous Symbol]                       0x080046ec   Section        0  usart_stm32f4xx.o(.text.USART_IRQHandler)
    USART_Initialize                         0x08004af1   Thumb Code   224  usart_stm32f4xx.o(.text.USART_Initialize)
    [Anonymous Symbol]                       0x08004af0   Section        0  usart_stm32f4xx.o(.text.USART_Initialize)
    USART_PeripheralReset                    0x08004bd1   Thumb Code   588  usart_stm32f4xx.o(.text.USART_PeripheralReset)
    [Anonymous Symbol]                       0x08004bd0   Section        0  usart_stm32f4xx.o(.text.USART_PeripheralReset)
    USART_PowerControl                       0x08004e1d   Thumb Code  1118  usart_stm32f4xx.o(.text.USART_PowerControl)
    [Anonymous Symbol]                       0x08004e1c   Section        0  usart_stm32f4xx.o(.text.USART_PowerControl)
    USART_Receive                            0x0800527d   Thumb Code   228  usart_stm32f4xx.o(.text.USART_Receive)
    [Anonymous Symbol]                       0x0800527c   Section        0  usart_stm32f4xx.o(.text.USART_Receive)
    USART_Send                               0x08005361   Thumb Code   178  usart_stm32f4xx.o(.text.USART_Send)
    [Anonymous Symbol]                       0x08005360   Section        0  usart_stm32f4xx.o(.text.USART_Send)
    USART_SetModemControl                    0x08005415   Thumb Code   226  usart_stm32f4xx.o(.text.USART_SetModemControl)
    [Anonymous Symbol]                       0x08005414   Section        0  usart_stm32f4xx.o(.text.USART_SetModemControl)
    USART_Transfer                           0x080054f9   Thumb Code   150  usart_stm32f4xx.o(.text.USART_Transfer)
    [Anonymous Symbol]                       0x080054f8   Section        0  usart_stm32f4xx.o(.text.USART_Transfer)
    USART_Uninitialize                       0x08005591   Thumb Code   192  usart_stm32f4xx.o(.text.USART_Uninitialize)
    [Anonymous Symbol]                       0x08005590   Section        0  usart_stm32f4xx.o(.text.USART_Uninitialize)
    USARTx_GetVersion                        0x08005651   Thumb Code    20  usart_stm32f4xx.o(.text.USARTx_GetVersion)
    [Anonymous Symbol]                       0x08005650   Section        0  usart_stm32f4xx.o(.text.USARTx_GetVersion)
    [Anonymous Symbol]                       0x08005664   Section        0  stm32f4xx_it.o(.text.UsageFault_Handler)
    __NVIC_ClearPendingIRQ                   0x08005669   Thumb Code    48  usart_stm32f4xx.o(.text.__NVIC_ClearPendingIRQ)
    [Anonymous Symbol]                       0x08005668   Section        0  usart_stm32f4xx.o(.text.__NVIC_ClearPendingIRQ)
    __NVIC_EnableIRQ                         0x08005699   Thumb Code    48  usart_stm32f4xx.o(.text.__NVIC_EnableIRQ)
    [Anonymous Symbol]                       0x08005698   Section        0  usart_stm32f4xx.o(.text.__NVIC_EnableIRQ)
    [Anonymous Symbol]                       0x080056c8   Section        0  one_wire.o(.text.checkCRC)
    [Anonymous Symbol]                       0x08005780   Section        0  fontsflash.o(.text.checkVersionFlashFonts)
    check_SPI_SR                             0x080057a1   Thumb Code    72  lcd_spi.o(.text.check_SPI_SR)
    [Anonymous Symbol]                       0x080057a0   Section        0  lcd_spi.o(.text.check_SPI_SR)
    [Anonymous Symbol]                       0x080057e8   Section        0  lcd_touch.o(.text.distance)
    [Anonymous Symbol]                       0x08005848   Section        0  search_and_measure.o(.text.getTemp)
    initGPIOs                                0x08005949   Thumb Code   320  init.o(.text.initGPIOs)
    [Anonymous Symbol]                       0x08005948   Section        0  init.o(.text.initGPIOs)
    [Anonymous Symbol]                       0x08005a88   Section        0  init.o(.text.initITSboard)
    [Anonymous Symbol]                       0x08005a9c   Section        0  timer.o(.text.initTimer)
    [Anonymous Symbol]                       0x08005ae0   Section        0  gpio_basefunct.o(.text.init_GPIO)
    [Anonymous Symbol]                       0x08005b04   Section        0  one_wire.o(.text.io_reset)
    [Anonymous Symbol]                       0x08005b50   Section        0  lcd_tools.o(.text.itoa)
    [Anonymous Symbol]                       0x08005c04   Section        0  lcd.o(.text.lcdGotoXY)
    [Anonymous Symbol]                       0x08005c40   Section        0  output.o(.text.lcdInitTemp)
    [Anonymous Symbol]                       0x08005c90   Section        0  lcd.o(.text.lcdPrintC)
    [Anonymous Symbol]                       0x08005d70   Section        0  lcd.o(.text.lcdPrintInt)
    [Anonymous Symbol]                       0x08005d94   Section        0  lcd.o(.text.lcdPrintS)
    [Anonymous Symbol]                       0x08005f68   Section        0  output.o(.text.lcdPrintTemp)
    [Anonymous Symbol]                       0x08005fb0   Section        0  main.o(.text.main)
    [Anonymous Symbol]                       0x08005fe4   Section        0  gpio_basefunct.o(.text.open_drain)
    [Anonymous Symbol]                       0x08005ff8   Section        0  lcd_debug.o(.text.printDebugMsg)
    [Anonymous Symbol]                       0x080060b0   Section        0  gpio_basefunct.o(.text.push_pull)
    [Anonymous Symbol]                       0x080060c4   Section        0  one_wire.o(.text.readTemp)
    [Anonymous Symbol]                       0x080061d4   Section        0  one_wire.o(.text.read_bit)
    [Anonymous Symbol]                       0x0800620c   Section        0  one_wire.o(.text.read_byte)
    [Anonymous Symbol]                       0x08006238   Section        0  search_and_measure.o(.text.resetSearch)
    [Anonymous Symbol]                       0x0800625c   Section        0  search_and_measure.o(.text.searchAllROM)
    [Anonymous Symbol]                       0x0800629c   Section        0  search_and_measure.o(.text.searchRom)
    [Anonymous Symbol]                       0x08006460   Section        0  main.o(.text.search_and_read)
    [Anonymous Symbol]                       0x080064f4   Section        0  stdinout_usart.o(.text.stdinout_init)
    stringCopy                               0x080065a5   Thumb Code    70  lcd.o(.text.stringCopy)
    [Anonymous Symbol]                       0x080065a4   Section        0  lcd.o(.text.stringCopy)
    [Anonymous Symbol]                       0x080065ec   Section        0  time.o(.text.wait)
    [Anonymous Symbol]                       0x0800662c   Section        0  one_wire.o(.text.writeByte)
    [Anonymous Symbol]                       0x0800666c   Section        0  one_wire.o(.text.write_one)
    [Anonymous Symbol]                       0x08006684   Section        0  one_wire.o(.text.write_zero)
    i.__0sprintf                             0x0800669c   Section        0  printfa.o(i.__0sprintf)
    i.__hardfp_sqrt                          0x080066c4   Section        0  sqrt.o(i.__hardfp_sqrt)
    i.__scatterload_copy                     0x0800673e   Section       14  handlers.o(i.__scatterload_copy)
    i.__scatterload_null                     0x0800674c   Section        2  handlers.o(i.__scatterload_null)
    i.__scatterload_zeroinit                 0x0800674e   Section       14  handlers.o(i.__scatterload_zeroinit)
    i.__set_errno                            0x0800675c   Section        0  errno.o(i.__set_errno)
    _fp_digits                               0x08006769   Thumb Code   366  printfa.o(i._fp_digits)
    i._fp_digits                             0x08006768   Section        0  printfa.o(i._fp_digits)
    _printf_core                             0x080068ed   Thumb Code  1744  printfa.o(i._printf_core)
    i._printf_core                           0x080068ec   Section        0  printfa.o(i._printf_core)
    _printf_post_padding                     0x08006fc9   Thumb Code    36  printfa.o(i._printf_post_padding)
    i._printf_post_padding                   0x08006fc8   Section        0  printfa.o(i._printf_post_padding)
    _printf_pre_padding                      0x08006fed   Thumb Code    46  printfa.o(i._printf_pre_padding)
    i._printf_pre_padding                    0x08006fec   Section        0  printfa.o(i._printf_pre_padding)
    _sputc                                   0x0800701b   Thumb Code    10  printfa.o(i._sputc)
    i._sputc                                 0x0800701a   Section        0  printfa.o(i._sputc)
    .L__const.checkCRC.table                 0x08007024   Data         256  one_wire.o(.rodata..L__const.checkCRC.table)
    USART3_Resources                         0x080071d8   Data          52  usart_stm32f4xx.o(.rodata.USART3_Resources)
    [Anonymous Symbol]                       0x080071d8   Section        0  usart_stm32f4xx.o(.rodata.USART3_Resources)
    USART3_rx                                0x0800720c   Data          12  usart_stm32f4xx.o(.rodata.USART3_rx)
    [Anonymous Symbol]                       0x0800720c   Section        0  usart_stm32f4xx.o(.rodata.USART3_rx)
    USART3_tx                                0x08007218   Data          12  usart_stm32f4xx.o(.rodata.USART3_tx)
    [Anonymous Symbol]                       0x08007218   Section        0  usart_stm32f4xx.o(.rodata.USART3_tx)
    .L__const.TP_Adjust.crossPos             0x08007224   Data          16  lcd_touch.o(.rodata.cst16)
    .L__const.TP_ShowInfo.tl                 0x08007234   Data           4  lcd_touch.o(.rodata.cst4)
    .L__const.TP_ShowInfo.br                 0x08007238   Data           4  lcd_touch.o(.rodata.cst4)
    .L__const.printDebugMsg.tl               0x0800723c   Data           4  lcd_debug.o(.rodata.cst4)
    .L.str                                   0x080072a7   Data          24  main.o(.rodata.str1.1)
    [Anonymous Symbol]                       0x080072a7   Section        0  main.o(.rodata.str1.1)
    .L.str.1                                 0x080072bf   Data           8  main.o(.rodata.str1.1)
    .L.str.1                                 0x080072bf   Data           3  output.o(.rodata.str1.1)
    [Anonymous Symbol]                       0x080072bf   Section        0  output.o(.rodata.str1.1)
    .L.str                                   0x080072c2   Data           5  output.o(.rodata.str1.1)
    .L.str                                   0x080072c7   Data          37  lcd_gui.o(.rodata.str1.1)
    .L.str.2                                 0x080072c7   Data           8  main.o(.rodata.str1.1)
    [Anonymous Symbol]                       0x080072c7   Section        0  lcd_gui.o(.rodata.str1.1)
    .L.str.3                                 0x080072cf   Data           8  main.o(.rodata.str1.1)
    .L.str.4                                 0x080072d7   Data           8  main.o(.rodata.str1.1)
    .L.str.3                                 0x080072ec   Data          24  lcd_touch.o(.rodata.str1.1)
    [Anonymous Symbol]                       0x080072ec   Section        0  lcd_touch.o(.rodata.str1.1)
    .L.str.2                                 0x08007304   Data          32  lcd_touch.o(.rodata.str1.1)
    .L.str.4                                 0x08007324   Data           3  lcd_touch.o(.rodata.str1.1)
    .L.str.5                                 0x08007327   Data           3  lcd_touch.o(.rodata.str1.1)
    .L.str.6                                 0x0800732a   Data           3  lcd_touch.o(.rodata.str1.1)
    .L.str.7                                 0x0800732d   Data           3  lcd_touch.o(.rodata.str1.1)
    .L.str.8                                 0x08007330   Data           3  lcd_touch.o(.rodata.str1.1)
    .L.str.9                                 0x08007333   Data           3  lcd_touch.o(.rodata.str1.1)
    .L.str.10                                0x08007336   Data           3  lcd_touch.o(.rodata.str1.1)
    .L.str.11                                0x08007339   Data           3  lcd_touch.o(.rodata.str1.1)
    .L.str.1                                 0x0800733c   Data          42  lcd_touch.o(.rodata.str1.1)
    .L.str                                   0x08007366   Data          40  lcd_touch.o(.rodata.str1.1)
    .L.str                                   0x0800738e   Data          37  lcd_spi.o(.rodata.str1.1)
    [Anonymous Symbol]                       0x0800738e   Section        0  lcd_spi.o(.rodata.str1.1)
    .L.str                                   0x080073b3   Data          37  lcd_tim.o(.rodata.str1.1)
    [Anonymous Symbol]                       0x080073b3   Section        0  lcd_tim.o(.rodata.str1.1)
    .L.str.1                                 0x080073d8   Data           6  lcd_debug.o(.rodata.str1.1)
    [Anonymous Symbol]                       0x080073d8   Section        0  lcd_debug.o(.rodata.str1.1)
    .L.str                                   0x080073de   Data          22  lcd_debug.o(.rodata.str1.1)
    .L.str                                   0x080073f4   Data           3  lcd.o(.rodata.str1.1)
    [Anonymous Symbol]                       0x080073f4   Section        0  lcd.o(.rodata.str1.1)
    .L.str.1                                 0x080073f7   Data          72  lcd.o(.rodata.str1.1)
    usart_driver_version                     0x080073f8   Data           4  usart_stm32f4xx.o(.rodata.usart_driver_version)
    [Anonymous Symbol]                       0x080073f8   Section        0  usart_stm32f4xx.o(.rodata.usart_driver_version)
    _errno                                   0x20000000   Data           4  errno.o(.data)
    .data                                    0x20000000   Section        4  errno.o(.data)
    [Anonymous Symbol]                       0x20000004   Section        0  stm32f4xx_hal.o(.data..L_MergedGlobals)
    crd                                      0x20000018   Data           4  lcd.o(.data.crd)
    [Anonymous Symbol]                       0x20000018   Section        0  lcd.o(.data.crd)
    fontHeight                               0x2000001c   Data           4  lcd.o(.data.fontHeight)
    [Anonymous Symbol]                       0x2000001c   Section        0  lcd.o(.data.fontHeight)
    fontWidth                                0x20000020   Data           4  lcd.o(.data.fontWidth)
    [Anonymous Symbol]                       0x20000020   Section        0  lcd.o(.data.fontWidth)
    lcdFont                                  0x20000024   Data           4  lcd.o(.data.lcdFont)
    [Anonymous Symbol]                       0x20000024   Section        0  lcd.o(.data.lcdFont)
    lcdmaxx                                  0x20000028   Data           4  lcd.o(.data.lcdmaxx)
    [Anonymous Symbol]                       0x20000028   Section        0  lcd.o(.data.lcdmaxx)
    lcdmaxy                                  0x2000002c   Data           4  lcd.o(.data.lcdmaxy)
    [Anonymous Symbol]                       0x2000002c   Section        0  lcd.o(.data.lcdmaxy)
    LastDeviceFlag                           0x20000078   Data           1  search_and_measure.o(.bss.LastDeviceFlag)
    [Anonymous Symbol]                       0x20000078   Section        0  search_and_measure.o(.bss.LastDeviceFlag)
    LastDiscrepancy                          0x2000007c   Data           4  search_and_measure.o(.bss.LastDiscrepancy)
    [Anonymous Symbol]                       0x2000007c   Section        0  search_and_measure.o(.bss.LastDiscrepancy)
    LastFamilyDiscrepancy                    0x20000080   Data           4  search_and_measure.o(.bss.LastFamilyDiscrepancy)
    [Anonymous Symbol]                       0x20000080   Section        0  search_and_measure.o(.bss.LastFamilyDiscrepancy)
    USART3_Info                              0x20000084   Data          20  usart_stm32f4xx.o(.bss.USART3_Info)
    [Anonymous Symbol]                       0x20000084   Section        0  usart_stm32f4xx.o(.bss.USART3_Info)
    USART3_TransferInfo                      0x20000098   Data          36  usart_stm32f4xx.o(.bss.USART3_TransferInfo)
    [Anonymous Symbol]                       0x20000098   Section        0  usart_stm32f4xx.o(.bss.USART3_TransferInfo)
    htim4                                    0x200000bc   Data          64  lcd_tim.o(.bss.htim4)
    [Anonymous Symbol]                       0x200000bc   Section        0  lcd_tim.o(.bss.htim4)
    lcdColor                                 0x200000fc   Data           2  lcd.o(.bss.lcdColor)
    [Anonymous Symbol]                       0x200000fc   Section        0  lcd.o(.bss.lcdColor)
    sTP_DEV                                  0x20000100   Data          24  lcd_touch.o(.bss.sTP_DEV)
    [Anonymous Symbol]                       0x20000100   Section        0  lcd_touch.o(.bss.sTP_DEV)
    STACK                                    0x20000120   Section     1024  startup_stm32f429xx.o(STACK)

    Global Symbols

    Symbol Name                              Value     Ov Type        Size  Object(Section)

    BuildAttributes$$THM_ISAv4$E$P$D$K$B$S$7EM$VFPi3$EXTD16$VFPS$VFMA$PE$A:L22UL41UL21$X:L11$S22US41US21$IEEE1$IW$~IW$USESV6$~STKCKD$USESV7$~SHL$OTIME$ROPI$IEEEJ$EBA8$MICROLIB$REQ8$PRES8$EABIv2 0x00000000   Number         0  anon$$obj.o ABSOLUTE
    __cpp_initialize__aeabi_                  - Undefined Weak Reference
    __cxa_finalize                            - Undefined Weak Reference
    __decompress                              - Undefined Weak Reference
    _clock_init                               - Undefined Weak Reference
    _microlib_exit                            - Undefined Weak Reference
    __Vectors_Size                           0x000001ac   Number         0  startup_stm32f429xx.o ABSOLUTE
    __Vectors                                0x08000000   Data           4  startup_stm32f429xx.o(RESET)
    __Vectors_End                            0x080001ac   Data           0  startup_stm32f429xx.o(RESET)
    __main                                   0x080001ad   Thumb Code     0  entry.o(.ARM.Collect$$$$00000000)
    _main_stk                                0x080001ad   Thumb Code     0  entry2.o(.ARM.Collect$$$$00000001)
    _main_scatterload                        0x080001b1   Thumb Code     0  entry5.o(.ARM.Collect$$$$00000004)
    __main_after_scatterload                 0x080001b5   Thumb Code     0  entry5.o(.ARM.Collect$$$$00000004)
    _main_clock                              0x080001b5   Thumb Code     0  entry7b.o(.ARM.Collect$$$$00000008)
    _main_cpp_init                           0x080001b5   Thumb Code     0  entry8b.o(.ARM.Collect$$$$0000000A)
    _main_init                               0x080001b5   Thumb Code     0  entry9a.o(.ARM.Collect$$$$0000000B)
    __rt_final_cpp                           0x080001bd   Thumb Code     0  entry10a.o(.ARM.Collect$$$$0000000D)
    __rt_final_exit                          0x080001bd   Thumb Code     0  entry11a.o(.ARM.Collect$$$$0000000F)
    Reset_Handler                            0x080001c1   Thumb Code     8  startup_stm32f429xx.o(.text)
    ADC_IRQHandler                           0x080001db   Thumb Code     0  startup_stm32f429xx.o(.text)
    CAN1_RX0_IRQHandler                      0x080001db   Thumb Code     0  startup_stm32f429xx.o(.text)
    CAN1_RX1_IRQHandler                      0x080001db   Thumb Code     0  startup_stm32f429xx.o(.text)
    CAN1_SCE_IRQHandler                      0x080001db   Thumb Code     0  startup_stm32f429xx.o(.text)
    CAN1_TX_IRQHandler                       0x080001db   Thumb Code     0  startup_stm32f429xx.o(.text)
    CAN2_RX0_IRQHandler                      0x080001db   Thumb Code     0  startup_stm32f429xx.o(.text)
    CAN2_RX1_IRQHandler                      0x080001db   Thumb Code     0  startup_stm32f429xx.o(.text)
    CAN2_SCE_IRQHandler                      0x080001db   Thumb Code     0  startup_stm32f429xx.o(.text)
    CAN2_TX_IRQHandler                       0x080001db   Thumb Code     0  startup_stm32f429xx.o(.text)
    DCMI_IRQHandler                          0x080001db   Thumb Code     0  startup_stm32f429xx.o(.text)
    DMA1_Stream0_IRQHandler                  0x080001db   Thumb Code     0  startup_stm32f429xx.o(.text)
    DMA1_Stream1_IRQHandler                  0x080001db   Thumb Code     0  startup_stm32f429xx.o(.text)
    DMA1_Stream2_IRQHandler                  0x080001db   Thumb Code     0  startup_stm32f429xx.o(.text)
    DMA1_Stream3_IRQHandler                  0x080001db   Thumb Code     0  startup_stm32f429xx.o(.text)
    DMA1_Stream4_IRQHandler                  0x080001db   Thumb Code     0  startup_stm32f429xx.o(.text)
    DMA1_Stream5_IRQHandler                  0x080001db   Thumb Code     0  startup_stm32f429xx.o(.text)
    DMA1_Stream6_IRQHandler                  0x080001db   Thumb Code     0  startup_stm32f429xx.o(.text)
    DMA1_Stream7_IRQHandler                  0x080001db   Thumb Code     0  startup_stm32f429xx.o(.text)
    DMA2D_IRQHandler                         0x080001db   Thumb Code     0  startup_stm32f429xx.o(.text)
    DMA2_Stream0_IRQHandler                  0x080001db   Thumb Code     0  startup_stm32f429xx.o(.text)
    DMA2_Stream1_IRQHandler                  0x080001db   Thumb Code     0  startup_stm32f429xx.o(.text)
    DMA2_Stream2_IRQHandler                  0x080001db   Thumb Code     0  startup_stm32f429xx.o(.text)
    DMA2_Stream3_IRQHandler                  0x080001db   Thumb Code     0  startup_stm32f429xx.o(.text)
    DMA2_Stream4_IRQHandler                  0x080001db   Thumb Code     0  startup_stm32f429xx.o(.text)
    DMA2_Stream5_IRQHandler                  0x080001db   Thumb Code     0  startup_stm32f429xx.o(.text)
    DMA2_Stream6_IRQHandler                  0x080001db   Thumb Code     0  startup_stm32f429xx.o(.text)
    DMA2_Stream7_IRQHandler                  0x080001db   Thumb Code     0  startup_stm32f429xx.o(.text)
    ETH_WKUP_IRQHandler                      0x080001db   Thumb Code     0  startup_stm32f429xx.o(.text)
    EXTI0_IRQHandler                         0x080001db   Thumb Code     0  startup_stm32f429xx.o(.text)
    EXTI15_10_IRQHandler                     0x080001db   Thumb Code     0  startup_stm32f429xx.o(.text)
    EXTI1_IRQHandler                         0x080001db   Thumb Code     0  startup_stm32f429xx.o(.text)
    EXTI2_IRQHandler                         0x080001db   Thumb Code     0  startup_stm32f429xx.o(.text)
    EXTI3_IRQHandler                         0x080001db   Thumb Code     0  startup_stm32f429xx.o(.text)
    EXTI4_IRQHandler                         0x080001db   Thumb Code     0  startup_stm32f429xx.o(.text)
    EXTI9_5_IRQHandler                       0x080001db   Thumb Code     0  startup_stm32f429xx.o(.text)
    FLASH_IRQHandler                         0x080001db   Thumb Code     0  startup_stm32f429xx.o(.text)
    FMC_IRQHandler                           0x080001db   Thumb Code     0  startup_stm32f429xx.o(.text)
    FPU_IRQHandler                           0x080001db   Thumb Code     0  startup_stm32f429xx.o(.text)
    HASH_RNG_IRQHandler                      0x080001db   Thumb Code     0  startup_stm32f429xx.o(.text)
    I2C1_ER_IRQHandler                       0x080001db   Thumb Code     0  startup_stm32f429xx.o(.text)
    I2C1_EV_IRQHandler                       0x080001db   Thumb Code     0  startup_stm32f429xx.o(.text)
    I2C2_ER_IRQHandler                       0x080001db   Thumb Code     0  startup_stm32f429xx.o(.text)
    I2C2_EV_IRQHandler                       0x080001db   Thumb Code     0  startup_stm32f429xx.o(.text)
    I2C3_ER_IRQHandler                       0x080001db   Thumb Code     0  startup_stm32f429xx.o(.text)
    I2C3_EV_IRQHandler                       0x080001db   Thumb Code     0  startup_stm32f429xx.o(.text)
    LTDC_ER_IRQHandler                       0x080001db   Thumb Code     0  startup_stm32f429xx.o(.text)
    LTDC_IRQHandler                          0x080001db   Thumb Code     0  startup_stm32f429xx.o(.text)
    OTG_FS_IRQHandler                        0x080001db   Thumb Code     0  startup_stm32f429xx.o(.text)
    OTG_FS_WKUP_IRQHandler                   0x080001db   Thumb Code     0  startup_stm32f429xx.o(.text)
    OTG_HS_EP1_IN_IRQHandler                 0x080001db   Thumb Code     0  startup_stm32f429xx.o(.text)
    OTG_HS_EP1_OUT_IRQHandler                0x080001db   Thumb Code     0  startup_stm32f429xx.o(.text)
    OTG_HS_IRQHandler                        0x080001db   Thumb Code     0  startup_stm32f429xx.o(.text)
    OTG_HS_WKUP_IRQHandler                   0x080001db   Thumb Code     0  startup_stm32f429xx.o(.text)
    PVD_IRQHandler                           0x080001db   Thumb Code     0  startup_stm32f429xx.o(.text)
    RCC_IRQHandler                           0x080001db   Thumb Code     0  startup_stm32f429xx.o(.text)
    RTC_Alarm_IRQHandler                     0x080001db   Thumb Code     0  startup_stm32f429xx.o(.text)
    RTC_WKUP_IRQHandler                      0x080001db   Thumb Code     0  startup_stm32f429xx.o(.text)
    SAI1_IRQHandler                          0x080001db   Thumb Code     0  startup_stm32f429xx.o(.text)
    SDIO_IRQHandler                          0x080001db   Thumb Code     0  startup_stm32f429xx.o(.text)
    SPI1_IRQHandler                          0x080001db   Thumb Code     0  startup_stm32f429xx.o(.text)
    SPI2_IRQHandler                          0x080001db   Thumb Code     0  startup_stm32f429xx.o(.text)
    SPI3_IRQHandler                          0x080001db   Thumb Code     0  startup_stm32f429xx.o(.text)
    SPI4_IRQHandler                          0x080001db   Thumb Code     0  startup_stm32f429xx.o(.text)
    SPI5_IRQHandler                          0x080001db   Thumb Code     0  startup_stm32f429xx.o(.text)
    SPI6_IRQHandler                          0x080001db   Thumb Code     0  startup_stm32f429xx.o(.text)
    TAMP_STAMP_IRQHandler                    0x080001db   Thumb Code     0  startup_stm32f429xx.o(.text)
    TIM1_BRK_TIM9_IRQHandler                 0x080001db   Thumb Code     0  startup_stm32f429xx.o(.text)
    TIM1_CC_IRQHandler                       0x080001db   Thumb Code     0  startup_stm32f429xx.o(.text)
    TIM1_TRG_COM_TIM11_IRQHandler            0x080001db   Thumb Code     0  startup_stm32f429xx.o(.text)
    TIM1_UP_TIM10_IRQHandler                 0x080001db   Thumb Code     0  startup_stm32f429xx.o(.text)
    TIM2_IRQHandler                          0x080001db   Thumb Code     0  startup_stm32f429xx.o(.text)
    TIM3_IRQHandler                          0x080001db   Thumb Code     0  startup_stm32f429xx.o(.text)
    TIM4_IRQHandler                          0x080001db   Thumb Code     0  startup_stm32f429xx.o(.text)
    TIM5_IRQHandler                          0x080001db   Thumb Code     0  startup_stm32f429xx.o(.text)
    TIM6_DAC_IRQHandler                      0x080001db   Thumb Code     0  startup_stm32f429xx.o(.text)
    TIM7_IRQHandler                          0x080001db   Thumb Code     0  startup_stm32f429xx.o(.text)
    TIM8_BRK_TIM12_IRQHandler                0x080001db   Thumb Code     0  startup_stm32f429xx.o(.text)
    TIM8_CC_IRQHandler                       0x080001db   Thumb Code     0  startup_stm32f429xx.o(.text)
    TIM8_TRG_COM_TIM14_IRQHandler            0x080001db   Thumb Code     0  startup_stm32f429xx.o(.text)
    TIM8_UP_TIM13_IRQHandler                 0x080001db   Thumb Code     0  startup_stm32f429xx.o(.text)
    UART4_IRQHandler                         0x080001db   Thumb Code     0  startup_stm32f429xx.o(.text)
    UART5_IRQHandler                         0x080001db   Thumb Code     0  startup_stm32f429xx.o(.text)
    UART7_IRQHandler                         0x080001db   Thumb Code     0  startup_stm32f429xx.o(.text)
    UART8_IRQHandler                         0x080001db   Thumb Code     0  startup_stm32f429xx.o(.text)
    USART1_IRQHandler                        0x080001db   Thumb Code     0  startup_stm32f429xx.o(.text)
    USART2_IRQHandler                        0x080001db   Thumb Code     0  startup_stm32f429xx.o(.text)
    USART6_IRQHandler                        0x080001db   Thumb Code     0  startup_stm32f429xx.o(.text)
    WWDG_IRQHandler                          0x080001db   Thumb Code     0  startup_stm32f429xx.o(.text)
    __aeabi_uldivmod                         0x080001e5   Thumb Code    98  uldiv.o(.text)
    __aeabi_ldivmod                          0x08000247   Thumb Code    98  ldiv.o(.text)
    abs                                      0x080002a9   Thumb Code     8  siabs.o(.text)
    __aeabi_memcpy                           0x080002b1   Thumb Code    36  memcpya.o(.text)
    __aeabi_memcpy4                          0x080002b1   Thumb Code     0  memcpya.o(.text)
    __aeabi_memcpy8                          0x080002b1   Thumb Code     0  memcpya.o(.text)
    __aeabi_memset                           0x080002d5   Thumb Code    14  memseta.o(.text)
    __aeabi_memset4                          0x080002d5   Thumb Code     0  memseta.o(.text)
    __aeabi_memset8                          0x080002d5   Thumb Code     0  memseta.o(.text)
    __aeabi_memclr                           0x080002e3   Thumb Code     4  memseta.o(.text)
    __aeabi_memclr4                          0x080002e3   Thumb Code     0  memseta.o(.text)
    __aeabi_memclr8                          0x080002e3   Thumb Code     0  memseta.o(.text)
    _memset$wrapper                          0x080002e7   Thumb Code    18  memseta.o(.text)
    strlen                                   0x080002f9   Thumb Code    14  strlen.o(.text)
    __aeabi_ui2d                             0x08000307   Thumb Code    26  dfltui.o(.text)
    __aeabi_d2iz                             0x08000321   Thumb Code    62  dfixi.o(.text)
    __aeabi_uidiv                            0x0800035f   Thumb Code     0  uidiv.o(.text)
    __aeabi_uidivmod                         0x0800035f   Thumb Code    44  uidiv.o(.text)
    __aeabi_llsl                             0x0800038b   Thumb Code    30  llshl.o(.text)
    _ll_shift_l                              0x0800038b   Thumb Code     0  llshl.o(.text)
    __aeabi_llsr                             0x080003a9   Thumb Code    32  llushr.o(.text)
    _ll_ushift_r                             0x080003a9   Thumb Code     0  llushr.o(.text)
    __I$use$fp                               0x080003c9   Thumb Code     0  iusefp.o(.text)
    _double_round                            0x080003c9   Thumb Code    30  depilogue.o(.text)
    _double_epilogue                         0x080003e7   Thumb Code   156  depilogue.o(.text)
    __aeabi_dadd                             0x08000483   Thumb Code   322  dadd.o(.text)
    __aeabi_dsub                             0x080005c5   Thumb Code     6  dadd.o(.text)
    __aeabi_drsub                            0x080005cb   Thumb Code     6  dadd.o(.text)
    __aeabi_dmul                             0x080005d1   Thumb Code   228  dmul.o(.text)
    __aeabi_ddiv                             0x080006b5   Thumb Code   222  ddiv.o(.text)
    _dsqrt                                   0x08000793   Thumb Code   162  dsqrt.o(.text)
    __aeabi_d2ulz                            0x08000835   Thumb Code    48  dfixul.o(.text)
    __aeabi_cdrcmple                         0x08000865   Thumb Code    48  cdrcmple.o(.text)
    __scatterload                            0x08000895   Thumb Code    28  init.o(.text)
    __scatterload_rt2                        0x08000895   Thumb Code     0  init.o(.text)
    __aeabi_lasr                             0x080008b9   Thumb Code    36  llsshr.o(.text)
    _ll_sshift_r                             0x080008b9   Thumb Code     0  llsshr.o(.text)
    BusFault_Handler                         0x080008dd   Thumb Code     2  stm32f4xx_it.o(.text.BusFault_Handler)
    DebugMon_Handler                         0x080008df   Thumb Code     2  stm32f4xx_it.o(.text.DebugMon_Handler)
    Driver_Delay_ms                          0x080008e1   Thumb Code    16  lcd_tools.o(.text.Driver_Delay_ms)
    Driver_Delay_us                          0x080008f1   Thumb Code    32  lcd_tools.o(.text.Driver_Delay_us)
    ETH_IRQHandler                           0x08000911   Thumb Code     8  stm32f4xx_it.o(.text.ETH_IRQHandler)
    Error_Handler                            0x08000af9   Thumb Code   232  error.o(.text.Error_Handler)
    GPIO_High                                0x08000be1   Thumb Code    14  gpio_basefunct.o(.text.GPIO_High)
    GPIO_In                                  0x08000bf1   Thumb Code    18  gpio_basefunct.o(.text.GPIO_In)
    GPIO_Init                                0x08000c05   Thumb Code     8  lcd_gpio.o(.text.GPIO_Init)
    GPIO_Low                                 0x08000c0d   Thumb Code    16  gpio_basefunct.o(.text.GPIO_Low)
    GPIO_Out                                 0x08000c1d   Thumb Code    18  gpio_basefunct.o(.text.GPIO_Out)
    GPIO_Read                                0x08000c31   Thumb Code    46  gpio_basefunct.o(.text.GPIO_Read)
    GUI_disChar                              0x08000c61   Thumb Code   188  lcd_gui.o(.text.GUI_disChar)
    GUI_disNum                               0x08000d1d   Thumb Code   104  lcd_gui.o(.text.GUI_disNum)
    GUI_disStr                               0x08000d85   Thumb Code   276  lcd_gui.o(.text.GUI_disStr)
    GUI_drawRectangle                        0x08000e99   Thumb Code   426  lcd_gui.o(.text.GUI_drawRectangle)
    GUI_init                                 0x08001045   Thumb Code    28  lcd_gui.o(.text.GUI_init)
    HAL_DMA_Abort                            0x08001061   Thumb Code   138  stm32f4xx_hal_dma.o(.text.HAL_DMA_Abort)
    HAL_Delay                                0x080010ed   Thumb Code    32  stm32f4xx_hal.o(.text.HAL_Delay)
    HAL_ETH_ErrorCallback                    0x0800110d   Thumb Code     2  stm32f4xx_hal_eth.o(.text.HAL_ETH_ErrorCallback)
    HAL_ETH_IRQHandler                       0x0800110f   Thumb Code   106  stm32f4xx_hal_eth.o(.text.HAL_ETH_IRQHandler)
    HAL_ETH_RxCpltCallback                   0x08001179   Thumb Code     2  stm32f4xx_hal_eth.o(.text.HAL_ETH_RxCpltCallback)
    HAL_ETH_TxCpltCallback                   0x0800117b   Thumb Code     2  stm32f4xx_hal_eth.o(.text.HAL_ETH_TxCpltCallback)
    HAL_GPIO_DeInit                          0x0800117d   Thumb Code   212  stm32f4xx_hal_gpio.o(.text.HAL_GPIO_DeInit)
    HAL_GPIO_Init                            0x08001251   Thumb Code   384  stm32f4xx_hal_gpio.o(.text.HAL_GPIO_Init)
    HAL_GPIO_ReadPin                         0x080013e9   Thumb Code    10  stm32f4xx_hal_gpio.o(.text.HAL_GPIO_ReadPin)
    HAL_GPIO_TogglePin                       0x080013f3   Thumb Code    14  stm32f4xx_hal_gpio.o(.text.HAL_GPIO_TogglePin)
    HAL_GPIO_WritePin                        0x08001401   Thumb Code    10  stm32f4xx_hal_gpio.o(.text.HAL_GPIO_WritePin)
    HAL_GetTick                              0x0800140d   Thumb Code     8  stm32f4xx_hal.o(.text.HAL_GetTick)
    HAL_IncTick                              0x08001415   Thumb Code    16  stm32f4xx_hal.o(.text.HAL_IncTick)
    HAL_Init                                 0x08001429   Thumb Code    40  stm32f4xx_hal.o(.text.HAL_Init)
    HAL_InitTick                             0x08001455   Thumb Code    56  stm32f4xx_hal.o(.text.HAL_InitTick)
    HAL_MspInit                              0x08001491   Thumb Code     2  stm32f4xx_hal.o(.text.HAL_MspInit)
    HAL_NVIC_DisableIRQ                      0x08001495   Thumb Code    28  stm32f4xx_hal_cortex.o(.text.HAL_NVIC_DisableIRQ)
    HAL_NVIC_SetPriority                     0x080014b5   Thumb Code    72  stm32f4xx_hal_cortex.o(.text.HAL_NVIC_SetPriority)
    HAL_NVIC_SetPriorityGrouping             0x08001501   Thumb Code    24  stm32f4xx_hal_cortex.o(.text.HAL_NVIC_SetPriorityGrouping)
    HAL_PWREx_EnableOverDrive                0x08001521   Thumb Code    92  stm32f4xx_hal_pwr_ex.o(.text.HAL_PWREx_EnableOverDrive)
    HAL_RCC_ClockConfig                      0x08001589   Thumb Code   264  stm32f4xx_hal_rcc.o(.text.HAL_RCC_ClockConfig)
    HAL_RCC_GetPCLK1Freq                     0x0800169d   Thumb Code    20  stm32f4xx_hal_rcc.o(.text.HAL_RCC_GetPCLK1Freq)
    HAL_RCC_GetSysClockFreq                  0x080016bd   Thumb Code    80  stm32f4xx_hal_rcc.o(.text.HAL_RCC_GetSysClockFreq)
    HAL_RCC_OscConfig                        0x08001719   Thumb Code   776  stm32f4xx_hal_rcc.o(.text.HAL_RCC_OscConfig)
    HAL_SYSTICK_Config                       0x08001a31   Thumb Code    32  stm32f4xx_hal_cortex.o(.text.HAL_SYSTICK_Config)
    HAL_TIMEx_MasterConfigSynchronization    0x08001a59   Thumb Code   108  stm32f4xx_hal_tim_ex.o(.text.HAL_TIMEx_MasterConfigSynchronization)
    HAL_TIM_PWM_ConfigChannel                0x08001b25   Thumb Code   148  stm32f4xx_hal_tim.o(.text.HAL_TIM_PWM_ConfigChannel)
    HAL_TIM_PWM_Init                         0x08001bb9   Thumb Code    32  stm32f4xx_hal_tim.o(.text.HAL_TIM_PWM_Init)
    HAL_TIM_PWM_MspInit                      0x08001bd9   Thumb Code    62  lcd_tim.o(.text.HAL_TIM_PWM_MspInit)
    HAL_TIM_PWM_Start                        0x08001c19   Thumb Code    40  stm32f4xx_hal_tim.o(.text.HAL_TIM_PWM_Start)
    HardFault_Handler                        0x08001c45   Thumb Code     2  stm32f4xx_it.o(.text.HardFault_Handler)
    LCDErrHandler                            0x08001c49   Thumb Code   182  lcd_tools.o(.text.LCDErrHandler)
    LCD_clear                                0x08001ead   Thumb Code    34  lcd_driver.o(.text.LCD_clear)
    LCD_fillRectangleBW                      0x08001ed1   Thumb Code   398  lcd_driver.o(.text.LCD_fillRectangleBW)
    LCD_fillRectangleMC                      0x08002061   Thumb Code   200  lcd_driver.o(.text.LCD_fillRectangleMC)
    LCD_init                                 0x08002129   Thumb Code   112  lcd_driver.o(.text.LCD_init)
    MemManage_Handler                        0x0800243b   Thumb Code     2  stm32f4xx_it.o(.text.MemManage_Handler)
    NMI_Handler                              0x0800243d   Thumb Code     2  stm32f4xx_it.o(.text.NMI_Handler)
    PWM_SetValue                             0x080024e5   Thumb Code    56  lcd_tim.o(.text.PWM_SetValue)
    PendSV_Handler                           0x0800251d   Thumb Code     2  stm32f4xx_it.o(.text.PendSV_Handler)
    SPI4W_Read_Byte                          0x08002521   Thumb Code    10  lcd_spi.o(.text.SPI4W_Read_Byte)
    SPI4W_Write_Byte                         0x0800252d   Thumb Code    94  lcd_spi.o(.text.SPI4W_Write_Byte)
    SPIinit                                  0x080026b5   Thumb Code    14  lcd_spi.o(.text.SPIinit)
    SPIsetLCDSpeed                           0x080026c5   Thumb Code    10  lcd_spi.o(.text.SPIsetLCDSpeed)
    SPIsetTPSpeed                            0x080026d1   Thumb Code    74  lcd_spi.o(.text.SPIsetTPSpeed)
    SVC_Handler                              0x0800271b   Thumb Code     2  stm32f4xx_it.o(.text.SVC_Handler)
    SysTick_Handler                          0x0800271d   Thumb Code     4  stm32f4xx_it.o(.text.SysTick_Handler)
    SystemInit                               0x080027d9   Thumb Code    60  system_stm32f4xx.o(.text.SystemInit)
    TIM4_Init                                0x08002825   Thumb Code     8  lcd_tim.o(.text.TIM4_Init)
    TIM_Base_SetConfig                       0x0800282d   Thumb Code   172  stm32f4xx_hal_tim.o(.text.TIM_Base_SetConfig)
    TIM_CCxChannelCmd                        0x08002901   Thumb Code    30  stm32f4xx_hal_tim.o(.text.TIM_CCxChannelCmd)
    TIM_OC2_SetConfig                        0x08002981   Thumb Code    92  stm32f4xx_hal_tim.o(.text.TIM_OC2_SetConfig)
    TP_Adjust                                0x08002a85   Thumb Code  1268  lcd_touch.o(.text.TP_Adjust)
    TP_Init                                  0x08002fbd   Thumb Code    74  lcd_touch.o(.text.TP_Init)
    TP_pressed                               0x080036a1   Thumb Code     8  lcd_touch.o(.text.TP_pressed)
    USART3_IRQHandler                        0x0800372d   Thumb Code    16  usart_stm32f4xx.o(.text.USART3_IRQHandler)
    USART_IRQHandler                         0x080046ed   Thumb Code  1026  usart_stm32f4xx.o(.text.USART_IRQHandler)
    UsageFault_Handler                       0x08005665   Thumb Code     2  stm32f4xx_it.o(.text.UsageFault_Handler)
    checkCRC                                 0x080056c9   Thumb Code   184  one_wire.o(.text.checkCRC)
    checkVersionFlashFonts                   0x08005781   Thumb Code    32  fontsflash.o(.text.checkVersionFlashFonts)
    distance                                 0x080057e9   Thumb Code    94  lcd_touch.o(.text.distance)
    getTemp                                  0x08005849   Thumb Code   256  search_and_measure.o(.text.getTemp)
    initITSboard                             0x08005a89   Thumb Code    20  init.o(.text.initITSboard)
    initTimer                                0x08005a9d   Thumb Code    66  timer.o(.text.initTimer)
    init_GPIO                                0x08005ae1   Thumb Code    36  gpio_basefunct.o(.text.init_GPIO)
    io_reset                                 0x08005b05   Thumb Code    74  one_wire.o(.text.io_reset)
    itoa                                     0x08005b51   Thumb Code   180  lcd_tools.o(.text.itoa)
    lcdGotoXY                                0x08005c05   Thumb Code    58  lcd.o(.text.lcdGotoXY)
    lcdInitTemp                              0x08005c41   Thumb Code    80  output.o(.text.lcdInitTemp)
    lcdPrintC                                0x08005c91   Thumb Code   222  lcd.o(.text.lcdPrintC)
    lcdPrintInt                              0x08005d71   Thumb Code    34  lcd.o(.text.lcdPrintInt)
    lcdPrintS                                0x08005d95   Thumb Code   466  lcd.o(.text.lcdPrintS)
    lcdPrintTemp                             0x08005f69   Thumb Code    72  output.o(.text.lcdPrintTemp)
    main                                     0x08005fb1   Thumb Code    52  main.o(.text.main)
    open_drain                               0x08005fe5   Thumb Code    18  gpio_basefunct.o(.text.open_drain)
    printDebugMsg                            0x08005ff9   Thumb Code   184  lcd_debug.o(.text.printDebugMsg)
    push_pull                                0x080060b1   Thumb Code    18  gpio_basefunct.o(.text.push_pull)
    readTemp                                 0x080060c5   Thumb Code   270  one_wire.o(.text.readTemp)
    read_bit                                 0x080061d5   Thumb Code    56  one_wire.o(.text.read_bit)
    read_byte                                0x0800620d   Thumb Code    44  one_wire.o(.text.read_byte)
    resetSearch                              0x08006239   Thumb Code    34  search_and_measure.o(.text.resetSearch)
    searchAllROM                             0x0800625d   Thumb Code    64  search_and_measure.o(.text.searchAllROM)
    searchRom                                0x0800629d   Thumb Code   450  search_and_measure.o(.text.searchRom)
    search_and_read                          0x08006461   Thumb Code   148  main.o(.text.search_and_read)
    stdinout_init                            0x080064f5   Thumb Code   174  stdinout_usart.o(.text.stdinout_init)
    wait                                     0x080065ed   Thumb Code    62  time.o(.text.wait)
    writeByte                                0x0800662d   Thumb Code    62  one_wire.o(.text.writeByte)
    write_one                                0x0800666d   Thumb Code    24  one_wire.o(.text.write_one)
    write_zero                               0x08006685   Thumb Code    24  one_wire.o(.text.write_zero)
    __0sprintf                               0x0800669d   Thumb Code    34  printfa.o(i.__0sprintf)
    __1sprintf                               0x0800669d   Thumb Code     0  printfa.o(i.__0sprintf)
    __2sprintf                               0x0800669d   Thumb Code     0  printfa.o(i.__0sprintf)
    __c89sprintf                             0x0800669d   Thumb Code     0  printfa.o(i.__0sprintf)
    sprintf                                  0x0800669d   Thumb Code     0  printfa.o(i.__0sprintf)
    __hardfp_sqrt                            0x080066c5   Thumb Code   122  sqrt.o(i.__hardfp_sqrt)
    __scatterload_copy                       0x0800673f   Thumb Code    14  handlers.o(i.__scatterload_copy)
    __scatterload_null                       0x0800674d   Thumb Code     2  handlers.o(i.__scatterload_null)
    __scatterload_zeroinit                   0x0800674f   Thumb Code    14  handlers.o(i.__scatterload_zeroinit)
    __set_errno                              0x0800675d   Thumb Code     6  errno.o(i.__set_errno)
    AHBPrescTable                            0x08007124   Data          16  system_stm32f4xx.o(.rodata.AHBPrescTable)
    APBPrescTable                            0x08007134   Data           8  system_stm32f4xx.o(.rodata.APBPrescTable)
    Cross                                    0x0800713c   Data         100  lcd_touch.o(.rodata.Cross)
    Driver_USART3                            0x080071a0   Data          56  usart_stm32f4xx.o(.rodata.Driver_USART3)
    initCmds                                 0x08007240   Data         103  lcd_driver.o(.rodata.initCmds)
    Region$$Table$$Base                      0x080073fc   Number         0  anon$$obj.o(Region$$Table)
    Region$$Table$$Limit                     0x0800741c   Number         0  anon$$obj.o(Region$$Table)
    uwTickFreq                               0x20000004   Data           1  stm32f4xx_hal.o(.data..L_MergedGlobals)
    uwTickPrio                               0x20000008   Data           4  stm32f4xx_hal.o(.data..L_MergedGlobals)
    Font16FLASH                              0x2000000c   Data           8  fontsflash.o(.data.Font16FLASH)
    SystemCoreClock                          0x20000014   Data           4  system_stm32f4xx.o(.data.SystemCoreClock)
    EthHandle                                0x20000030   Data          72  stm32f4xx_it.o(.bss.EthHandle)
    uwTick                                   0x20000118   Data           4  stm32f4xx_hal.o(.bss.uwTick)
    __initial_sp                             0x20000520   Data           0  startup_stm32f429xx.o(STACK)



==============================================================================

Memory Map of the image

  Image Entry point : 0x080001ad

  Load Region LR_IROM1 (Base: 0x08000000, Size: 0x00007450, Max: 0x00200000, ABSOLUTE)

    Execution Region ER_IROM1 (Exec base: 0x08000000, Load base: 0x08000000, Size: 0x0000741c, Max: 0x00200000, ABSOLUTE)

    Exec Addr    Load Addr    Size         Type   Attr      Idx    E Section Name        Object

    0x08000000   0x08000000   0x000001ac   Data   RO          113    RESET               startup_stm32f429xx.o
    0x080001ac   0x080001ac   0x00000000   Code   RO         1950  * .ARM.Collect$$$$00000000  mc_w.l(entry.o)
    0x080001ac   0x080001ac   0x00000004   Code   RO         2008    .ARM.Collect$$$$00000001  mc_w.l(entry2.o)
    0x080001b0   0x080001b0   0x00000004   Code   RO         2011    .ARM.Collect$$$$00000004  mc_w.l(entry5.o)
    0x080001b4   0x080001b4   0x00000000   Code   RO         2013    .ARM.Collect$$$$00000008  mc_w.l(entry7b.o)
    0x080001b4   0x080001b4   0x00000000   Code   RO         2015    .ARM.Collect$$$$0000000A  mc_w.l(entry8b.o)
    0x080001b4   0x080001b4   0x00000008   Code   RO         2016    .ARM.Collect$$$$0000000B  mc_w.l(entry9a.o)
    0x080001bc   0x080001bc   0x00000000   Code   RO         2018    .ARM.Collect$$$$0000000D  mc_w.l(entry10a.o)
    0x080001bc   0x080001bc   0x00000000   Code   RO         2020    .ARM.Collect$$$$0000000F  mc_w.l(entry11a.o)
    0x080001bc   0x080001bc   0x00000004   Code   RO         2009    .ARM.Collect$$$$00002712  mc_w.l(entry2.o)
    0x080001c0   0x080001c0   0x00000024   Code   RO          114    .text               startup_stm32f429xx.o
    0x080001e4   0x080001e4   0x00000062   Code   RO         1960    .text               mc_w.l(uldiv.o)
    0x08000246   0x08000246   0x00000062   Code   RO         1962    .text               mc_w.l(ldiv.o)
    0x080002a8   0x080002a8   0x00000008   Code   RO         1964    .text               mc_w.l(siabs.o)
    0x080002b0   0x080002b0   0x00000024   Code   RO         1968    .text               mc_w.l(memcpya.o)
    0x080002d4   0x080002d4   0x00000024   Code   RO         1970    .text               mc_w.l(memseta.o)
    0x080002f8   0x080002f8   0x0000000e   Code   RO         1972    .text               mc_w.l(strlen.o)
    0x08000306   0x08000306   0x0000001a   Code   RO         2004    .text               mf_w.l(dfltui.o)
    0x08000320   0x08000320   0x0000003e   Code   RO         2006    .text               mf_w.l(dfixi.o)
    0x0800035e   0x0800035e   0x0000002c   Code   RO         2031    .text               mc_w.l(uidiv.o)
    0x0800038a   0x0800038a   0x0000001e   Code   RO         2033    .text               mc_w.l(llshl.o)
    0x080003a8   0x080003a8   0x00000020   Code   RO         2035    .text               mc_w.l(llushr.o)
    0x080003c8   0x080003c8   0x00000000   Code   RO         2044    .text               mc_w.l(iusefp.o)
    0x080003c8   0x080003c8   0x000000ba   Code   RO         2045    .text               mf_w.l(depilogue.o)
    0x08000482   0x08000482   0x0000014e   Code   RO         2047    .text               mf_w.l(dadd.o)
    0x080005d0   0x080005d0   0x000000e4   Code   RO         2049    .text               mf_w.l(dmul.o)
    0x080006b4   0x080006b4   0x000000de   Code   RO         2051    .text               mf_w.l(ddiv.o)
    0x08000792   0x08000792   0x000000a2   Code   RO         2053    .text               mf_w.l(dsqrt.o)
    0x08000834   0x08000834   0x00000030   Code   RO         2055    .text               mf_w.l(dfixul.o)
    0x08000864   0x08000864   0x00000030   Code   RO         2057    .text               mf_w.l(cdrcmple.o)
    0x08000894   0x08000894   0x00000024   Code   RO         2059    .text               mc_w.l(init.o)
    0x080008b8   0x080008b8   0x00000024   Code   RO         2061    .text               mc_w.l(llsshr.o)
    0x080008dc   0x080008dc   0x00000002   Code   RO           90    .text.BusFault_Handler  stm32f4xx_it.o
    0x080008de   0x080008de   0x00000002   Code   RO           96    .text.DebugMon_Handler  stm32f4xx_it.o
    0x080008e0   0x080008e0   0x00000010   Code   RO         1645    .text.Driver_Delay_ms  lcd_tools.o
    0x080008f0   0x080008f0   0x00000020   Code   RO         1647    .text.Driver_Delay_us  lcd_tools.o
    0x08000910   0x08000910   0x0000000c   Code   RO          102    .text.ETH_IRQHandler  stm32f4xx_it.o
    0x0800091c   0x0800091c   0x000001da   Code   RO         1901    .text.Enable_GPIO_Clock  usart_stm32f4xx.o
    0x08000af6   0x08000af6   0x00000002   PAD
    0x08000af8   0x08000af8   0x000000e8   Code   RO         1717    .text.Error_Handler  error.o
    0x08000be0   0x08000be0   0x0000000e   Code   RO         1214    .text.GPIO_High     gpio_basefunct.o
    0x08000bee   0x08000bee   0x00000002   PAD
    0x08000bf0   0x08000bf0   0x00000012   Code   RO         1210    .text.GPIO_In       gpio_basefunct.o
    0x08000c02   0x08000c02   0x00000002   PAD
    0x08000c04   0x08000c04   0x00000008   Code   RO         1613    .text.GPIO_Init     lcd_gpio.o
    0x08000c0c   0x08000c0c   0x00000010   Code   RO         1216    .text.GPIO_Low      gpio_basefunct.o
    0x08000c1c   0x08000c1c   0x00000012   Code   RO         1212    .text.GPIO_Out      gpio_basefunct.o
    0x08000c2e   0x08000c2e   0x00000002   PAD
    0x08000c30   0x08000c30   0x0000002e   Code   RO         1218    .text.GPIO_Read     gpio_basefunct.o
    0x08000c5e   0x08000c5e   0x00000002   PAD
    0x08000c60   0x08000c60   0x000000bc   Code   RO         1527    .text.GUI_disChar   lcd_gui.o
    0x08000d1c   0x08000d1c   0x00000068   Code   RO         1531    .text.GUI_disNum    lcd_gui.o
    0x08000d84   0x08000d84   0x00000114   Code   RO         1529    .text.GUI_disStr    lcd_gui.o
    0x08000e98   0x08000e98   0x000001aa   Code   RO         1525    .text.GUI_drawRectangle  lcd_gui.o
    0x08001042   0x08001042   0x00000002   PAD
    0x08001044   0x08001044   0x0000001c   Code   RO         1519    .text.GUI_init      lcd_gui.o
    0x08001060   0x08001060   0x0000008a   Code   RO          255    .text.HAL_DMA_Abort  stm32f4xx_hal_dma.o
    0x080010ea   0x080010ea   0x00000002   PAD
    0x080010ec   0x080010ec   0x00000020   Code   RO          141    .text.HAL_Delay     stm32f4xx_hal.o
    0x0800110c   0x0800110c   0x00000002   Code   RO          313    .text.HAL_ETH_ErrorCallback  stm32f4xx_hal_eth.o
    0x0800110e   0x0800110e   0x0000006a   Code   RO          307    .text.HAL_ETH_IRQHandler  stm32f4xx_hal_eth.o
    0x08001178   0x08001178   0x00000002   Code   RO          309    .text.HAL_ETH_RxCpltCallback  stm32f4xx_hal_eth.o
    0x0800117a   0x0800117a   0x00000002   Code   RO          311    .text.HAL_ETH_TxCpltCallback  stm32f4xx_hal_eth.o
    0x0800117c   0x0800117c   0x000000d4   Code   RO          357    .text.HAL_GPIO_DeInit  stm32f4xx_hal_gpio.o
    0x08001250   0x08001250   0x00000198   Code   RO          355    .text.HAL_GPIO_Init  stm32f4xx_hal_gpio.o
    0x080013e8   0x080013e8   0x0000000a   Code   RO          359    .text.HAL_GPIO_ReadPin  stm32f4xx_hal_gpio.o
    0x080013f2   0x080013f2   0x0000000e   Code   RO          363    .text.HAL_GPIO_TogglePin  stm32f4xx_hal_gpio.o
    0x08001400   0x08001400   0x0000000a   Code   RO          361    .text.HAL_GPIO_WritePin  stm32f4xx_hal_gpio.o
    0x0800140a   0x0800140a   0x00000002   PAD
    0x0800140c   0x0800140c   0x00000008   Code   RO          133    .text.HAL_GetTick   stm32f4xx_hal.o
    0x08001414   0x08001414   0x00000014   Code   RO          131    .text.HAL_IncTick   stm32f4xx_hal.o
    0x08001428   0x08001428   0x0000002c   Code   RO          121    .text.HAL_Init      stm32f4xx_hal.o
    0x08001454   0x08001454   0x0000003c   Code   RO          123    .text.HAL_InitTick  stm32f4xx_hal.o
    0x08001490   0x08001490   0x00000002   Code   RO          125    .text.HAL_MspInit   stm32f4xx_hal.o
    0x08001492   0x08001492   0x00000002   PAD
    0x08001494   0x08001494   0x00000020   Code   RO          199    .text.HAL_NVIC_DisableIRQ  stm32f4xx_hal_cortex.o
    0x080014b4   0x080014b4   0x0000004c   Code   RO          195    .text.HAL_NVIC_SetPriority  stm32f4xx_hal_cortex.o
    0x08001500   0x08001500   0x00000020   Code   RO          193    .text.HAL_NVIC_SetPriorityGrouping  stm32f4xx_hal_cortex.o
    0x08001520   0x08001520   0x00000068   Code   RO          433    .text.HAL_PWREx_EnableOverDrive  stm32f4xx_hal_pwr_ex.o
    0x08001588   0x08001588   0x00000114   Code   RO          453    .text.HAL_RCC_ClockConfig  stm32f4xx_hal_rcc.o
    0x0800169c   0x0800169c   0x00000020   Code   RO          465    .text.HAL_RCC_GetPCLK1Freq  stm32f4xx_hal_rcc.o
    0x080016bc   0x080016bc   0x0000005c   Code   RO          455    .text.HAL_RCC_GetSysClockFreq  stm32f4xx_hal_rcc.o
    0x08001718   0x08001718   0x00000318   Code   RO          451    .text.HAL_RCC_OscConfig  stm32f4xx_hal_rcc.o
    0x08001a30   0x08001a30   0x00000028   Code   RO          205    .text.HAL_SYSTICK_Config  stm32f4xx_hal_cortex.o
    0x08001a58   0x08001a58   0x00000084   Code   RO         1107    .text.HAL_TIMEx_MasterConfigSynchronization  stm32f4xx_hal_tim_ex.o
    0x08001adc   0x08001adc   0x00000048   Code   RO         1634    .text.HAL_TIM_MspPostInit  lcd_tim.o
    0x08001b24   0x08001b24   0x00000094   Code   RO          849    .text.HAL_TIM_PWM_ConfigChannel  stm32f4xx_hal_tim.o
    0x08001bb8   0x08001bb8   0x00000020   Code   RO          741    .text.HAL_TIM_PWM_Init  stm32f4xx_hal_tim.o
    0x08001bd8   0x08001bd8   0x0000003e   Code   RO         1628    .text.HAL_TIM_PWM_MspInit  lcd_tim.o
    0x08001c16   0x08001c16   0x00000002   PAD
    0x08001c18   0x08001c18   0x0000002c   Code   RO          749    .text.HAL_TIM_PWM_Start  stm32f4xx_hal_tim.o
    0x08001c44   0x08001c44   0x00000002   Code   RO           86    .text.HardFault_Handler  stm32f4xx_it.o
    0x08001c46   0x08001c46   0x00000002   PAD
    0x08001c48   0x08001c48   0x000000b6   Code   RO         1649    .text.LCDErrHandler  lcd_tools.o
    0x08001cfe   0x08001cfe   0x00000002   PAD
    0x08001d00   0x08001d00   0x0000004a   Code   RO         1485    .text.LCD_Reset     lcd_driver.o
    0x08001d4a   0x08001d4a   0x00000002   PAD
    0x08001d4c   0x08001d4c   0x00000014   Code   RO         1487    .text.LCD_SetBackLight  lcd_driver.o
    0x08001d60   0x08001d60   0x00000022   Code   RO         1491    .text.LCD_SetGramScanWay  lcd_driver.o
    0x08001d82   0x08001d82   0x00000002   PAD
    0x08001d84   0x08001d84   0x00000048   Code   RO         1493    .text.LCD_WriteCMD  lcd_driver.o
    0x08001dcc   0x08001dcc   0x00000056   Code   RO         1489    .text.LCD_WriteCMDList  lcd_driver.o
    0x08001e22   0x08001e22   0x00000002   PAD
    0x08001e24   0x08001e24   0x00000016   Code   RO         1503    .text.LCD_WriteParam  lcd_driver.o
    0x08001e3a   0x08001e3a   0x00000002   PAD
    0x08001e3c   0x08001e3c   0x00000070   Code   RO         1499    .text.LCD_WriteParameters  lcd_driver.o
    0x08001eac   0x08001eac   0x00000022   Code   RO         1505    .text.LCD_clear     lcd_driver.o
    0x08001ece   0x08001ece   0x00000002   PAD
    0x08001ed0   0x08001ed0   0x0000018e   Code   RO         1501    .text.LCD_fillRectangleBW  lcd_driver.o
    0x0800205e   0x0800205e   0x00000002   PAD
    0x08002060   0x08002060   0x000000c8   Code   RO         1495    .text.LCD_fillRectangleMC  lcd_driver.o
    0x08002128   0x08002128   0x00000070   Code   RO         1483    .text.LCD_init      lcd_driver.o
    0x08002198   0x08002198   0x00000058   Code   RO         1497    .text.LCD_setWindow  lcd_driver.o
    0x080021f0   0x080021f0   0x0000019e   Code   RO         1615    .text.MX_GPIO_Init  lcd_gpio.o
    0x0800238e   0x0800238e   0x00000002   PAD
    0x08002390   0x08002390   0x000000aa   Code   RO         1626    .text.MX_TIM4_Init  lcd_tim.o
    0x0800243a   0x0800243a   0x00000002   Code   RO           88    .text.MemManage_Handler  stm32f4xx_it.o
    0x0800243c   0x0800243c   0x00000002   Code   RO           84    .text.NMI_Handler   stm32f4xx_it.o
    0x0800243e   0x0800243e   0x00000008   Code   RO          439    .text.OUTLINED_FUNCTION_0  stm32f4xx_hal_pwr_ex.o
    0x08002446   0x08002446   0x0000000c   Code   RO          477    .text.OUTLINED_FUNCTION_0  stm32f4xx_hal_rcc.o
    0x08002452   0x08002452   0x0000000e   Code   RO          233    .text.OUTLINED_FUNCTION_1  stm32f4xx_hal_cortex.o
    0x08002460   0x08002460   0x00000006   Code   RO          929    .text.OUTLINED_FUNCTION_10  stm32f4xx_hal_tim.o
    0x08002466   0x08002466   0x00000008   Code   RO          931    .text.OUTLINED_FUNCTION_11  stm32f4xx_hal_tim.o
    0x0800246e   0x0800246e   0x0000000a   Code   RO          937    .text.OUTLINED_FUNCTION_14  stm32f4xx_hal_tim.o
    0x08002478   0x08002478   0x0000000a   Code   RO          481    .text.OUTLINED_FUNCTION_2  stm32f4xx_hal_rcc.o
    0x08002482   0x08002482   0x0000000a   Code   RO          951    .text.OUTLINED_FUNCTION_21  stm32f4xx_hal_tim.o
    0x0800248c   0x0800248c   0x0000000e   Code   RO          967    .text.OUTLINED_FUNCTION_29  stm32f4xx_hal_tim.o
    0x0800249a   0x0800249a   0x00000014   Code   RO          975    .text.OUTLINED_FUNCTION_33  stm32f4xx_hal_tim.o
    0x080024ae   0x080024ae   0x0000000a   Code   RO          993    .text.OUTLINED_FUNCTION_42  stm32f4xx_hal_tim.o
    0x080024b8   0x080024b8   0x00000008   Code   RO          919    .text.OUTLINED_FUNCTION_5  stm32f4xx_hal_tim.o
    0x080024c0   0x080024c0   0x0000000e   Code   RO          923    .text.OUTLINED_FUNCTION_7  stm32f4xx_hal_tim.o
    0x080024ce   0x080024ce   0x0000000a   Code   RO          925    .text.OUTLINED_FUNCTION_8  stm32f4xx_hal_tim.o
    0x080024d8   0x080024d8   0x0000000a   Code   RO          927    .text.OUTLINED_FUNCTION_9  stm32f4xx_hal_tim.o
    0x080024e2   0x080024e2   0x00000002   PAD
    0x080024e4   0x080024e4   0x00000038   Code   RO         1632    .text.PWM_SetValue  lcd_tim.o
    0x0800251c   0x0800251c   0x00000002   Code   RO           98    .text.PendSV_Handler  stm32f4xx_it.o
    0x0800251e   0x0800251e   0x00000002   PAD
    0x08002520   0x08002520   0x0000000a   Code   RO         1603    .text.SPI4W_Read_Byte  lcd_spi.o
    0x0800252a   0x0800252a   0x00000002   PAD
    0x0800252c   0x0800252c   0x0000005e   Code   RO         1599    .text.SPI4W_Write_Byte  lcd_spi.o
    0x0800258a   0x0800258a   0x00000002   PAD
    0x0800258c   0x0800258c   0x0000004c   Code   RO         1593    .text.SPIInitDevWithoutHAL  lcd_spi.o
    0x080025d8   0x080025d8   0x000000da   Code   RO         1591    .text.SPIInitGPIOsWithoutHAL  lcd_spi.o
    0x080026b2   0x080026b2   0x00000002   PAD
    0x080026b4   0x080026b4   0x0000000e   Code   RO         1589    .text.SPIinit       lcd_spi.o
    0x080026c2   0x080026c2   0x00000002   PAD
    0x080026c4   0x080026c4   0x0000000a   Code   RO         1597    .text.SPIsetLCDSpeed  lcd_spi.o
    0x080026ce   0x080026ce   0x00000002   PAD
    0x080026d0   0x080026d0   0x0000004a   Code   RO         1595    .text.SPIsetTPSpeed  lcd_spi.o
    0x0800271a   0x0800271a   0x00000002   Code   RO           94    .text.SVC_Handler   stm32f4xx_it.o
    0x0800271c   0x0800271c   0x00000004   Code   RO          100    .text.SysTick_Handler  stm32f4xx_it.o
    0x08002720   0x08002720   0x000000b8   Code   RO         1727    .text.SystemClock_Config  init.o
    0x080027d8   0x080027d8   0x0000004c   Code   RO           69    .text.SystemInit    system_stm32f4xx.o
    0x08002824   0x08002824   0x00000008   Code   RO         1624    .text.TIM4_Init     lcd_tim.o
    0x0800282c   0x0800282c   0x000000d4   Code   RO          691    .text.TIM_Base_SetConfig  stm32f4xx_hal_tim.o
    0x08002900   0x08002900   0x0000001e   Code   RO          725    .text.TIM_CCxChannelCmd  stm32f4xx_hal_tim.o
    0x0800291e   0x0800291e   0x00000002   PAD
    0x08002920   0x08002920   0x00000060   Code   RO          835    .text.TIM_OC1_SetConfig  stm32f4xx_hal_tim.o
    0x08002980   0x08002980   0x0000005c   Code   RO          837    .text.TIM_OC2_SetConfig  stm32f4xx_hal_tim.o
    0x080029dc   0x080029dc   0x0000005c   Code   RO          839    .text.TIM_OC3_SetConfig  stm32f4xx_hal_tim.o
    0x08002a38   0x08002a38   0x0000004c   Code   RO          841    .text.TIM_OC4_SetConfig  stm32f4xx_hal_tim.o
    0x08002a84   0x08002a84   0x000004f4   Code   RO         1553    .text.TP_Adjust     lcd_touch.o
    0x08002f78   0x08002f78   0x00000042   Code   RO         1555    .text.TP_DrawCross  lcd_touch.o
    0x08002fba   0x08002fba   0x00000002   PAD
    0x08002fbc   0x08002fbc   0x0000004a   Code   RO         1561    .text.TP_Init       lcd_touch.o
    0x08003006   0x08003006   0x00000002   PAD
    0x08003008   0x08003008   0x0000006e   Code   RO         1575    .text.TP_Read_ADC   lcd_touch.o
    0x08003076   0x08003076   0x00000002   PAD
    0x08003078   0x08003078   0x0000012a   Code   RO         1573    .text.TP_Read_ADC_Average  lcd_touch.o
    0x080031a2   0x080031a2   0x00000002   PAD
    0x080031a4   0x080031a4   0x00000020   Code   RO         1571    .text.TP_Read_ADC_XY  lcd_touch.o
    0x080031c4   0x080031c4   0x000000f4   Code   RO         1569    .text.TP_Read_TwiceADC  lcd_touch.o
    0x080032b8   0x080032b8   0x000000fc   Code   RO         1565    .text.TP_Scan       lcd_touch.o
    0x080033b4   0x080033b4   0x0000002a   Code   RO         1563    .text.TP_SetDefaultCalibration  lcd_touch.o
    0x080033de   0x080033de   0x00000002   PAD
    0x080033e0   0x080033e0   0x000002be   Code   RO         1559    .text.TP_ShowInfo   lcd_touch.o
    0x0800369e   0x0800369e   0x00000002   PAD
    0x080036a0   0x080036a0   0x00000008   Code   RO         1557    .text.TP_pressed    lcd_touch.o
    0x080036a8   0x080036a8   0x0000001c   Code   RO         1889    .text.USART3_Control  usart_stm32f4xx.o
    0x080036c4   0x080036c4   0x00000018   Code   RO         1871    .text.USART3_GetCapabilities  usart_stm32f4xx.o
    0x080036dc   0x080036dc   0x00000018   Code   RO         1895    .text.USART3_GetModemStatus  usart_stm32f4xx.o
    0x080036f4   0x080036f4   0x00000010   Code   RO         1887    .text.USART3_GetRxCount  usart_stm32f4xx.o
    0x08003704   0x08003704   0x00000018   Code   RO         1891    .text.USART3_GetStatus  usart_stm32f4xx.o
    0x0800371c   0x0800371c   0x00000010   Code   RO         1885    .text.USART3_GetTxCount  usart_stm32f4xx.o
    0x0800372c   0x0800372c   0x00000010   Code   RO         1867    .text.USART3_IRQHandler  usart_stm32f4xx.o
    0x0800373c   0x0800373c   0x00000018   Code   RO         1873    .text.USART3_Initialize  usart_stm32f4xx.o
    0x08003754   0x08003754   0x0000001c   Code   RO         1877    .text.USART3_PowerControl  usart_stm32f4xx.o
    0x08003770   0x08003770   0x0000001c   Code   RO         1881    .text.USART3_Receive  usart_stm32f4xx.o
    0x0800378c   0x0800378c   0x0000001c   Code   RO         1879    .text.USART3_Send   usart_stm32f4xx.o
    0x080037a8   0x080037a8   0x0000001c   Code   RO         1893    .text.USART3_SetModemControl  usart_stm32f4xx.o
    0x080037c4   0x080037c4   0x00000020   Code   RO         1883    .text.USART3_Transfer  usart_stm32f4xx.o
    0x080037e4   0x080037e4   0x00000010   Code   RO         1875    .text.USART3_Uninitialize  usart_stm32f4xx.o
    0x080037f4   0x080037f4   0x00000d86   Code   RO         1923    .text.USART_Control  usart_stm32f4xx.o
    0x0800457a   0x0800457a   0x00000002   PAD
    0x0800457c   0x0800457c   0x00000010   Code   RO         1897    .text.USART_GetCapabilities  usart_stm32f4xx.o
    0x0800458c   0x0800458c   0x0000006a   Code   RO         1929    .text.USART_GetModemStatus  usart_stm32f4xx.o
    0x080045f6   0x080045f6   0x00000002   PAD
    0x080045f8   0x080045f8   0x0000000e   Code   RO         1921    .text.USART_GetRxCount  usart_stm32f4xx.o
    0x08004606   0x08004606   0x00000002   PAD
    0x08004608   0x08004608   0x000000d4   Code   RO         1925    .text.USART_GetStatus  usart_stm32f4xx.o
    0x080046dc   0x080046dc   0x0000000e   Code   RO         1919    .text.USART_GetTxCount  usart_stm32f4xx.o
    0x080046ea   0x080046ea   0x00000002   PAD
    0x080046ec   0x080046ec   0x00000402   Code   RO         1865    .text.USART_IRQHandler  usart_stm32f4xx.o
    0x08004aee   0x08004aee   0x00000002   PAD
    0x08004af0   0x08004af0   0x000000e0   Code   RO         1899    .text.USART_Initialize  usart_stm32f4xx.o
    0x08004bd0   0x08004bd0   0x0000024c   Code   RO         1911    .text.USART_PeripheralReset  usart_stm32f4xx.o
    0x08004e1c   0x08004e1c   0x0000045e   Code   RO         1905    .text.USART_PowerControl  usart_stm32f4xx.o
    0x0800527a   0x0800527a   0x00000002   PAD
    0x0800527c   0x0800527c   0x000000e4   Code   RO         1915    .text.USART_Receive  usart_stm32f4xx.o
    0x08005360   0x08005360   0x000000b2   Code   RO         1913    .text.USART_Send    usart_stm32f4xx.o
    0x08005412   0x08005412   0x00000002   PAD
    0x08005414   0x08005414   0x000000e2   Code   RO         1927    .text.USART_SetModemControl  usart_stm32f4xx.o
    0x080054f6   0x080054f6   0x00000002   PAD
    0x080054f8   0x080054f8   0x00000096   Code   RO         1917    .text.USART_Transfer  usart_stm32f4xx.o
    0x0800558e   0x0800558e   0x00000002   PAD
    0x08005590   0x08005590   0x000000c0   Code   RO         1903    .text.USART_Uninitialize  usart_stm32f4xx.o
    0x08005650   0x08005650   0x00000014   Code   RO         1869    .text.USARTx_GetVersion  usart_stm32f4xx.o
    0x08005664   0x08005664   0x00000002   Code   RO           92    .text.UsageFault_Handler  stm32f4xx_it.o
    0x08005666   0x08005666   0x00000002   PAD
    0x08005668   0x08005668   0x00000030   Code   RO         1907    .text.__NVIC_ClearPendingIRQ  usart_stm32f4xx.o
    0x08005698   0x08005698   0x00000030   Code   RO         1909    .text.__NVIC_EnableIRQ  usart_stm32f4xx.o
    0x080056c8   0x080056c8   0x000000b8   Code   RO         1241    .text.checkCRC      one_wire.o
    0x08005780   0x08005780   0x00000020   Code   RO         1451    .text.checkVersionFlashFonts  fontsflash.o
    0x080057a0   0x080057a0   0x00000048   Code   RO         1601    .text.check_SPI_SR  lcd_spi.o
    0x080057e8   0x080057e8   0x0000005e   Code   RO         1551    .text.distance      lcd_touch.o
    0x08005846   0x08005846   0x00000002   PAD
    0x08005848   0x08005848   0x00000100   Code   RO         1257    .text.getTemp       search_and_measure.o
    0x08005948   0x08005948   0x00000140   Code   RO         1729    .text.initGPIOs     init.o
    0x08005a88   0x08005a88   0x00000014   Code   RO         1725    .text.initITSboard  init.o
    0x08005a9c   0x08005a9c   0x00000042   Code   RO         1857    .text.initTimer     timer.o
    0x08005ade   0x08005ade   0x00000002   PAD
    0x08005ae0   0x08005ae0   0x00000024   Code   RO         1204    .text.init_GPIO     gpio_basefunct.o
    0x08005b04   0x08005b04   0x0000004a   Code   RO         1227    .text.io_reset      one_wire.o
    0x08005b4e   0x08005b4e   0x00000002   PAD
    0x08005b50   0x08005b50   0x000000b4   Code   RO         1651    .text.itoa          lcd_tools.o
    0x08005c04   0x08005c04   0x0000003a   Code   RO         1779    .text.lcdGotoXY     lcd.o
    0x08005c3e   0x08005c3e   0x00000002   PAD
    0x08005c40   0x08005c40   0x00000050   Code   RO         1273    .text.lcdInitTemp   output.o
    0x08005c90   0x08005c90   0x000000de   Code   RO         1775    .text.lcdPrintC     lcd.o
    0x08005d6e   0x08005d6e   0x00000002   PAD
    0x08005d70   0x08005d70   0x00000022   Code   RO         1771    .text.lcdPrintInt   lcd.o
    0x08005d92   0x08005d92   0x00000002   PAD
    0x08005d94   0x08005d94   0x000001d2   Code   RO         1765    .text.lcdPrintS     lcd.o
    0x08005f66   0x08005f66   0x00000002   PAD
    0x08005f68   0x08005f68   0x00000048   Code   RO         1271    .text.lcdPrintTemp  output.o
    0x08005fb0   0x08005fb0   0x00000034   Code   RO         1179    .text.main          main.o
    0x08005fe4   0x08005fe4   0x00000012   Code   RO         1206    .text.open_drain    gpio_basefunct.o
    0x08005ff6   0x08005ff6   0x00000002   PAD
    0x08005ff8   0x08005ff8   0x000000b8   Code   RO         1683    .text.printDebugMsg  lcd_debug.o
    0x080060b0   0x080060b0   0x00000012   Code   RO         1208    .text.push_pull     gpio_basefunct.o
    0x080060c2   0x080060c2   0x00000002   PAD
    0x080060c4   0x080060c4   0x0000010e   Code   RO         1243    .text.readTemp      one_wire.o
    0x080061d2   0x080061d2   0x00000002   PAD
    0x080061d4   0x080061d4   0x00000038   Code   RO         1229    .text.read_bit      one_wire.o
    0x0800620c   0x0800620c   0x0000002c   Code   RO         1235    .text.read_byte     one_wire.o
    0x08006238   0x08006238   0x00000022   Code   RO         1255    .text.resetSearch   search_and_measure.o
    0x0800625a   0x0800625a   0x00000002   PAD
    0x0800625c   0x0800625c   0x00000040   Code   RO         1259    .text.searchAllROM  search_and_measure.o
    0x0800629c   0x0800629c   0x000001c2   Code   RO         1253    .text.searchRom     search_and_measure.o
    0x0800645e   0x0800645e   0x00000002   PAD
    0x08006460   0x08006460   0x00000094   Code   RO         1181    .text.search_and_read  main.o
    0x080064f4   0x080064f4   0x000000ae   Code   RO         1817    .text.stdinout_init  stdinout_usart.o
    0x080065a2   0x080065a2   0x00000002   PAD
    0x080065a4   0x080065a4   0x00000046   Code   RO         1767    .text.stringCopy    lcd.o
    0x080065ea   0x080065ea   0x00000002   PAD
    0x080065ec   0x080065ec   0x0000003e   Code   RO         1196    .text.wait          time.o
    0x0800662a   0x0800662a   0x00000002   PAD
    0x0800662c   0x0800662c   0x0000003e   Code   RO         1239    .text.writeByte     one_wire.o
    0x0800666a   0x0800666a   0x00000002   PAD
    0x0800666c   0x0800666c   0x00000018   Code   RO         1231    .text.write_one     one_wire.o
    0x08006684   0x08006684   0x00000018   Code   RO         1233    .text.write_zero    one_wire.o
    0x0800669c   0x0800669c   0x00000028   Code   RO         1979    i.__0sprintf        mc_w.l(printfa.o)
    0x080066c4   0x080066c4   0x0000007a   Code   RO         1944    i.__hardfp_sqrt     m_wm.l(sqrt.o)
    0x0800673e   0x0800673e   0x0000000e   Code   RO         2065    i.__scatterload_copy  mc_w.l(handlers.o)
    0x0800674c   0x0800674c   0x00000002   Code   RO         2066    i.__scatterload_null  mc_w.l(handlers.o)
    0x0800674e   0x0800674e   0x0000000e   Code   RO         2067    i.__scatterload_zeroinit  mc_w.l(handlers.o)
    0x0800675c   0x0800675c   0x0000000c   Code   RO         2039    i.__set_errno       mc_w.l(errno.o)
    0x08006768   0x08006768   0x00000184   Code   RO         1984    i._fp_digits        mc_w.l(printfa.o)
    0x080068ec   0x080068ec   0x000006dc   Code   RO         1985    i._printf_core      mc_w.l(printfa.o)
    0x08006fc8   0x08006fc8   0x00000024   Code   RO         1986    i._printf_post_padding  mc_w.l(printfa.o)
    0x08006fec   0x08006fec   0x0000002e   Code   RO         1987    i._printf_pre_padding  mc_w.l(printfa.o)
    0x0800701a   0x0800701a   0x0000000a   Code   RO         1989    i._sputc            mc_w.l(printfa.o)
    0x08007024   0x08007024   0x00000100   Data   RO         1245    .rodata..L__const.checkCRC.table  one_wire.o
    0x08007124   0x08007124   0x00000010   Data   RO           74    .rodata.AHBPrescTable  system_stm32f4xx.o
    0x08007134   0x08007134   0x00000008   Data   RO           75    .rodata.APBPrescTable  system_stm32f4xx.o
    0x0800713c   0x0800713c   0x00000064   Data   RO         1577    .rodata.Cross       lcd_touch.o
    0x080071a0   0x080071a0   0x00000038   Data   RO         1931    .rodata.Driver_USART3  usart_stm32f4xx.o
    0x080071d8   0x080071d8   0x00000034   Data   RO         1936    .rodata.USART3_Resources  usart_stm32f4xx.o
    0x0800720c   0x0800720c   0x0000000c   Data   RO         1933    .rodata.USART3_rx   usart_stm32f4xx.o
    0x08007218   0x08007218   0x0000000c   Data   RO         1932    .rodata.USART3_tx   usart_stm32f4xx.o
    0x08007224   0x08007224   0x00000010   Data   RO         1578    .rodata.cst16       lcd_touch.o
    0x08007234   0x08007234   0x00000008   Data   RO         1581    .rodata.cst4        lcd_touch.o
    0x0800723c   0x0800723c   0x00000004   Data   RO         1685    .rodata.cst4        lcd_debug.o
    0x08007240   0x08007240   0x00000067   Data   RO         1511    .rodata.initCmds    lcd_driver.o
    0x080072a7   0x080072a7   0x00000018   Data   RO         1187    .rodata.str1.1      main.o
    0x080072bf   0x080072bf   0x00000008   Data   RO         1275    .rodata.str1.1      output.o
    0x080072c7   0x080072c7   0x00000025   Data   RO         1543    .rodata.str1.1      lcd_gui.o
    0x080072ec   0x080072ec   0x000000a2   Data   RO         1579    .rodata.str1.1      lcd_touch.o
    0x0800738e   0x0800738e   0x00000025   Data   RO         1605    .rodata.str1.1      lcd_spi.o
    0x080073b3   0x080073b3   0x00000025   Data   RO         1637    .rodata.str1.1      lcd_tim.o
    0x080073d8   0x080073d8   0x0000001c   Data   RO         1686    .rodata.str1.1      lcd_debug.o
    0x080073f4   0x080073f4   0x00000003   Data   RO         1788    .rodata.str1.1      lcd.o
    0x080073f7   0x080073f7   0x00000001   PAD
    0x080073f8   0x080073f8   0x00000004   Data   RO         1937    .rodata.usart_driver_version  usart_stm32f4xx.o
    0x080073fc   0x080073fc   0x00000020   Data   RO         2064    Region$$Table       anon$$obj.o


    Execution Region RW_IRAM1 (Exec base: 0x20000000, Load base: 0x08007420, Size: 0x00000520, Max: 0x00030000, ABSOLUTE)

    Exec Addr    Load Addr    Size         Type   Attr      Idx    E Section Name        Object

    0x20000000   0x08007420   0x00000004   Data   RW         2040    .data               mc_w.l(errno.o)
    0x20000004   0x08007424   0x00000008   Data   RW          184    .data..L_MergedGlobals  stm32f4xx_hal.o
    0x2000000c   0x0800742c   0x00000008   Data   RW         1455    .data.Font16FLASH   fontsflash.o
    0x20000014   0x08007434   0x00000004   Data   RW           73    .data.SystemCoreClock  system_stm32f4xx.o
    0x20000018   0x08007438   0x00000004   Data   RW         1783    .data.crd           lcd.o
    0x2000001c   0x0800743c   0x00000004   Data   RW         1784    .data.fontHeight    lcd.o
    0x20000020   0x08007440   0x00000004   Data   RW         1782    .data.fontWidth     lcd.o
    0x20000024   0x08007444   0x00000004   Data   RW         1785    .data.lcdFont       lcd.o
    0x20000028   0x08007448   0x00000004   Data   RW         1781    .data.lcdmaxx       lcd.o
    0x2000002c   0x0800744c   0x00000004   Data   RW         1787    .data.lcdmaxy       lcd.o
    0x20000030        -       0x00000048   Zero   RW          104    .bss.EthHandle      stm32f4xx_it.o
    0x20000078        -       0x00000001   Zero   RW         1261    .bss.LastDeviceFlag  search_and_measure.o
    0x20000079   0x08007450   0x00000003   PAD
    0x2000007c        -       0x00000004   Zero   RW         1262    .bss.LastDiscrepancy  search_and_measure.o
    0x20000080        -       0x00000004   Zero   RW         1263    .bss.LastFamilyDiscrepancy  search_and_measure.o
    0x20000084        -       0x00000014   Zero   RW         1934    .bss.USART3_Info    usart_stm32f4xx.o
    0x20000098        -       0x00000024   Zero   RW         1935    .bss.USART3_TransferInfo  usart_stm32f4xx.o
    0x200000bc        -       0x00000040   Zero   RW         1636    .bss.htim4          lcd_tim.o
    0x200000fc        -       0x00000002   Zero   RW         1786    .bss.lcdColor       lcd.o
    0x200000fe   0x08007450   0x00000002   PAD
    0x20000100        -       0x00000018   Zero   RW         1580    .bss.sTP_DEV        lcd_touch.o
    0x20000118        -       0x00000004   Zero   RW          183    .bss.uwTick         stm32f4xx_hal.o
    0x2000011c   0x08007450   0x00000004   PAD
    0x20000120        -       0x00000400   Zero   RW          111    STACK               startup_stm32f429xx.o


==============================================================================

Image component sizes


      Code (inc. data)   RO Data    RW Data    ZI Data      Debug   Object Name

       232          0          0          0          0       2249   error.o
        32          0          0          8          0       1721   fontsflash.o
       184          0          0          0          0       1630   gpio_basefunct.o
       524          0          0          0          0       3522   init.o
       850          0          3         24          2       3567   lcd.o
       184          0         32          0          0        866   lcd_debug.o
      1252          0        103          0          0       4337   lcd_driver.o
       422          0          0          0          0       2483   lcd_gpio.o
      1022          0         37          0          0       6433   lcd_gui.o
       568          0         37          0          0       3278   lcd_spi.o
       368          0         37          0         64       5732   lcd_tim.o
       410          0          0          0          0       2890   lcd_tools.o
      3190         32        286          0         24       5963   lcd_touch.o
       200          0         24          0          0       1752   main.o
       738          0        256          0          0       2615   one_wire.o
       152          0          8          0          0        920   output.o
       804          0          0          0          9       2155   search_and_measure.o
        36          8        428          0       1024        912   startup_stm32f429xx.o
       174          0          0          0          0       1340   stdinout_usart.o
       166         12          0          8          4       7942   stm32f4xx_hal.o
       194         24          0          0          0      10586   stm32f4xx_hal_cortex.o
       138          0          0          0          0       9476   stm32f4xx_hal_dma.o
       112          0          0          0          0      16719   stm32f4xx_hal_eth.o
       654         24          0          0          0       5230   stm32f4xx_hal_gpio.o
       112         12          0          0          0       4597   stm32f4xx_hal_pwr_ex.o
      1214         52          0          0          0       7770   stm32f4xx_hal_rcc.o
       942         52          0          0          0      42430   stm32f4xx_hal_tim.o
       132         24          0          0          0      16640   stm32f4xx_hal_tim_ex.o
        32          4          0          0         72       4785   stm32f4xx_it.o
        76         16         24          4          0       2788   system_stm32f4xx.o
        62          0          0          0          0       1196   time.o
        66          0          0          0          0       1846   timer.o
      8676         52        136          0         56      22181   usart_stm32f4xx.o

    ----------------------------------------------------------------------
     24036        312       1444         44       1264     208551   Object Totals
         0          0         32          0          0          0   (incl. Generated)
       118          0          1          0          9          0   (incl. Padding)

    ----------------------------------------------------------------------

      Code (inc. data)   RO Data    RW Data    ZI Data      Debug   Library Member Name

       122          0          0          0          0        148   sqrt.o
         0          0          0          0          0          0   entry.o
         0          0          0          0          0          0   entry10a.o
         0          0          0          0          0          0   entry11a.o
         8          4          0          0          0          0   entry2.o
         4          0          0          0          0          0   entry5.o
         0          0          0          0          0          0   entry7b.o
         0          0          0          0          0          0   entry8b.o
         8          4          0          0          0          0   entry9a.o
        12          6          0          4          0         68   errno.o
        30          0          0          0          0          0   handlers.o
        36          8          0          0          0         68   init.o
         0          0          0          0          0          0   iusefp.o
        98          0          0          0          0         84   ldiv.o
        30          0          0          0          0         68   llshl.o
        36          0          0          0          0         68   llsshr.o
        32          0          0          0          0         68   llushr.o
        36          0          0          0          0         68   memcpya.o
        36          0          0          0          0        108   memseta.o
      2276         86          0          0          0        520   printfa.o
         8          0          0          0          0         68   siabs.o
        14          0          0          0          0         68   strlen.o
        44          0          0          0          0         80   uidiv.o
        98          0          0          0          0         92   uldiv.o
        48          0          0          0          0         68   cdrcmple.o
       334          0          0          0          0        148   dadd.o
       222          0          0          0          0        100   ddiv.o
       186          0          0          0          0        176   depilogue.o
        62          0          0          0          0         80   dfixi.o
        48          0          0          0          0         68   dfixul.o
        26          0          0          0          0         76   dfltui.o
       228          0          0          0          0         96   dmul.o
       162          0          0          0          0        100   dsqrt.o

    ----------------------------------------------------------------------
      4244        108          0          4          0       2488   Library Totals
         0          0          0          0          0          0   (incl. Padding)

    ----------------------------------------------------------------------

      Code (inc. data)   RO Data    RW Data    ZI Data      Debug   Library Name

       122          0          0          0          0        148   m_wm.l
      2806        108          0          4          0       1428   mc_w.l
      1316          0          0          0          0        912   mf_w.l

    ----------------------------------------------------------------------
      4244        108          0          4          0       2488   Library Totals

    ----------------------------------------------------------------------

==============================================================================


      Code (inc. data)   RO Data    RW Data    ZI Data      Debug   

     28280        420       1444         48       1264     209479   Grand Totals
     28280        420       1444         48       1264     209479   ELF Image Totals
     28280        420       1444         48          0          0   ROM Totals

==============================================================================

    Total RO  Size (Code + RO Data)                29724 (  29.03kB)
    Total RW  Size (RW Data + ZI Data)              1312 (   1.28kB)
    Total ROM Size (Code + RO Data + RW Data)      29772 (  29.07kB)

==============================================================================

