Component: Arm Compiler for Embedded 6.18 Tool: armlink [5e4cc100]

==============================================================================

Section Cross References

    stm32f4xx_nucleo_144.o(.ARM.exidx.text.BSP_GetVersion) refers to stm32f4xx_nucleo_144.o(.text.BSP_GetVersion) for [Anonymous Symbol]
    stm32f4xx_nucleo_144.o(.text.BSP_LED_Init) refers to stm32f4xx_hal_gpio.o(.text.HAL_GPIO_Init) for HAL_GPIO_Init
    stm32f4xx_nucleo_144.o(.text.BSP_LED_Init) refers to stm32f4xx_hal_gpio.o(.text.HAL_GPIO_WritePin) for HAL_GPIO_WritePin
    stm32f4xx_nucleo_144.o(.text.BSP_LED_Init) refers to stm32f4xx_nucleo_144.o(.rodata.GPIO_PIN) for GPIO_PIN
    stm32f4xx_nucleo_144.o(.text.BSP_LED_Init) refers to stm32f4xx_nucleo_144.o(.data.GPIO_PORT) for GPIO_PORT
    stm32f4xx_nucleo_144.o(.ARM.exidx.text.BSP_LED_Init) refers to stm32f4xx_nucleo_144.o(.text.BSP_LED_Init) for [Anonymous Symbol]
    stm32f4xx_nucleo_144.o(.text.BSP_LED_DeInit) refers to stm32f4xx_hal_gpio.o(.text.HAL_GPIO_WritePin) for HAL_GPIO_WritePin
    stm32f4xx_nucleo_144.o(.text.BSP_LED_DeInit) refers to stm32f4xx_hal_gpio.o(.text.HAL_GPIO_DeInit) for HAL_GPIO_DeInit
    stm32f4xx_nucleo_144.o(.text.BSP_LED_DeInit) refers to stm32f4xx_nucleo_144.o(.data.GPIO_PORT) for GPIO_PORT
    stm32f4xx_nucleo_144.o(.text.BSP_LED_DeInit) refers to stm32f4xx_nucleo_144.o(.rodata.GPIO_PIN) for GPIO_PIN
    stm32f4xx_nucleo_144.o(.ARM.exidx.text.BSP_LED_DeInit) refers to stm32f4xx_nucleo_144.o(.text.BSP_LED_DeInit) for [Anonymous Symbol]
    stm32f4xx_nucleo_144.o(.text.BSP_LED_On) refers to stm32f4xx_hal_gpio.o(.text.HAL_GPIO_WritePin) for HAL_GPIO_WritePin
    stm32f4xx_nucleo_144.o(.text.BSP_LED_On) refers to stm32f4xx_nucleo_144.o(.data.GPIO_PORT) for GPIO_PORT
    stm32f4xx_nucleo_144.o(.text.BSP_LED_On) refers to stm32f4xx_nucleo_144.o(.rodata.GPIO_PIN) for GPIO_PIN
    stm32f4xx_nucleo_144.o(.ARM.exidx.text.BSP_LED_On) refers to stm32f4xx_nucleo_144.o(.text.BSP_LED_On) for [Anonymous Symbol]
    stm32f4xx_nucleo_144.o(.text.BSP_LED_Off) refers to stm32f4xx_hal_gpio.o(.text.HAL_GPIO_WritePin) for HAL_GPIO_WritePin
    stm32f4xx_nucleo_144.o(.text.BSP_LED_Off) refers to stm32f4xx_nucleo_144.o(.data.GPIO_PORT) for GPIO_PORT
    stm32f4xx_nucleo_144.o(.text.BSP_LED_Off) refers to stm32f4xx_nucleo_144.o(.rodata.GPIO_PIN) for GPIO_PIN
    stm32f4xx_nucleo_144.o(.ARM.exidx.text.BSP_LED_Off) refers to stm32f4xx_nucleo_144.o(.text.BSP_LED_Off) for [Anonymous Symbol]
    stm32f4xx_nucleo_144.o(.text.BSP_LED_Toggle) refers to stm32f4xx_hal_gpio.o(.text.HAL_GPIO_TogglePin) for HAL_GPIO_TogglePin
    stm32f4xx_nucleo_144.o(.text.BSP_LED_Toggle) refers to stm32f4xx_nucleo_144.o(.data.GPIO_PORT) for GPIO_PORT
    stm32f4xx_nucleo_144.o(.text.BSP_LED_Toggle) refers to stm32f4xx_nucleo_144.o(.rodata.GPIO_PIN) for GPIO_PIN
    stm32f4xx_nucleo_144.o(.ARM.exidx.text.BSP_LED_Toggle) refers to stm32f4xx_nucleo_144.o(.text.BSP_LED_Toggle) for [Anonymous Symbol]
    stm32f4xx_nucleo_144.o(.text.BSP_PB_Init) refers to stm32f4xx_hal_gpio.o(.text.HAL_GPIO_Init) for HAL_GPIO_Init
    stm32f4xx_nucleo_144.o(.text.BSP_PB_Init) refers to stm32f4xx_hal_cortex.o(.text.HAL_NVIC_SetPriority) for HAL_NVIC_SetPriority
    stm32f4xx_nucleo_144.o(.text.BSP_PB_Init) refers to stm32f4xx_hal_cortex.o(.text.HAL_NVIC_EnableIRQ) for HAL_NVIC_EnableIRQ
    stm32f4xx_nucleo_144.o(.text.BSP_PB_Init) refers to stm32f4xx_nucleo_144.o(.data.BUTTON_PORT) for BUTTON_PORT
    stm32f4xx_nucleo_144.o(.ARM.exidx.text.BSP_PB_Init) refers to stm32f4xx_nucleo_144.o(.text.BSP_PB_Init) for [Anonymous Symbol]
    stm32f4xx_nucleo_144.o(.text.BSP_PB_DeInit) refers to stm32f4xx_hal_cortex.o(.text.HAL_NVIC_DisableIRQ) for HAL_NVIC_DisableIRQ
    stm32f4xx_nucleo_144.o(.text.BSP_PB_DeInit) refers to stm32f4xx_hal_gpio.o(.text.HAL_GPIO_DeInit) for HAL_GPIO_DeInit
    stm32f4xx_nucleo_144.o(.text.BSP_PB_DeInit) refers to stm32f4xx_nucleo_144.o(.data.BUTTON_PORT) for BUTTON_PORT
    stm32f4xx_nucleo_144.o(.ARM.exidx.text.BSP_PB_DeInit) refers to stm32f4xx_nucleo_144.o(.text.BSP_PB_DeInit) for [Anonymous Symbol]
    stm32f4xx_nucleo_144.o(.text.BSP_PB_GetState) refers to stm32f4xx_hal_gpio.o(.text.HAL_GPIO_ReadPin) for HAL_GPIO_ReadPin
    stm32f4xx_nucleo_144.o(.text.BSP_PB_GetState) refers to stm32f4xx_nucleo_144.o(.data.BUTTON_PORT) for BUTTON_PORT
    stm32f4xx_nucleo_144.o(.ARM.exidx.text.BSP_PB_GetState) refers to stm32f4xx_nucleo_144.o(.text.BSP_PB_GetState) for [Anonymous Symbol]
    stm32f4xx_nucleo_144.o(.text.SD_IO_Init) refers to stm32f4xx_hal_gpio.o(.text.HAL_GPIO_Init) for HAL_GPIO_Init
    stm32f4xx_nucleo_144.o(.text.SD_IO_Init) refers to stm32f4xx_nucleo_144.o(.text.OUTLINED_FUNCTION_0) for OUTLINED_FUNCTION_0
    stm32f4xx_nucleo_144.o(.text.SD_IO_Init) refers to stm32f4xx_nucleo_144.o(.text.SPIx_Init) for SPIx_Init
    stm32f4xx_nucleo_144.o(.text.SD_IO_Init) refers to stm32f4xx_nucleo_144.o(.text.SD_IO_WriteByte) for SD_IO_WriteByte
[...]
    OUTLINED_FUNCTION_11                     0x08002443   Thumb Code     8  stm32f4xx_hal_tim.o(.text.OUTLINED_FUNCTION_11)
    [Anonymous Symbol]                       0x08002442   Section        0  stm32f4xx_hal_tim.o(.text.OUTLINED_FUNCTION_11)
    OUTLINED_FUNCTION_14                     0x0800244b   Thumb Code    10  stm32f4xx_hal_tim.o(.text.OUTLINED_FUNCTION_14)
    [Anonymous Symbol]                       0x0800244a   Section        0  stm32f4xx_hal_tim.o(.text.OUTLINED_FUNCTION_14)
    OUTLINED_FUNCTION_2                      0x08002455   Thumb Code    10  stm32f4xx_hal_rcc.o(.text.OUTLINED_FUNCTION_2)
    [Anonymous Symbol]                       0x08002454   Section        0  stm32f4xx_hal_rcc.o(.text.OUTLINED_FUNCTION_2)
    OUTLINED_FUNCTION_21                     0x0800245f   Thumb Code    10  stm32f4xx_hal_tim.o(.text.OUTLINED_FUNCTION_21)
    [Anonymous Symbol]                       0x0800245e   Section        0  stm32f4xx_hal_tim.o(.text.OUTLINED_FUNCTION_21)
    OUTLINED_FUNCTION_29                     0x08002469   Thumb Code    14  stm32f4xx_hal_tim.o(.text.OUTLINED_FUNCTION_29)
    [Anonymous Symbol]                       0x08002468   Section        0  stm32f4xx_hal_tim.o(.text.OUTLINED_FUNCTION_29)
    OUTLINED_FUNCTION_33                     0x08002477   Thumb Code    20  stm32f4xx_hal_tim.o(.text.OUTLINED_FUNCTION_33)
    [Anonymous Symbol]                       0x08002476   Section        0  stm32f4xx_hal_tim.o(.text.OUTLINED_FUNCTION_33)
    OUTLINED_FUNCTION_42                     0x0800248b   Thumb Code    10  stm32f4xx_hal_tim.o(.text.OUTLINED_FUNCTION_42)
    [Anonymous Symbol]                       0x0800248a   Section        0  stm32f4xx_hal_tim.o(.text.OUTLINED_FUNCTION_42)
    OUTLINED_FUNCTION_5                      0x08002495   Thumb Code     8  stm32f4xx_hal_tim.o(.text.OUTLINED_FUNCTION_5)
    [Anonymous Symbol]                       0x08002494   Section        0  stm32f4xx_hal_tim.o(.text.OUTLINED_FUNCTION_5)
    OUTLINED_FUNCTION_7                      0x0800249d   Thumb Code    14  stm32f4xx_hal_tim.o(.text.OUTLINED_FUNCTION_7)
    [Anonymous Symbol]                       0x0800249c   Section        0  stm32f4xx_hal_tim.o(.text.OUTLINED_FUNCTION_7)
    OUTLINED_FUNCTION_8                      0x080024ab   Thumb Code    10  stm32f4xx_hal_tim.o(.text.OUTLINED_FUNCTION_8)
    [Anonymous Symbol]                       0x080024aa   Section        0  stm32f4xx_hal_tim.o(.text.OUTLINED_FUNCTION_8)
    OUTLINED_FUNCTION_9                      0x080024b5   Thumb Code    10  stm32f4xx_hal_tim.o(.text.OUTLINED_FUNCTION_9)
    [Anonymous Symbol]                       0x080024b4   Section        0  stm32f4xx_hal_tim.o(.text.OUTLINED_FUNCTION_9)
    [Anonymous Symbol]                       0x080024c0   Section        0  lcd_tim.o(.text.PWM_SetValue)
    [Anonymous Symbol]                       0x080024f8   Section        0  stm32f4xx_it.o(.text.PendSV_Handler)
    [Anonymous Symbol]                       0x080024fc   Section        0  lcd_spi.o(.text.SPI4W_Read_Byte)
    [Anonymous Symbol]                       0x08002508   Section        0  lcd_spi.o(.text.SPI4W_Write_Byte)
    SPIInitDevWithoutHAL                     0x08002569   Thumb Code    76  lcd_spi.o(.text.SPIInitDevWithoutHAL)
    [Anonymous Symbol]                       0x08002568   Section        0  lcd_spi.o(.text.SPIInitDevWithoutHAL)
    SPIInitGPIOsWithoutHAL                   0x080025b5   Thumb Code   218  lcd_spi.o(.text.SPIInitGPIOsWithoutHAL)
    [Anonymous Symbol]                       0x080025b4   Section        0  lcd_spi.o(.text.SPIInitGPIOsWithoutHAL)
    [Anonymous Symbol]                       0x08002690   Section        0  lcd_spi.o(.text.SPIinit)
    [Anonymous Symbol]                       0x080026a0   Section        0  lcd_spi.o(.text.SPIsetLCDSpeed)
    [Anonymous Symbol]                       0x080026ac   Section        0  lcd_spi.o(.text.SPIsetTPSpeed)
    [Anonymous Symbol]                       0x080026f6   Section        0  stm32f4xx_it.o(.text.SVC_Handler)
    [Anonymous Symbol]                       0x080026f8   Section        0  stm32f4xx_it.o(.text.SysTick_Handler)
    SystemClock_Config                       0x080026fd   Thumb Code   184  init.o(.text.SystemClock_Config)
    [Anonymous Symbol]                       0x080026fc   Section        0  init.o(.text.SystemClock_Config)
    [Anonymous Symbol]                       0x080027b4   Section        0  system_stm32f4xx.o(.text.SystemInit)
    __arm_cp.0_0                             0x080027f0   Number         4  system_stm32f4xx.o(.text.SystemInit)
    __arm_cp.0_1                             0x080027f4   Number         4  system_stm32f4xx.o(.text.SystemInit)
    __arm_cp.0_2                             0x080027f8   Number         4  system_stm32f4xx.o(.text.SystemInit)
    __arm_cp.0_3                             0x080027fc   Number         4  system_stm32f4xx.o(.text.SystemInit)
    [Anonymous Symbol]                       0x08002800   Section        0  lcd_tim.o(.text.TIM4_Init)
    [Anonymous Symbol]                       0x08002808   Section        0  stm32f4xx_hal_tim.o(.text.TIM_Base_SetConfig)
    __arm_cp.2_0                             0x080028b4   Number         4  stm32f4xx_hal_tim.o(.text.TIM_Base_SetConfig)
    __arm_cp.2_1                             0x080028b8   Number         4  stm32f4xx_hal_tim.o(.text.TIM_Base_SetConfig)
    __arm_cp.2_2                             0x080028bc   Number         4  stm32f4xx_hal_tim.o(.text.TIM_Base_SetConfig)
    __arm_cp.2_4                             0x080028c0   Number         4  stm32f4xx_hal_tim.o(.text.TIM_Base_SetConfig)
    __arm_cp.2_5                             0x080028c4   Number         4  stm32f4xx_hal_tim.o(.text.TIM_Base_SetConfig)
    __arm_cp.2_6                             0x080028c8   Number         4  stm32f4xx_hal_tim.o(.text.TIM_Base_SetConfig)
    __arm_cp.2_7                             0x080028cc   Number         4  stm32f4xx_hal_tim.o(.text.TIM_Base_SetConfig)
    __arm_cp.2_8                             0x080028d0   Number         4  stm32f4xx_hal_tim.o(.text.TIM_Base_SetConfig)
    __arm_cp.2_9                             0x080028d4   Number         4  stm32f4xx_hal_tim.o(.text.TIM_Base_SetConfig)
    __arm_cp.2_10                            0x080028d8   Number         4  stm32f4xx_hal_tim.o(.text.TIM_Base_SetConfig)
    [Anonymous Symbol]                       0x080028dc   Section        0  stm32f4xx_hal_tim.o(.text.TIM_CCxChannelCmd)
    TIM_OC1_SetConfig                        0x080028fd   Thumb Code    96  stm32f4xx_hal_tim.o(.text.TIM_OC1_SetConfig)
    [Anonymous Symbol]                       0x080028fc   Section        0  stm32f4xx_hal_tim.o(.text.TIM_OC1_SetConfig)
    [Anonymous Symbol]                       0x0800295c   Section        0  stm32f4xx_hal_tim.o(.text.TIM_OC2_SetConfig)
    TIM_OC3_SetConfig                        0x080029b9   Thumb Code    92  stm32f4xx_hal_tim.o(.text.TIM_OC3_SetConfig)
    [Anonymous Symbol]                       0x080029b8   Section        0  stm32f4xx_hal_tim.o(.text.TIM_OC3_SetConfig)
    TIM_OC4_SetConfig                        0x08002a15   Thumb Code    72  stm32f4xx_hal_tim.o(.text.TIM_OC4_SetConfig)
    [Anonymous Symbol]                       0x08002a14   Section        0  stm32f4xx_hal_tim.o(.text.TIM_OC4_SetConfig)
    __arm_cp.77_0                            0x08002a5c   Number         4  stm32f4xx_hal_tim.o(.text.TIM_OC4_SetConfig)
    [Anonymous Symbol]                       0x08002a60   Section        0  lcd_touch.o(.text.TP_Adjust)
    TP_DrawCross                             0x08002f55   Thumb Code    66  lcd_touch.o(.text.TP_DrawCross)
    [Anonymous Symbol]                       0x08002f54   Section        0  lcd_touch.o(.text.TP_DrawCross)
    [Anonymous Symbol]                       0x08002f98   Section        0  lcd_touch.o(.text.TP_Init)
    TP_Read_ADC                              0x08002fe5   Thumb Code   110  lcd_touch.o(.text.TP_Read_ADC)
    [Anonymous Symbol]                       0x08002fe4   Section        0  lcd_touch.o(.text.TP_Read_ADC)
    TP_Read_ADC_Average                      0x08003055   Thumb Code   298  lcd_touch.o(.text.TP_Read_ADC_Average)
    [Anonymous Symbol]                       0x08003054   Section        0  lcd_touch.o(.text.TP_Read_ADC_Average)
    TP_Read_ADC_XY                           0x08003181   Thumb Code    32  lcd_touch.o(.text.TP_Read_ADC_XY)
    [Anonymous Symbol]                       0x08003180   Section        0  lcd_touch.o(.text.TP_Read_ADC_XY)
    TP_Read_TwiceADC                         0x080031a1   Thumb Code   244  lcd_touch.o(.text.TP_Read_TwiceADC)
    [Anonymous Symbol]                       0x080031a0   Section        0  lcd_touch.o(.text.TP_Read_TwiceADC)
    TP_Scan                                  0x08003295   Thumb Code   252  lcd_touch.o(.text.TP_Scan)
    [Anonymous Symbol]                       0x08003294   Section        0  lcd_touch.o(.text.TP_Scan)
    TP_SetDefaultCalibration                 0x08003391   Thumb Code    42  lcd_touch.o(.text.TP_SetDefaultCalibration)
    [Anonymous Symbol]                       0x08003390   Section        0  lcd_touch.o(.text.TP_SetDefaultCalibration)
    TP_ShowInfo                              0x080033bd   Thumb Code   702  lcd_touch.o(.text.TP_ShowInfo)
    [Anonymous Symbol]                       0x080033bc   Section        0  lcd_touch.o(.text.TP_ShowInfo)
    [Anonymous Symbol]                       0x0800367c   Section        0  lcd_touch.o(.text.TP_pressed)
    USART3_Control                           0x08003685   Thumb Code    28  usart_stm32f4xx.o(.text.USART3_Control)
    [Anonymous Symbol]                       0x08003684   Section        0  usart_stm32f4xx.o(.text.USART3_Control)
    USART3_GetCapabilities                   0x080036a1   Thumb Code    24  usart_stm32f4xx.o(.text.USART3_GetCapabilities)
    [Anonymous Symbol]                       0x080036a0   Section        0  usart_stm32f4xx.o(.text.USART3_GetCapabilities)
    USART3_GetModemStatus                    0x080036b9   Thumb Code    24  usart_stm32f4xx.o(.text.USART3_GetModemStatus)
    [Anonymous Symbol]                       0x080036b8   Section        0  usart_stm32f4xx.o(.text.USART3_GetModemStatus)
    USART3_GetRxCount                        0x080036d1   Thumb Code    16  usart_stm32f4xx.o(.text.USART3_GetRxCount)
    [Anonymous Symbol]                       0x080036d0   Section        0  usart_stm32f4xx.o(.text.USART3_GetRxCount)
    USART3_GetStatus                         0x080036e1   Thumb Code    24  usart_stm32f4xx.o(.text.USART3_GetStatus)
    [Anonymous Symbol]                       0x080036e0   Section        0  usart_stm32f4xx.o(.text.USART3_GetStatus)
    USART3_GetTxCount                        0x080036f9   Thumb Code    16  usart_stm32f4xx.o(.text.USART3_GetTxCount)
    [Anonymous Symbol]                       0x080036f8   Section        0  usart_stm32f4xx.o(.text.USART3_GetTxCount)
    [Anonymous Symbol]                       0x08003708   Section        0  usart_stm32f4xx.o(.text.USART3_IRQHandler)
    USART3_Initialize                        0x08003719   Thumb Code    24  usart_stm32f4xx.o(.text.USART3_Initialize)
    [Anonymous Symbol]                       0x08003718   Section        0  usart_stm32f4xx.o(.text.USART3_Initialize)
    USART3_PowerControl                      0x08003731   Thumb Code    28  usart_stm32f4xx.o(.text.USART3_PowerControl)
    [Anonymous Symbol]                       0x08003730   Section        0  usart_stm32f4xx.o(.text.USART3_PowerControl)
    USART3_Receive                           0x0800374d   Thumb Code    28  usart_stm32f4xx.o(.text.USART3_Receive)
    [Anonymous Symbol]                       0x0800374c   Section        0  usart_stm32f4xx.o(.text.USART3_Receive)
    USART3_Send                              0x08003769   Thumb Code    28  usart_stm32f4xx.o(.text.USART3_Send)
    [Anonymous Symbol]                       0x08003768   Section        0  usart_stm32f4xx.o(.text.USART3_Send)
    USART3_SetModemControl                   0x08003785   Thumb Code    28  usart_stm32f4xx.o(.text.USART3_SetModemControl)
    [Anonymous Symbol]                       0x08003784   Section        0  usart_stm32f4xx.o(.text.USART3_SetModemControl)
    USART3_Transfer                          0x080037a1   Thumb Code    32  usart_stm32f4xx.o(.text.USART3_Transfer)
    [Anonymous Symbol]                       0x080037a0   Section        0  usart_stm32f4xx.o(.text.USART3_Transfer)
    USART3_Uninitialize                      0x080037c1   Thumb Code    16  usart_stm32f4xx.o(.text.USART3_Uninitialize)
    [Anonymous Symbol]                       0x080037c0   Section        0  usart_stm32f4xx.o(.text.USART3_Uninitialize)
    USART_Control                            0x080037d1   Thumb Code  3462  usart_stm32f4xx.o(.text.USART_Control)
    [Anonymous Symbol]                       0x080037d0   Section        0  usart_stm32f4xx.o(.text.USART_Control)
    USART_GetCapabilities                    0x08004559   Thumb Code    16  usart_stm32f4xx.o(.text.USART_GetCapabilities)
    [Anonymous Symbol]                       0x08004558   Section        0  usart_stm32f4xx.o(.text.USART_GetCapabilities)
    USART_GetModemStatus                     0x08004569   Thumb Code   106  usart_stm32f4xx.o(.text.USART_GetModemStatus)
    [Anonymous Symbol]                       0x08004568   Section        0  usart_stm32f4xx.o(.text.USART_GetModemStatus)
    USART_GetRxCount                         0x080045d5   Thumb Code    14  usart_stm32f4xx.o(.text.USART_GetRxCount)
    [Anonymous Symbol]                       0x080045d4   Section        0  usart_stm32f4xx.o(.text.USART_GetRxCount)
    USART_GetStatus                          0x080045e5   Thumb Code   212  usart_stm32f4xx.o(.text.USART_GetStatus)
    [Anonymous Symbol]                       0x080045e4   Section        0  usart_stm32f4xx.o(.text.USART_GetStatus)
    USART_GetTxCount                         0x080046b9   Thumb Code    14  usart_stm32f4xx.o(.text.USART_GetTxCount)
    [Anonymous Symbol]                       0x080046b8   Section        0  usart_stm32f4xx.o(.text.USART_GetTxCount)
    [Anonymous Symbol]                       0x080046c8   Section        0  usart_stm32f4xx.o(.text.USART_IRQHandler)
    USART_Initialize                         0x08004acd   Thumb Code   224  usart_stm32f4xx.o(.text.USART_Initialize)
    [Anonymous Symbol]                       0x08004acc   Section        0  usart_stm32f4xx.o(.text.USART_Initialize)
    USART_PeripheralReset                    0x08004bad   Thumb Code   588  usart_stm32f4xx.o(.text.USART_PeripheralReset)
    [Anonymous Symbol]                       0x08004bac   Section        0  usart_stm32f4xx.o(.text.USART_PeripheralReset)
    USART_PowerControl                       0x08004df9   Thumb Code  1118  usart_stm32f4xx.o(.text.USART_PowerControl)
    [Anonymous Symbol]                       0x08004df8   Section        0  usart_stm32f4xx.o(.text.USART_PowerControl)
    USART_Receive                            0x08005259   Thumb Code   228  usart_stm32f4xx.o(.text.USART_Receive)
    [Anonymous Symbol]                       0x08005258   Section        0  usart_stm32f4xx.o(.text.USART_Receive)
    USART_Send                               0x0800533d   Thumb Code   178  usart_stm32f4xx.o(.text.USART_Send)
    [Anonymous Symbol]                       0x0800533c   Section        0  usart_stm32f4xx.o(.text.USART_Send)
    USART_SetModemControl                    0x080053f1   Thumb Code   226  usart_stm32f4xx.o(.text.USART_SetModemControl)
    [Anonymous Symbol]                       0x080053f0   Section        0  usart_stm32f4xx.o(.text.USART_SetModemControl)
    USART_Transfer                           0x080054d5   Thumb Code   150  usart_stm32f4xx.o(.text.USART_Transfer)
    [Anonymous Symbol]                       0x080054d4   Section        0  usart_stm32f4xx.o(.text.USART_Transfer)
    USART_Uninitialize                       0x0800556d   Thumb Code   192  usart_stm32f4xx.o(.text.USART_Uninitialize)
    [Anonymous Symbol]                       0x0800556c   Section        0  usart_stm32f4xx.o(.text.USART_Uninitialize)
    USARTx_GetVersion                        0x0800562d   Thumb Code    20  usart_stm32f4xx.o(.text.USARTx_GetVersion)
    [Anonymous Symbol]                       0x0800562c   Section        0  usart_stm32f4xx.o(.text.USARTx_GetVersion)
    [Anonymous Symbol]                       0x08005640   Section        0  stm32f4xx_it.o(.text.UsageFault_Handler)
    __NVIC_ClearPendingIRQ                   0x08005645   Thumb Code    48  usart_stm32f4xx.o(.text.__NVIC_ClearPendingIRQ)
    [Anonymous Symbol]                       0x08005644   Section        0  usart_stm32f4xx.o(.text.__NVIC_ClearPendingIRQ)
    __NVIC_EnableIRQ                         0x08005675   Thumb Code    48  usart_stm32f4xx.o(.text.__NVIC_EnableIRQ)
    [Anonymous Symbol]                       0x08005674   Section        0  usart_stm32f4xx.o(.text.__NVIC_EnableIRQ)
    [Anonymous Symbol]                       0x080056a4   Section        0  fontsflash.o(.text.checkVersionFlashFonts)
    check_SPI_SR                             0x080056c5   Thumb Code    72  lcd_spi.o(.text.check_SPI_SR)
    [Anonymous Symbol]                       0x080056c4   Section        0  lcd_spi.o(.text.check_SPI_SR)
    [Anonymous Symbol]                       0x0800570c   Section        0  main.o(.text.demoTemp)
    [Anonymous Symbol]                       0x080057f4   Section        0  lcd_touch.o(.text.distance)
    [Anonymous Symbol]                       0x08005854   Section        0  main.o(.text.getTemp)
    initGPIOs                                0x080058b5   Thumb Code   320  init.o(.text.initGPIOs)
    [Anonymous Symbol]                       0x080058b4   Section        0  init.o(.text.initGPIOs)
    [Anonymous Symbol]                       0x080059f4   Section        0  init.o(.text.initITSboard)
    [Anonymous Symbol]                       0x08005a08   Section        0  timer.o(.text.initTimer)
    [Anonymous Symbol]                       0x08005a4c   Section        0  gpio_basefunct.o(.text.init_GPIO)
    [Anonymous Symbol]                       0x08005a70   Section        0  one_wire.o(.text.io_reset)
    [Anonymous Symbol]                       0x08005a94   Section        0  lcd_tools.o(.text.itoa)
    [Anonymous Symbol]                       0x08005b48   Section        0  lcd.o(.text.lcdGotoXY)
    [Anonymous Symbol]                       0x08005b84   Section        0  lcd.o(.text.lcdPrintInt)
    [Anonymous Symbol]                       0x08005ba8   Section        0  lcd.o(.text.lcdPrintS)
    [Anonymous Symbol]                       0x08005d7c   Section        0  main.o(.text.main)
    [Anonymous Symbol]                       0x08005dbc   Section        0  gpio_basefunct.o(.text.open_drain)
    [Anonymous Symbol]                       0x08005dd0   Section        0  lcd_debug.o(.text.printDebugMsg)
    [Anonymous Symbol]                       0x08005e88   Section        0  gpio_basefunct.o(.text.push_pull)
    [Anonymous Symbol]                       0x08005e9c   Section        0  one_wire.o(.text.readTemp)
    [Anonymous Symbol]                       0x08005fac   Section        0  one_wire.o(.text.read_bit)
    [Anonymous Symbol]                       0x08005fe4   Section        0  one_wire.o(.text.read_byte)
    [Anonymous Symbol]                       0x08006010   Section        0  stdinout_usart.o(.text.stdinout_init)
    stringCopy                               0x080060c1   Thumb Code    70  lcd.o(.text.stringCopy)
    [Anonymous Symbol]                       0x080060c0   Section        0  lcd.o(.text.stringCopy)
    [Anonymous Symbol]                       0x08006108   Section        0  time.o(.text.wait)
    [Anonymous Symbol]                       0x08006148   Section        0  one_wire.o(.text.writeByte)
    [Anonymous Symbol]                       0x08006188   Section        0  one_wire.o(.text.write_one)
    [Anonymous Symbol]                       0x080061a0   Section        0  one_wire.o(.text.write_zero)
    i.__0sprintf                             0x080061b8   Section        0  printfa.o(i.__0sprintf)
    i.__hardfp_sqrt                          0x080061e0   Section        0  sqrt.o(i.__hardfp_sqrt)
    i.__scatterload_copy                     0x0800625a   Section       14  handlers.o(i.__scatterload_copy)
    i.__scatterload_null                     0x08006268   Section        2  handlers.o(i.__scatterload_null)
    i.__scatterload_zeroinit                 0x0800626a   Section       14  handlers.o(i.__scatterload_zeroinit)
    i.__set_errno                            0x08006278   Section        0  errno.o(i.__set_errno)
    _fp_digits                               0x08006285   Thumb Code   366  printfa.o(i._fp_digits)
    i._fp_digits                             0x08006284   Section        0  printfa.o(i._fp_digits)
    _printf_core                             0x08006409   Thumb Code  1744  printfa.o(i._printf_core)
    i._printf_core                           0x08006408   Section        0  printfa.o(i._printf_core)
    _printf_post_padding                     0x08006ae5   Thumb Code    36  printfa.o(i._printf_post_padding)
    i._printf_post_padding                   0x08006ae4   Section        0  printfa.o(i._printf_post_padding)
    _printf_pre_padding                      0x08006b09   Thumb Code    46  printfa.o(i._printf_pre_padding)
    i._printf_pre_padding                    0x08006b08   Section        0  printfa.o(i._printf_pre_padding)
    _sputc                                   0x08006b37   Thumb Code    10  printfa.o(i._sputc)
    i._sputc                                 0x08006b36   Section        0  printfa.o(i._sputc)
    USART3_Resources                         0x08006bf4   Data          52  usart_stm32f4xx.o(.rodata.USART3_Resources)
    [Anonymous Symbol]                       0x08006bf4   Section        0  usart_stm32f4xx.o(.rodata.USART3_Resources)
    USART3_rx                                0x08006c28   Data          12  usart_stm32f4xx.o(.rodata.USART3_rx)
    [Anonymous Symbol]                       0x08006c28   Section        0  usart_stm32f4xx.o(.rodata.USART3_rx)
    USART3_tx                                0x08006c34   Data          12  usart_stm32f4xx.o(.rodata.USART3_tx)
    [Anonymous Symbol]                       0x08006c34   Section        0  usart_stm32f4xx.o(.rodata.USART3_tx)
    .L__const.TP_Adjust.crossPos             0x08006c40   Data          16  lcd_touch.o(.rodata.cst16)
    .L__const.TP_ShowInfo.tl                 0x08006c50   Data           4  lcd_touch.o(.rodata.cst4)
    .L__const.TP_ShowInfo.br                 0x08006c54   Data           4  lcd_touch.o(.rodata.cst4)
    .L__const.printDebugMsg.tl               0x08006c58   Data           4  lcd_debug.o(.rodata.cst4)
    .L.str                                   0x08006cc3   Data           8  main.o(.rodata.str1.1)
    [Anonymous Symbol]                       0x08006cc3   Section        0  main.o(.rodata.str1.1)
    .L.str.1                                 0x08006ccb   Data           8  main.o(.rodata.str1.1)
    .L.str.2                                 0x08006cd3   Data           8  main.o(.rodata.str1.1)
    .L.str.3                                 0x08006cdb   Data           8  main.o(.rodata.str1.1)
    .L.str                                   0x08006ce3   Data          37  lcd_gui.o(.rodata.str1.1)
    [Anonymous Symbol]                       0x08006ce3   Section        0  lcd_gui.o(.rodata.str1.1)
    .L.str.3                                 0x08006d08   Data          24  lcd_touch.o(.rodata.str1.1)
    [Anonymous Symbol]                       0x08006d08   Section        0  lcd_touch.o(.rodata.str1.1)
    .L.str.2                                 0x08006d20   Data          32  lcd_touch.o(.rodata.str1.1)
    .L.str.4                                 0x08006d40   Data           3  lcd_touch.o(.rodata.str1.1)
    .L.str.5                                 0x08006d43   Data           3  lcd_touch.o(.rodata.str1.1)
    .L.str.6                                 0x08006d46   Data           3  lcd_touch.o(.rodata.str1.1)
    .L.str.7                                 0x08006d49   Data           3  lcd_touch.o(.rodata.str1.1)
    .L.str.8                                 0x08006d4c   Data           3  lcd_touch.o(.rodata.str1.1)
    .L.str.9                                 0x08006d4f   Data           3  lcd_touch.o(.rodata.str1.1)
    .L.str.10                                0x08006d52   Data           3  lcd_touch.o(.rodata.str1.1)
    .L.str.11                                0x08006d55   Data           3  lcd_touch.o(.rodata.str1.1)
    .L.str.1                                 0x08006d58   Data          42  lcd_touch.o(.rodata.str1.1)
    .L.str                                   0x08006d82   Data          40  lcd_touch.o(.rodata.str1.1)
    .L.str                                   0x08006daa   Data          37  lcd_spi.o(.rodata.str1.1)
    [Anonymous Symbol]                       0x08006daa   Section        0  lcd_spi.o(.rodata.str1.1)
    .L.str                                   0x08006dcf   Data          37  lcd_tim.o(.rodata.str1.1)
    [Anonymous Symbol]                       0x08006dcf   Section        0  lcd_tim.o(.rodata.str1.1)
    .L.str.1                                 0x08006df4   Data           6  lcd_debug.o(.rodata.str1.1)
    [Anonymous Symbol]                       0x08006df4   Section        0  lcd_debug.o(.rodata.str1.1)
    .L.str                                   0x08006dfa   Data          22  lcd_debug.o(.rodata.str1.1)
    .L.str                                   0x08006e10   Data           3  lcd.o(.rodata.str1.1)
    [Anonymous Symbol]                       0x08006e10   Section        0  lcd.o(.rodata.str1.1)
    .L.str.1                                 0x08006e13   Data          72  lcd.o(.rodata.str1.1)
    usart_driver_version                     0x08006e14   Data           4  usart_stm32f4xx.o(.rodata.usart_driver_version)
    [Anonymous Symbol]                       0x08006e14   Section        0  usart_stm32f4xx.o(.rodata.usart_driver_version)
    _errno                                   0x20000000   Data           4  errno.o(.data)
    .data                                    0x20000000   Section        4  errno.o(.data)
    [Anonymous Symbol]                       0x20000004   Section        0  stm32f4xx_hal.o(.data..L_MergedGlobals)
    crd                                      0x20000018   Data           4  lcd.o(.data.crd)
    [Anonymous Symbol]                       0x20000018   Section        0  lcd.o(.data.crd)
    fontHeight                               0x2000001c   Data           4  lcd.o(.data.fontHeight)
    [Anonymous Symbol]                       0x2000001c   Section        0  lcd.o(.data.fontHeight)
    fontWidth                                0x20000020   Data           4  lcd.o(.data.fontWidth)
    [Anonymous Symbol]                       0x20000020   Section        0  lcd.o(.data.fontWidth)
    lcdFont                                  0x20000024   Data           4  lcd.o(.data.lcdFont)
    [Anonymous Symbol]                       0x20000024   Section        0  lcd.o(.data.lcdFont)
    lcdmaxx                                  0x20000028   Data           4  lcd.o(.data.lcdmaxx)
    [Anonymous Symbol]                       0x20000028   Section        0  lcd.o(.data.lcdmaxx)
    lcdmaxy                                  0x2000002c   Data           4  lcd.o(.data.lcdmaxy)
    [Anonymous Symbol]                       0x2000002c   Section        0  lcd.o(.data.lcdmaxy)
    USART3_Info                              0x20000078   Data          20  usart_stm32f4xx.o(.bss.USART3_Info)
    [Anonymous Symbol]                       0x20000078   Section        0  usart_stm32f4xx.o(.bss.USART3_Info)
    USART3_TransferInfo                      0x2000008c   Data          36  usart_stm32f4xx.o(.bss.USART3_TransferInfo)
    [Anonymous Symbol]                       0x2000008c   Section        0  usart_stm32f4xx.o(.bss.USART3_TransferInfo)
    htim4                                    0x200000b0   Data          64  lcd_tim.o(.bss.htim4)
    [Anonymous Symbol]                       0x200000b0   Section        0  lcd_tim.o(.bss.htim4)
    lcdColor                                 0x200000f0   Data           2  lcd.o(.bss.lcdColor)
    [Anonymous Symbol]                       0x200000f0   Section        0  lcd.o(.bss.lcdColor)
    sTP_DEV                                  0x200000f4   Data          24  lcd_touch.o(.bss.sTP_DEV)
    [Anonymous Symbol]                       0x200000f4   Section        0  lcd_touch.o(.bss.sTP_DEV)
    STACK                                    0x20000110   Section     1024  startup_stm32f429xx.o(STACK)

    Global Symbols

    Symbol Name                              Value     Ov Type        Size  Object(Section)

    BuildAttributes$$THM_ISAv4$E$P$D$K$B$S$7EM$VFPi3$EXTD16$VFPS$VFMA$PE$A:L22UL41UL21$X:L11$S22US41US21$IEEE1$IW$~IW$USESV6$~STKCKD$USESV7$~SHL$OTIME$ROPI$IEEEJ$EBA8$MICROLIB$REQ8$PRES8$EABIv2 0x00000000   Number         0  anon$$obj.o ABSOLUTE
    __cpp_initialize__aeabi_                  - Undefined Weak Reference
    __cxa_finalize                            - Undefined Weak Reference
    __decompress                              - Undefined Weak Reference
    _clock_init                               - Undefined Weak Reference
    _microlib_exit                            - Undefined Weak Reference
    __Vectors_Size                           0x000001ac   Number         0  startup_stm32f429xx.o ABSOLUTE
    __Vectors                                0x08000000   Data           4  startup_stm32f429xx.o(RESET)
    __Vectors_End                            0x080001ac   Data           0  startup_stm32f429xx.o(RESET)
    __main                                   0x080001ad   Thumb Code     0  entry.o(.ARM.Collect$$$$00000000)
    _main_stk                                0x080001ad   Thumb Code     0  entry2.o(.ARM.Collect$$$$00000001)
    _main_scatterload                        0x080001b1   Thumb Code     0  entry5.o(.ARM.Collect$$$$00000004)
    __main_after_scatterload                 0x080001b5   Thumb Code     0  entry5.o(.ARM.Collect$$$$00000004)
    _main_clock                              0x080001b5   Thumb Code     0  entry7b.o(.ARM.Collect$$$$00000008)
    _main_cpp_init                           0x080001b5   Thumb Code     0  entry8b.o(.ARM.Collect$$$$0000000A)
    _main_init                               0x080001b5   Thumb Code     0  entry9a.o(.ARM.Collect$$$$0000000B)
    __rt_final_cpp                           0x080001bd   Thumb Code     0  entry10a.o(.ARM.Collect$$$$0000000D)
    __rt_final_exit                          0x080001bd   Thumb Code     0  entry11a.o(.ARM.Collect$$$$0000000F)
    Reset_Handler                            0x080001c1   Thumb Code     8  startup_stm32f429xx.o(.text)
    ADC_IRQHandler                           0x080001db   Thumb Code     0  startup_stm32f429xx.o(.text)
    CAN1_RX0_IRQHandler                      0x080001db   Thumb Code     0  startup_stm32f429xx.o(.text)
    CAN1_RX1_IRQHandler                      0x080001db   Thumb Code     0  startup_stm32f429xx.o(.text)
    CAN1_SCE_IRQHandler                      0x080001db   Thumb Code     0  startup_stm32f429xx.o(.text)
    CAN1_TX_IRQHandler                       0x080001db   Thumb Code     0  startup_stm32f429xx.o(.text)
    CAN2_RX0_IRQHandler                      0x080001db   Thumb Code     0  startup_stm32f429xx.o(.text)
    CAN2_RX1_IRQHandler                      0x080001db   Thumb Code     0  startup_stm32f429xx.o(.text)
    CAN2_SCE_IRQHandler                      0x080001db   Thumb Code     0  startup_stm32f429xx.o(.text)
    CAN2_TX_IRQHandler                       0x080001db   Thumb Code     0  startup_stm32f429xx.o(.text)
    DCMI_IRQHandler                          0x080001db   Thumb Code     0  startup_stm32f429xx.o(.text)
    DMA1_Stream0_IRQHandler                  0x080001db   Thumb Code     0  startup_stm32f429xx.o(.text)
    DMA1_Stream1_IRQHandler                  0x080001db   Thumb Code     0  startup_stm32f429xx.o(.text)
    DMA1_Stream2_IRQHandler                  0x080001db   Thumb Code     0  startup_stm32f429xx.o(.text)
    DMA1_Stream3_IRQHandler                  0x080001db   Thumb Code     0  startup_stm32f429xx.o(.text)
    DMA1_Stream4_IRQHandler                  0x080001db   Thumb Code     0  startup_stm32f429xx.o(.text)
    DMA1_Stream5_IRQHandler                  0x080001db   Thumb Code     0  startup_stm32f429xx.o(.text)
    DMA1_Stream6_IRQHandler                  0x080001db   Thumb Code     0  startup_stm32f429xx.o(.text)
    DMA1_Stream7_IRQHandler                  0x080001db   Thumb Code     0  startup_stm32f429xx.o(.text)
    DMA2D_IRQHandler                         0x080001db   Thumb Code     0  startup_stm32f429xx.o(.text)
    DMA2_Stream0_IRQHandler                  0x080001db   Thumb Code     0  startup_stm32f429xx.o(.text)
    DMA2_Stream1_IRQHandler                  0x080001db   Thumb Code     0  startup_stm32f429xx.o(.text)
    DMA2_Stream2_IRQHandler                  0x080001db   Thumb Code     0  startup_stm32f429xx.o(.text)
    DMA2_Stream3_IRQHandler                  0x080001db   Thumb Code     0  startup_stm32f429xx.o(.text)
    DMA2_Stream4_IRQHandler                  0x080001db   Thumb Code     0  startup_stm32f429xx.o(.text)
    DMA2_Stream5_IRQHandler                  0x080001db   Thumb Code     0  startup_stm32f429xx.o(.text)
    DMA2_Stream6_IRQHandler                  0x080001db   Thumb Code     0  startup_stm32f429xx.o(.text)
    DMA2_Stream7_IRQHandler                  0x080001db   Thumb Code     0  startup_stm32f429xx.o(.text)
    ETH_WKUP_IRQHandler                      0x080001db   Thumb Code     0  startup_stm32f429xx.o(.text)
    EXTI0_IRQHandler                         0x080001db   Thumb Code     0  startup_stm32f429xx.o(.text)
    EXTI15_10_IRQHandler                     0x080001db   Thumb Code     0  startup_stm32f429xx.o(.text)
    EXTI1_IRQHandler                         0x080001db   Thumb Code     0  startup_stm32f429xx.o(.text)
    EXTI2_IRQHandler                         0x080001db   Thumb Code     0  startup_stm32f429xx.o(.text)
    EXTI3_IRQHandler                         0x080001db   Thumb Code     0  startup_stm32f429xx.o(.text)
    EXTI4_IRQHandler                         0x080001db   Thumb Code     0  startup_stm32f429xx.o(.text)
    EXTI9_5_IRQHandler                       0x080001db   Thumb Code     0  startup_stm32f429xx.o(.text)
    FLASH_IRQHandler                         0x080001db   Thumb Code     0  startup_stm32f429xx.o(.text)
    FMC_IRQHandler                           0x080001db   Thumb Code     0  startup_stm32f429xx.o(.text)
    FPU_IRQHandler                           0x080001db   Thumb Code     0  startup_stm32f429xx.o(.text)
    HASH_RNG_IRQHandler                      0x080001db   Thumb Code     0  startup_stm32f429xx.o(.text)
    I2C1_ER_IRQHandler                       0x080001db   Thumb Code     0  startup_stm32f429xx.o(.text)
    I2C1_EV_IRQHandler                       0x080001db   Thumb Code     0  startup_stm32f429xx.o(.text)
    I2C2_ER_IRQHandler                       0x080001db   Thumb Code     0  startup_stm32f429xx.o(.text)
    I2C2_EV_IRQHandler                       0x080001db   Thumb Code     0  startup_stm32f429xx.o(.text)
    I2C3_ER_IRQHandler                       0x080001db   Thumb Code     0  startup_stm32f429xx.o(.text)
    I2C3_EV_IRQHandler                       0x080001db   Thumb Code     0  startup_stm32f429xx.o(.text)
    LTDC_ER_IRQHandler                       0x080001db   Thumb Code     0  startup_stm32f429xx.o(.text)
    LTDC_IRQHandler                          0x080001db   Thumb Code     0  startup_stm32f429xx.o(.text)
    OTG_FS_IRQHandler                        0x080001db   Thumb Code     0  startup_stm32f429xx.o(.text)
    OTG_FS_WKUP_IRQHandler                   0x080001db   Thumb Code     0  startup_stm32f429xx.o(.text)
    OTG_HS_EP1_IN_IRQHandler                 0x080001db   Thumb Code     0  startup_stm32f429xx.o(.text)
    OTG_HS_EP1_OUT_IRQHandler                0x080001db   Thumb Code     0  startup_stm32f429xx.o(.text)
    OTG_HS_IRQHandler                        0x080001db   Thumb Code     0  startup_stm32f429xx.o(.text)
    OTG_HS_WKUP_IRQHandler                   0x080001db   Thumb Code     0  startup_stm32f429xx.o(.text)
    PVD_IRQHandler                           0x080001db   Thumb Code     0  startup_stm32f429xx.o(.text)
    RCC_IRQHandler                           0x080001db   Thumb Code     0  startup_stm32f429xx.o(.text)
    RTC_Alarm_IRQHandler                     0x080001db   Thumb Code     0  startup_stm32f429xx.o(.text)
    RTC_WKUP_IRQHandler                      0x080001db   Thumb Code     0  startup_stm32f429xx.o(.text)
    SAI1_IRQHandler                          0x080001db   Thumb Code     0  startup_stm32f429xx.o(.text)
    SDIO_IRQHandler                          0x080001db   Thumb Code     0  startup_stm32f429xx.o(.text)
    SPI1_IRQHandler                          0x080001db   Thumb Code     0  startup_stm32f429xx.o(.text)
    SPI2_IRQHandler                          0x080001db   Thumb Code     0  startup_stm32f429xx.o(.text)
    SPI3_IRQHandler                          0x080001db   Thumb Code     0  startup_stm32f429xx.o(.text)
    SPI4_IRQHandler                          0x080001db   Thumb Code     0  startup_stm32f429xx.o(.text)
    SPI5_IRQHandler                          0x080001db   Thumb Code     0  startup_stm32f429xx.o(.text)
    SPI6_IRQHandler                          0x080001db   Thumb Code     0  startup_stm32f429xx.o(.text)
    TAMP_STAMP_IRQHandler                    0x080001db   Thumb Code     0  startup_stm32f429xx.o(.text)
    TIM1_BRK_TIM9_IRQHandler                 0x080001db   Thumb Code     0  startup_stm32f429xx.o(.text)
    TIM1_CC_IRQHandler                       0x080001db   Thumb Code     0  startup_stm32f429xx.o(.text)
    TIM1_TRG_COM_TIM11_IRQHandler            0x080001db   Thumb Code     0  startup_stm32f429xx.o(.text)
    TIM1_UP_TIM10_IRQHandler                 0x080001db   Thumb Code     0  startup_stm32f429xx.o(.text)
    TIM2_IRQHandler                          0x080001db   Thumb Code     0  startup_stm32f429xx.o(.text)
    TIM3_IRQHandler                          0x080001db   Thumb Code     0  startup_stm32f429xx.o(.text)
    TIM4_IRQHandler                          0x080001db   Thumb Code     0  startup_stm32f429xx.o(.text)
    TIM5_IRQHandler                          0x080001db   Thumb Code     0  startup_stm32f429xx.o(.text)
    TIM6_DAC_IRQHandler                      0x080001db   Thumb Code     0  startup_stm32f429xx.o(.text)
    TIM7_IRQHandler                          0x080001db   Thumb Code     0  startup_stm32f429xx.o(.text)
    TIM8_BRK_TIM12_IRQHandler                0x080001db   Thumb Code     0  startup_stm32f429xx.o(.text)
    TIM8_CC_IRQHandler                       0x080001db   Thumb Code     0  startup_stm32f429xx.o(.text)
    TIM8_TRG_COM_TIM14_IRQHandler            0x080001db   Thumb Code     0  startup_stm32f429xx.o(.text)
    TIM8_UP_TIM13_IRQHandler                 0x080001db   Thumb Code     0  startup_stm32f429xx.o(.text)
    UART4_IRQHandler                         0x080001db   Thumb Code     0  startup_stm32f429xx.o(.text)
    UART5_IRQHandler                         0x080001db   Thumb Code     0  startup_stm32f429xx.o(.text)
    UART7_IRQHandler                         0x080001db   Thumb Code     0  startup_stm32f429xx.o(.text)
    UART8_IRQHandler                         0x080001db   Thumb Code     0  startup_stm32f429xx.o(.text)
    USART1_IRQHandler                        0x080001db   Thumb Code     0  startup_stm32f429xx.o(.text)
    USART2_IRQHandler                        0x080001db   Thumb Code     0  startup_stm32f429xx.o(.text)
    USART6_IRQHandler                        0x080001db   Thumb Code     0  startup_stm32f429xx.o(.text)
    WWDG_IRQHandler                          0x080001db   Thumb Code     0  startup_stm32f429xx.o(.text)
    __aeabi_uldivmod                         0x080001e5   Thumb Code    98  uldiv.o(.text)
    __aeabi_ldivmod                          0x08000247   Thumb Code    98  ldiv.o(.text)
    abs                                      0x080002a9   Thumb Code     8  siabs.o(.text)
    __aeabi_memset                           0x080002b1   Thumb Code    14  memseta.o(.text)
    __aeabi_memset4                          0x080002b1   Thumb Code     0  memseta.o(.text)
    __aeabi_memset8                          0x080002b1   Thumb Code     0  memseta.o(.text)
    __aeabi_memclr                           0x080002bf   Thumb Code     4  memseta.o(.text)
    __aeabi_memclr4                          0x080002bf   Thumb Code     0  memseta.o(.text)
    __aeabi_memclr8                          0x080002bf   Thumb Code     0  memseta.o(.text)
    _memset$wrapper                          0x080002c3   Thumb Code    18  memseta.o(.text)
    strlen                                   0x080002d5   Thumb Code    14  strlen.o(.text)
    __aeabi_ui2d                             0x080002e3   Thumb Code    26  dfltui.o(.text)
    __aeabi_d2iz                             0x080002fd   Thumb Code    62  dfixi.o(.text)
    __aeabi_uidiv                            0x0800033b   Thumb Code     0  uidiv.o(.text)
    __aeabi_uidivmod                         0x0800033b   Thumb Code    44  uidiv.o(.text)
    __aeabi_llsl                             0x08000367   Thumb Code    30  llshl.o(.text)
    _ll_shift_l                              0x08000367   Thumb Code     0  llshl.o(.text)
    __aeabi_llsr                             0x08000385   Thumb Code    32  llushr.o(.text)
    _ll_ushift_r                             0x08000385   Thumb Code     0  llushr.o(.text)
    __I$use$fp                               0x080003a5   Thumb Code     0  iusefp.o(.text)
    _double_round                            0x080003a5   Thumb Code    30  depilogue.o(.text)
    _double_epilogue                         0x080003c3   Thumb Code   156  depilogue.o(.text)
    __aeabi_dadd                             0x0800045f   Thumb Code   322  dadd.o(.text)
    __aeabi_dsub                             0x080005a1   Thumb Code     6  dadd.o(.text)
    __aeabi_drsub                            0x080005a7   Thumb Code     6  dadd.o(.text)
    __aeabi_dmul                             0x080005ad   Thumb Code   228  dmul.o(.text)
    __aeabi_ddiv                             0x08000691   Thumb Code   222  ddiv.o(.text)
    _dsqrt                                   0x0800076f   Thumb Code   162  dsqrt.o(.text)
    __aeabi_d2ulz                            0x08000811   Thumb Code    48  dfixul.o(.text)
    __aeabi_cdrcmple                         0x08000841   Thumb Code    48  cdrcmple.o(.text)
    __scatterload                            0x08000871   Thumb Code    28  init.o(.text)
    __scatterload_rt2                        0x08000871   Thumb Code     0  init.o(.text)
    __aeabi_lasr                             0x08000895   Thumb Code    36  llsshr.o(.text)
    _ll_sshift_r                             0x08000895   Thumb Code     0  llsshr.o(.text)
    BusFault_Handler                         0x080008b9   Thumb Code     2  stm32f4xx_it.o(.text.BusFault_Handler)
    DebugMon_Handler                         0x080008bb   Thumb Code     2  stm32f4xx_it.o(.text.DebugMon_Handler)
    Driver_Delay_ms                          0x080008bd   Thumb Code    16  lcd_tools.o(.text.Driver_Delay_ms)
    Driver_Delay_us                          0x080008cd   Thumb Code    32  lcd_tools.o(.text.Driver_Delay_us)
    ETH_IRQHandler                           0x080008ed   Thumb Code     8  stm32f4xx_it.o(.text.ETH_IRQHandler)
    Error_Handler                            0x08000ad5   Thumb Code   232  error.o(.text.Error_Handler)
    GPIO_High                                0x08000bbd   Thumb Code    14  gpio_basefunct.o(.text.GPIO_High)
    GPIO_In                                  0x08000bcd   Thumb Code    18  gpio_basefunct.o(.text.GPIO_In)
    GPIO_Init                                0x08000be1   Thumb Code     8  lcd_gpio.o(.text.GPIO_Init)
    GPIO_Low                                 0x08000be9   Thumb Code    16  gpio_basefunct.o(.text.GPIO_Low)
    GPIO_Out                                 0x08000bf9   Thumb Code    18  gpio_basefunct.o(.text.GPIO_Out)
    GPIO_Read                                0x08000c0d   Thumb Code    46  gpio_basefunct.o(.text.GPIO_Read)
    GUI_disChar                              0x08000c3d   Thumb Code   188  lcd_gui.o(.text.GUI_disChar)
    GUI_disNum                               0x08000cf9   Thumb Code   104  lcd_gui.o(.text.GUI_disNum)
    GUI_disStr                               0x08000d61   Thumb Code   276  lcd_gui.o(.text.GUI_disStr)
    GUI_drawRectangle                        0x08000e75   Thumb Code   426  lcd_gui.o(.text.GUI_drawRectangle)
    GUI_init                                 0x08001021   Thumb Code    28  lcd_gui.o(.text.GUI_init)
    HAL_DMA_Abort                            0x0800103d   Thumb Code   138  stm32f4xx_hal_dma.o(.text.HAL_DMA_Abort)
    HAL_Delay                                0x080010c9   Thumb Code    32  stm32f4xx_hal.o(.text.HAL_Delay)
    HAL_ETH_ErrorCallback                    0x080010e9   Thumb Code     2  stm32f4xx_hal_eth.o(.text.HAL_ETH_ErrorCallback)
    HAL_ETH_IRQHandler                       0x080010eb   Thumb Code   106  stm32f4xx_hal_eth.o(.text.HAL_ETH_IRQHandler)
    HAL_ETH_RxCpltCallback                   0x08001155   Thumb Code     2  stm32f4xx_hal_eth.o(.text.HAL_ETH_RxCpltCallback)
    HAL_ETH_TxCpltCallback                   0x08001157   Thumb Code     2  stm32f4xx_hal_eth.o(.text.HAL_ETH_TxCpltCallback)
    HAL_GPIO_DeInit                          0x08001159   Thumb Code   212  stm32f4xx_hal_gpio.o(.text.HAL_GPIO_DeInit)
    HAL_GPIO_Init                            0x0800122d   Thumb Code   384  stm32f4xx_hal_gpio.o(.text.HAL_GPIO_Init)
    HAL_GPIO_ReadPin                         0x080013c5   Thumb Code    10  stm32f4xx_hal_gpio.o(.text.HAL_GPIO_ReadPin)
    HAL_GPIO_TogglePin                       0x080013cf   Thumb Code    14  stm32f4xx_hal_gpio.o(.text.HAL_GPIO_TogglePin)
    HAL_GPIO_WritePin                        0x080013dd   Thumb Code    10  stm32f4xx_hal_gpio.o(.text.HAL_GPIO_WritePin)
    HAL_GetTick                              0x080013e9   Thumb Code     8  stm32f4xx_hal.o(.text.HAL_GetTick)
    HAL_IncTick                              0x080013f1   Thumb Code    16  stm32f4xx_hal.o(.text.HAL_IncTick)
    HAL_Init                                 0x08001405   Thumb Code    40  stm32f4xx_hal.o(.text.HAL_Init)
    HAL_InitTick                             0x08001431   Thumb Code    56  stm32f4xx_hal.o(.text.HAL_InitTick)
    HAL_MspInit                              0x0800146d   Thumb Code     2  stm32f4xx_hal.o(.text.HAL_MspInit)
    HAL_NVIC_DisableIRQ                      0x08001471   Thumb Code    28  stm32f4xx_hal_cortex.o(.text.HAL_NVIC_DisableIRQ)
    HAL_NVIC_SetPriority                     0x08001491   Thumb Code    72  stm32f4xx_hal_cortex.o(.text.HAL_NVIC_SetPriority)
    HAL_NVIC_SetPriorityGrouping             0x080014dd   Thumb Code    24  stm32f4xx_hal_cortex.o(.text.HAL_NVIC_SetPriorityGrouping)
    HAL_PWREx_EnableOverDrive                0x080014fd   Thumb Code    92  stm32f4xx_hal_pwr_ex.o(.text.HAL_PWREx_EnableOverDrive)
    HAL_RCC_ClockConfig                      0x08001565   Thumb Code   264  stm32f4xx_hal_rcc.o(.text.HAL_RCC_ClockConfig)
    HAL_RCC_GetPCLK1Freq                     0x08001679   Thumb Code    20  stm32f4xx_hal_rcc.o(.text.HAL_RCC_GetPCLK1Freq)
    HAL_RCC_GetSysClockFreq                  0x08001699   Thumb Code    80  stm32f4xx_hal_rcc.o(.text.HAL_RCC_GetSysClockFreq)
    HAL_RCC_OscConfig                        0x080016f5   Thumb Code   776  stm32f4xx_hal_rcc.o(.text.HAL_RCC_OscConfig)
    HAL_SYSTICK_Config                       0x08001a0d   Thumb Code    32  stm32f4xx_hal_cortex.o(.text.HAL_SYSTICK_Config)
    HAL_TIMEx_MasterConfigSynchronization    0x08001a35   Thumb Code   108  stm32f4xx_hal_tim_ex.o(.text.HAL_TIMEx_MasterConfigSynchronization)
    HAL_TIM_PWM_ConfigChannel                0x08001b01   Thumb Code   148  stm32f4xx_hal_tim.o(.text.HAL_TIM_PWM_ConfigChannel)
    HAL_TIM_PWM_Init                         0x08001b95   Thumb Code    32  stm32f4xx_hal_tim.o(.text.HAL_TIM_PWM_Init)
    HAL_TIM_PWM_MspInit                      0x08001bb5   Thumb Code    62  lcd_tim.o(.text.HAL_TIM_PWM_MspInit)
    HAL_TIM_PWM_Start                        0x08001bf5   Thumb Code    40  stm32f4xx_hal_tim.o(.text.HAL_TIM_PWM_Start)
    HardFault_Handler                        0x08001c21   Thumb Code     2  stm32f4xx_it.o(.text.HardFault_Handler)
    LCDErrHandler                            0x08001c25   Thumb Code   182  lcd_tools.o(.text.LCDErrHandler)
    LCD_clear                                0x08001e89   Thumb Code    34  lcd_driver.o(.text.LCD_clear)
    LCD_fillRectangleBW                      0x08001ead   Thumb Code   398  lcd_driver.o(.text.LCD_fillRectangleBW)
    LCD_fillRectangleMC                      0x0800203d   Thumb Code   200  lcd_driver.o(.text.LCD_fillRectangleMC)
    LCD_init                                 0x08002105   Thumb Code   112  lcd_driver.o(.text.LCD_init)
    MemManage_Handler                        0x08002417   Thumb Code     2  stm32f4xx_it.o(.text.MemManage_Handler)
    NMI_Handler                              0x08002419   Thumb Code     2  stm32f4xx_it.o(.text.NMI_Handler)
    PWM_SetValue                             0x080024c1   Thumb Code    56  lcd_tim.o(.text.PWM_SetValue)
    PendSV_Handler                           0x080024f9   Thumb Code     2  stm32f4xx_it.o(.text.PendSV_Handler)
    SPI4W_Read_Byte                          0x080024fd   Thumb Code    10  lcd_spi.o(.text.SPI4W_Read_Byte)
    SPI4W_Write_Byte                         0x08002509   Thumb Code    94  lcd_spi.o(.text.SPI4W_Write_Byte)
    SPIinit                                  0x08002691   Thumb Code    14  lcd_spi.o(.text.SPIinit)
    SPIsetLCDSpeed                           0x080026a1   Thumb Code    10  lcd_spi.o(.text.SPIsetLCDSpeed)
    SPIsetTPSpeed                            0x080026ad   Thumb Code    74  lcd_spi.o(.text.SPIsetTPSpeed)
    SVC_Handler                              0x080026f7   Thumb Code     2  stm32f4xx_it.o(.text.SVC_Handler)
    SysTick_Handler                          0x080026f9   Thumb Code     4  stm32f4xx_it.o(.text.SysTick_Handler)
    SystemInit                               0x080027b5   Thumb Code    60  system_stm32f4xx.o(.text.SystemInit)
    TIM4_Init                                0x08002801   Thumb Code     8  lcd_tim.o(.text.TIM4_Init)
    TIM_Base_SetConfig                       0x08002809   Thumb Code   172  stm32f4xx_hal_tim.o(.text.TIM_Base_SetConfig)
    TIM_CCxChannelCmd                        0x080028dd   Thumb Code    30  stm32f4xx_hal_tim.o(.text.TIM_CCxChannelCmd)
    TIM_OC2_SetConfig                        0x0800295d   Thumb Code    92  stm32f4xx_hal_tim.o(.text.TIM_OC2_SetConfig)
    TP_Adjust                                0x08002a61   Thumb Code  1268  lcd_touch.o(.text.TP_Adjust)
    TP_Init                                  0x08002f99   Thumb Code    74  lcd_touch.o(.text.TP_Init)
    TP_pressed                               0x0800367d   Thumb Code     8  lcd_touch.o(.text.TP_pressed)
    USART3_IRQHandler                        0x08003709   Thumb Code    16  usart_stm32f4xx.o(.text.USART3_IRQHandler)
    USART_IRQHandler                         0x080046c9   Thumb Code  1026  usart_stm32f4xx.o(.text.USART_IRQHandler)
    UsageFault_Handler                       0x08005641   Thumb Code     2  stm32f4xx_it.o(.text.UsageFault_Handler)
    checkVersionFlashFonts                   0x080056a5   Thumb Code    32  fontsflash.o(.text.checkVersionFlashFonts)
    demoTemp                                 0x0800570d   Thumb Code   232  main.o(.text.demoTemp)
    distance                                 0x080057f5   Thumb Code    94  lcd_touch.o(.text.distance)
    getTemp                                  0x08005855   Thumb Code    94  main.o(.text.getTemp)
    initITSboard                             0x080059f5   Thumb Code    20  init.o(.text.initITSboard)
    initTimer                                0x08005a09   Thumb Code    66  timer.o(.text.initTimer)
    init_GPIO                                0x08005a4d   Thumb Code    36  gpio_basefunct.o(.text.init_GPIO)
    io_reset                                 0x08005a71   Thumb Code    36  one_wire.o(.text.io_reset)
    itoa                                     0x08005a95   Thumb Code   180  lcd_tools.o(.text.itoa)
    lcdGotoXY                                0x08005b49   Thumb Code    58  lcd.o(.text.lcdGotoXY)
    lcdPrintInt                              0x08005b85   Thumb Code    34  lcd.o(.text.lcdPrintInt)
    lcdPrintS                                0x08005ba9   Thumb Code   466  lcd.o(.text.lcdPrintS)
    main                                     0x08005d7d   Thumb Code    62  main.o(.text.main)
    open_drain                               0x08005dbd   Thumb Code    18  gpio_basefunct.o(.text.open_drain)
    printDebugMsg                            0x08005dd1   Thumb Code   184  lcd_debug.o(.text.printDebugMsg)
    push_pull                                0x08005e89   Thumb Code    18  gpio_basefunct.o(.text.push_pull)
    readTemp                                 0x08005e9d   Thumb Code   270  one_wire.o(.text.readTemp)
    read_bit                                 0x08005fad   Thumb Code    56  one_wire.o(.text.read_bit)
    read_byte                                0x08005fe5   Thumb Code    44  one_wire.o(.text.read_byte)
    stdinout_init                            0x08006011   Thumb Code   174  stdinout_usart.o(.text.stdinout_init)
    wait                                     0x08006109   Thumb Code    62  time.o(.text.wait)
    writeByte                                0x08006149   Thumb Code    62  one_wire.o(.text.writeByte)
    write_one                                0x08006189   Thumb Code    24  one_wire.o(.text.write_one)
    write_zero                               0x080061a1   Thumb Code    24  one_wire.o(.text.write_zero)
    __0sprintf                               0x080061b9   Thumb Code    34  printfa.o(i.__0sprintf)
    __1sprintf                               0x080061b9   Thumb Code     0  printfa.o(i.__0sprintf)
    __2sprintf                               0x080061b9   Thumb Code     0  printfa.o(i.__0sprintf)
    __c89sprintf                             0x080061b9   Thumb Code     0  printfa.o(i.__0sprintf)
    sprintf                                  0x080061b9   Thumb Code     0  printfa.o(i.__0sprintf)
    __hardfp_sqrt                            0x080061e1   Thumb Code   122  sqrt.o(i.__hardfp_sqrt)
    __scatterload_copy                       0x0800625b   Thumb Code    14  handlers.o(i.__scatterload_copy)
    __scatterload_null                       0x08006269   Thumb Code     2  handlers.o(i.__scatterload_null)
    __scatterload_zeroinit                   0x0800626b   Thumb Code    14  handlers.o(i.__scatterload_zeroinit)
    __set_errno                              0x08006279   Thumb Code     6  errno.o(i.__set_errno)
    AHBPrescTable                            0x08006b40   Data          16  system_stm32f4xx.o(.rodata.AHBPrescTable)
    APBPrescTable                            0x08006b50   Data           8  system_stm32f4xx.o(.rodata.APBPrescTable)
    Cross                                    0x08006b58   Data         100  lcd_touch.o(.rodata.Cross)
    Driver_USART3                            0x08006bbc   Data          56  usart_stm32f4xx.o(.rodata.Driver_USART3)
    initCmds                                 0x08006c5c   Data         103  lcd_driver.o(.rodata.initCmds)
    Region$$Table$$Base                      0x08006e18   Number         0  anon$$obj.o(Region$$Table)
    Region$$Table$$Limit                     0x08006e38   Number         0  anon$$obj.o(Region$$Table)
    uwTickFreq                               0x20000004   Data           1  stm32f4xx_hal.o(.data..L_MergedGlobals)
    uwTickPrio                               0x20000008   Data           4  stm32f4xx_hal.o(.data..L_MergedGlobals)
    Font16FLASH                              0x2000000c   Data           8  fontsflash.o(.data.Font16FLASH)
    SystemCoreClock                          0x20000014   Data           4  system_stm32f4xx.o(.data.SystemCoreClock)
    EthHandle                                0x20000030   Data          72  stm32f4xx_it.o(.bss.EthHandle)
    uwTick                                   0x2000010c   Data           4  stm32f4xx_hal.o(.bss.uwTick)
    __initial_sp                             0x20000510   Data           0  startup_stm32f429xx.o(STACK)



==============================================================================

Memory Map of the image

  Image Entry point : 0x080001ad

  Load Region LR_IROM1 (Base: 0x08000000, Size: 0x00006e68, Max: 0x00200000, ABSOLUTE)

    Execution Region ER_IROM1 (Exec base: 0x08000000, Load base: 0x08000000, Size: 0x00006e38, Max: 0x00200000, ABSOLUTE)

    Exec Addr    Load Addr    Size         Type   Attr      Idx    E Section Name        Object

    0x08000000   0x08000000   0x000001ac   Data   RO          113    RESET               startup_stm32f429xx.o
    0x080001ac   0x080001ac   0x00000000   Code   RO         1920  * .ARM.Collect$$$$00000000  mc_w.l(entry.o)
    0x080001ac   0x080001ac   0x00000004   Code   RO         1978    .ARM.Collect$$$$00000001  mc_w.l(entry2.o)
    0x080001b0   0x080001b0   0x00000004   Code   RO         1981    .ARM.Collect$$$$00000004  mc_w.l(entry5.o)
    0x080001b4   0x080001b4   0x00000000   Code   RO         1983    .ARM.Collect$$$$00000008  mc_w.l(entry7b.o)
    0x080001b4   0x080001b4   0x00000000   Code   RO         1985    .ARM.Collect$$$$0000000A  mc_w.l(entry8b.o)
    0x080001b4   0x080001b4   0x00000008   Code   RO         1986    .ARM.Collect$$$$0000000B  mc_w.l(entry9a.o)
    0x080001bc   0x080001bc   0x00000000   Code   RO         1988    .ARM.Collect$$$$0000000D  mc_w.l(entry10a.o)
    0x080001bc   0x080001bc   0x00000000   Code   RO         1990    .ARM.Collect$$$$0000000F  mc_w.l(entry11a.o)
    0x080001bc   0x080001bc   0x00000004   Code   RO         1979    .ARM.Collect$$$$00002712  mc_w.l(entry2.o)
    0x080001c0   0x080001c0   0x00000024   Code   RO          114    .text               startup_stm32f429xx.o
    0x080001e4   0x080001e4   0x00000062   Code   RO         1930    .text               mc_w.l(uldiv.o)
    0x08000246   0x08000246   0x00000062   Code   RO         1932    .text               mc_w.l(ldiv.o)
    0x080002a8   0x080002a8   0x00000008   Code   RO         1934    .text               mc_w.l(siabs.o)
    0x080002b0   0x080002b0   0x00000024   Code   RO         1940    .text               mc_w.l(memseta.o)
    0x080002d4   0x080002d4   0x0000000e   Code   RO         1942    .text               mc_w.l(strlen.o)
    0x080002e2   0x080002e2   0x0000001a   Code   RO         1974    .text               mf_w.l(dfltui.o)
    0x080002fc   0x080002fc   0x0000003e   Code   RO         1976    .text               mf_w.l(dfixi.o)
    0x0800033a   0x0800033a   0x0000002c   Code   RO         2001    .text               mc_w.l(uidiv.o)
    0x08000366   0x08000366   0x0000001e   Code   RO         2003    .text               mc_w.l(llshl.o)
    0x08000384   0x08000384   0x00000020   Code   RO         2005    .text               mc_w.l(llushr.o)
    0x080003a4   0x080003a4   0x00000000   Code   RO         2014    .text               mc_w.l(iusefp.o)
    0x080003a4   0x080003a4   0x000000ba   Code   RO         2015    .text               mf_w.l(depilogue.o)
    0x0800045e   0x0800045e   0x0000014e   Code   RO         2017    .text               mf_w.l(dadd.o)
    0x080005ac   0x080005ac   0x000000e4   Code   RO         2019    .text               mf_w.l(dmul.o)
    0x08000690   0x08000690   0x000000de   Code   RO         2021    .text               mf_w.l(ddiv.o)
    0x0800076e   0x0800076e   0x000000a2   Code   RO         2023    .text               mf_w.l(dsqrt.o)
    0x08000810   0x08000810   0x00000030   Code   RO         2025    .text               mf_w.l(dfixul.o)
    0x08000840   0x08000840   0x00000030   Code   RO         2027    .text               mf_w.l(cdrcmple.o)
    0x08000870   0x08000870   0x00000024   Code   RO         2029    .text               mc_w.l(init.o)
    0x08000894   0x08000894   0x00000024   Code   RO         2031    .text               mc_w.l(llsshr.o)
    0x080008b8   0x080008b8   0x00000002   Code   RO           90    .text.BusFault_Handler  stm32f4xx_it.o
    0x080008ba   0x080008ba   0x00000002   Code   RO           96    .text.DebugMon_Handler  stm32f4xx_it.o
    0x080008bc   0x080008bc   0x00000010   Code   RO         1615    .text.Driver_Delay_ms  lcd_tools.o
    0x080008cc   0x080008cc   0x00000020   Code   RO         1617    .text.Driver_Delay_us  lcd_tools.o
    0x080008ec   0x080008ec   0x0000000c   Code   RO          102    .text.ETH_IRQHandler  stm32f4xx_it.o
    0x080008f8   0x080008f8   0x000001da   Code   RO         1871    .text.Enable_GPIO_Clock  usart_stm32f4xx.o
    0x08000ad2   0x08000ad2   0x00000002   PAD
    0x08000ad4   0x08000ad4   0x000000e8   Code   RO         1687    .text.Error_Handler  error.o
    0x08000bbc   0x08000bbc   0x0000000e   Code   RO         1214    .text.GPIO_High     gpio_basefunct.o
    0x08000bca   0x08000bca   0x00000002   PAD
    0x08000bcc   0x08000bcc   0x00000012   Code   RO         1210    .text.GPIO_In       gpio_basefunct.o
    0x08000bde   0x08000bde   0x00000002   PAD
    0x08000be0   0x08000be0   0x00000008   Code   RO         1583    .text.GPIO_Init     lcd_gpio.o
    0x08000be8   0x08000be8   0x00000010   Code   RO         1216    .text.GPIO_Low      gpio_basefunct.o
    0x08000bf8   0x08000bf8   0x00000012   Code   RO         1212    .text.GPIO_Out      gpio_basefunct.o
    0x08000c0a   0x08000c0a   0x00000002   PAD
    0x08000c0c   0x08000c0c   0x0000002e   Code   RO         1218    .text.GPIO_Read     gpio_basefunct.o
    0x08000c3a   0x08000c3a   0x00000002   PAD
    0x08000c3c   0x08000c3c   0x000000bc   Code   RO         1497    .text.GUI_disChar   lcd_gui.o
    0x08000cf8   0x08000cf8   0x00000068   Code   RO         1501    .text.GUI_disNum    lcd_gui.o
    0x08000d60   0x08000d60   0x00000114   Code   RO         1499    .text.GUI_disStr    lcd_gui.o
    0x08000e74   0x08000e74   0x000001aa   Code   RO         1495    .text.GUI_drawRectangle  lcd_gui.o
    0x0800101e   0x0800101e   0x00000002   PAD
    0x08001020   0x08001020   0x0000001c   Code   RO         1489    .text.GUI_init      lcd_gui.o
    0x0800103c   0x0800103c   0x0000008a   Code   RO          255    .text.HAL_DMA_Abort  stm32f4xx_hal_dma.o
    0x080010c6   0x080010c6   0x00000002   PAD
    0x080010c8   0x080010c8   0x00000020   Code   RO          141    .text.HAL_Delay     stm32f4xx_hal.o
    0x080010e8   0x080010e8   0x00000002   Code   RO          313    .text.HAL_ETH_ErrorCallback  stm32f4xx_hal_eth.o
    0x080010ea   0x080010ea   0x0000006a   Code   RO          307    .text.HAL_ETH_IRQHandler  stm32f4xx_hal_eth.o
    0x08001154   0x08001154   0x00000002   Code   RO          309    .text.HAL_ETH_RxCpltCallback  stm32f4xx_hal_eth.o
    0x08001156   0x08001156   0x00000002   Code   RO          311    .text.HAL_ETH_TxCpltCallback  stm32f4xx_hal_eth.o
    0x08001158   0x08001158   0x000000d4   Code   RO          357    .text.HAL_GPIO_DeInit  stm32f4xx_hal_gpio.o
    0x0800122c   0x0800122c   0x00000198   Code   RO          355    .text.HAL_GPIO_Init  stm32f4xx_hal_gpio.o
    0x080013c4   0x080013c4   0x0000000a   Code   RO          359    .text.HAL_GPIO_ReadPin  stm32f4xx_hal_gpio.o
    0x080013ce   0x080013ce   0x0000000e   Code   RO          363    .text.HAL_GPIO_TogglePin  stm32f4xx_hal_gpio.o
    0x080013dc   0x080013dc   0x0000000a   Code   RO          361    .text.HAL_GPIO_WritePin  stm32f4xx_hal_gpio.o
    0x080013e6   0x080013e6   0x00000002   PAD
    0x080013e8   0x080013e8   0x00000008   Code   RO          133    .text.HAL_GetTick   stm32f4xx_hal.o
    0x080013f0   0x080013f0   0x00000014   Code   RO          131    .text.HAL_IncTick   stm32f4xx_hal.o
    0x08001404   0x08001404   0x0000002c   Code   RO          121    .text.HAL_Init      stm32f4xx_hal.o
    0x08001430   0x08001430   0x0000003c   Code   RO          123    .text.HAL_InitTick  stm32f4xx_hal.o
    0x0800146c   0x0800146c   0x00000002   Code   RO          125    .text.HAL_MspInit   stm32f4xx_hal.o
    0x0800146e   0x0800146e   0x00000002   PAD
    0x08001470   0x08001470   0x00000020   Code   RO          199    .text.HAL_NVIC_DisableIRQ  stm32f4xx_hal_cortex.o
    0x08001490   0x08001490   0x0000004c   Code   RO          195    .text.HAL_NVIC_SetPriority  stm32f4xx_hal_cortex.o
    0x080014dc   0x080014dc   0x00000020   Code   RO          193    .text.HAL_NVIC_SetPriorityGrouping  stm32f4xx_hal_cortex.o
    0x080014fc   0x080014fc   0x00000068   Code   RO          433    .text.HAL_PWREx_EnableOverDrive  stm32f4xx_hal_pwr_ex.o
    0x08001564   0x08001564   0x00000114   Code   RO          453    .text.HAL_RCC_ClockConfig  stm32f4xx_hal_rcc.o
    0x08001678   0x08001678   0x00000020   Code   RO          465    .text.HAL_RCC_GetPCLK1Freq  stm32f4xx_hal_rcc.o
    0x08001698   0x08001698   0x0000005c   Code   RO          455    .text.HAL_RCC_GetSysClockFreq  stm32f4xx_hal_rcc.o
    0x080016f4   0x080016f4   0x00000318   Code   RO          451    .text.HAL_RCC_OscConfig  stm32f4xx_hal_rcc.o
    0x08001a0c   0x08001a0c   0x00000028   Code   RO          205    .text.HAL_SYSTICK_Config  stm32f4xx_hal_cortex.o
    0x08001a34   0x08001a34   0x00000084   Code   RO         1107    .text.HAL_TIMEx_MasterConfigSynchronization  stm32f4xx_hal_tim_ex.o
    0x08001ab8   0x08001ab8   0x00000048   Code   RO         1604    .text.HAL_TIM_MspPostInit  lcd_tim.o
    0x08001b00   0x08001b00   0x00000094   Code   RO          849    .text.HAL_TIM_PWM_ConfigChannel  stm32f4xx_hal_tim.o
    0x08001b94   0x08001b94   0x00000020   Code   RO          741    .text.HAL_TIM_PWM_Init  stm32f4xx_hal_tim.o
    0x08001bb4   0x08001bb4   0x0000003e   Code   RO         1598    .text.HAL_TIM_PWM_MspInit  lcd_tim.o
    0x08001bf2   0x08001bf2   0x00000002   PAD
    0x08001bf4   0x08001bf4   0x0000002c   Code   RO          749    .text.HAL_TIM_PWM_Start  stm32f4xx_hal_tim.o
    0x08001c20   0x08001c20   0x00000002   Code   RO           86    .text.HardFault_Handler  stm32f4xx_it.o
    0x08001c22   0x08001c22   0x00000002   PAD
    0x08001c24   0x08001c24   0x000000b6   Code   RO         1619    .text.LCDErrHandler  lcd_tools.o
    0x08001cda   0x08001cda   0x00000002   PAD
    0x08001cdc   0x08001cdc   0x0000004a   Code   RO         1455    .text.LCD_Reset     lcd_driver.o
    0x08001d26   0x08001d26   0x00000002   PAD
    0x08001d28   0x08001d28   0x00000014   Code   RO         1457    .text.LCD_SetBackLight  lcd_driver.o
    0x08001d3c   0x08001d3c   0x00000022   Code   RO         1461    .text.LCD_SetGramScanWay  lcd_driver.o
    0x08001d5e   0x08001d5e   0x00000002   PAD
    0x08001d60   0x08001d60   0x00000048   Code   RO         1463    .text.LCD_WriteCMD  lcd_driver.o
    0x08001da8   0x08001da8   0x00000056   Code   RO         1459    .text.LCD_WriteCMDList  lcd_driver.o
    0x08001dfe   0x08001dfe   0x00000002   PAD
    0x08001e00   0x08001e00   0x00000016   Code   RO         1473    .text.LCD_WriteParam  lcd_driver.o
    0x08001e16   0x08001e16   0x00000002   PAD
    0x08001e18   0x08001e18   0x00000070   Code   RO         1469    .text.LCD_WriteParameters  lcd_driver.o
    0x08001e88   0x08001e88   0x00000022   Code   RO         1475    .text.LCD_clear     lcd_driver.o
    0x08001eaa   0x08001eaa   0x00000002   PAD
    0x08001eac   0x08001eac   0x0000018e   Code   RO         1471    .text.LCD_fillRectangleBW  lcd_driver.o
    0x0800203a   0x0800203a   0x00000002   PAD
    0x0800203c   0x0800203c   0x000000c8   Code   RO         1465    .text.LCD_fillRectangleMC  lcd_driver.o
    0x08002104   0x08002104   0x00000070   Code   RO         1453    .text.LCD_init      lcd_driver.o
    0x08002174   0x08002174   0x00000058   Code   RO         1467    .text.LCD_setWindow  lcd_driver.o
    0x080021cc   0x080021cc   0x0000019e   Code   RO         1585    .text.MX_GPIO_Init  lcd_gpio.o
    0x0800236a   0x0800236a   0x00000002   PAD
    0x0800236c   0x0800236c   0x000000aa   Code   RO         1596    .text.MX_TIM4_Init  lcd_tim.o
    0x08002416   0x08002416   0x00000002   Code   RO           88    .text.MemManage_Handler  stm32f4xx_it.o
    0x08002418   0x08002418   0x00000002   Code   RO           84    .text.NMI_Handler   stm32f4xx_it.o
    0x0800241a   0x0800241a   0x00000008   Code   RO          439    .text.OUTLINED_FUNCTION_0  stm32f4xx_hal_pwr_ex.o
    0x08002422   0x08002422   0x0000000c   Code   RO          477    .text.OUTLINED_FUNCTION_0  stm32f4xx_hal_rcc.o
    0x0800242e   0x0800242e   0x0000000e   Code   RO          233    .text.OUTLINED_FUNCTION_1  stm32f4xx_hal_cortex.o
    0x0800243c   0x0800243c   0x00000006   Code   RO          929    .text.OUTLINED_FUNCTION_10  stm32f4xx_hal_tim.o
    0x08002442   0x08002442   0x00000008   Code   RO          931    .text.OUTLINED_FUNCTION_11  stm32f4xx_hal_tim.o
    0x0800244a   0x0800244a   0x0000000a   Code   RO          937    .text.OUTLINED_FUNCTION_14  stm32f4xx_hal_tim.o
    0x08002454   0x08002454   0x0000000a   Code   RO          481    .text.OUTLINED_FUNCTION_2  stm32f4xx_hal_rcc.o
    0x0800245e   0x0800245e   0x0000000a   Code   RO          951    .text.OUTLINED_FUNCTION_21  stm32f4xx_hal_tim.o
    0x08002468   0x08002468   0x0000000e   Code   RO          967    .text.OUTLINED_FUNCTION_29  stm32f4xx_hal_tim.o
    0x08002476   0x08002476   0x00000014   Code   RO          975    .text.OUTLINED_FUNCTION_33  stm32f4xx_hal_tim.o
    0x0800248a   0x0800248a   0x0000000a   Code   RO          993    .text.OUTLINED_FUNCTION_42  stm32f4xx_hal_tim.o
    0x08002494   0x08002494   0x00000008   Code   RO          919    .text.OUTLINED_FUNCTION_5  stm32f4xx_hal_tim.o
    0x0800249c   0x0800249c   0x0000000e   Code   RO          923    .text.OUTLINED_FUNCTION_7  stm32f4xx_hal_tim.o
    0x080024aa   0x080024aa   0x0000000a   Code   RO          925    .text.OUTLINED_FUNCTION_8  stm32f4xx_hal_tim.o
    0x080024b4   0x080024b4   0x0000000a   Code   RO          927    .text.OUTLINED_FUNCTION_9  stm32f4xx_hal_tim.o
    0x080024be   0x080024be   0x00000002   PAD
    0x080024c0   0x080024c0   0x00000038   Code   RO         1602    .text.PWM_SetValue  lcd_tim.o
    0x080024f8   0x080024f8   0x00000002   Code   RO           98    .text.PendSV_Handler  stm32f4xx_it.o
    0x080024fa   0x080024fa   0x00000002   PAD
    0x080024fc   0x080024fc   0x0000000a   Code   RO         1573    .text.SPI4W_Read_Byte  lcd_spi.o
    0x08002506   0x08002506   0x00000002   PAD
    0x08002508   0x08002508   0x0000005e   Code   RO         1569    .text.SPI4W_Write_Byte  lcd_spi.o
    0x08002566   0x08002566   0x00000002   PAD
    0x08002568   0x08002568   0x0000004c   Code   RO         1563    .text.SPIInitDevWithoutHAL  lcd_spi.o
    0x080025b4   0x080025b4   0x000000da   Code   RO         1561    .text.SPIInitGPIOsWithoutHAL  lcd_spi.o
    0x0800268e   0x0800268e   0x00000002   PAD
    0x08002690   0x08002690   0x0000000e   Code   RO         1559    .text.SPIinit       lcd_spi.o
    0x0800269e   0x0800269e   0x00000002   PAD
    0x080026a0   0x080026a0   0x0000000a   Code   RO         1567    .text.SPIsetLCDSpeed  lcd_spi.o
    0x080026aa   0x080026aa   0x00000002   PAD
    0x080026ac   0x080026ac   0x0000004a   Code   RO         1565    .text.SPIsetTPSpeed  lcd_spi.o
    0x080026f6   0x080026f6   0x00000002   Code   RO           94    .text.SVC_Handler   stm32f4xx_it.o
    0x080026f8   0x080026f8   0x00000004   Code   RO          100    .text.SysTick_Handler  stm32f4xx_it.o
    0x080026fc   0x080026fc   0x000000b8   Code   RO         1697    .text.SystemClock_Config  init.o
    0x080027b4   0x080027b4   0x0000004c   Code   RO           69    .text.SystemInit    system_stm32f4xx.o
    0x08002800   0x08002800   0x00000008   Code   RO         1594    .text.TIM4_Init     lcd_tim.o
    0x08002808   0x08002808   0x000000d4   Code   RO          691    .text.TIM_Base_SetConfig  stm32f4xx_hal_tim.o
    0x080028dc   0x080028dc   0x0000001e   Code   RO          725    .text.TIM_CCxChannelCmd  stm32f4xx_hal_tim.o
    0x080028fa   0x080028fa   0x00000002   PAD
    0x080028fc   0x080028fc   0x00000060   Code   RO          835    .text.TIM_OC1_SetConfig  stm32f4xx_hal_tim.o
    0x0800295c   0x0800295c   0x0000005c   Code   RO          837    .text.TIM_OC2_SetConfig  stm32f4xx_hal_tim.o
    0x080029b8   0x080029b8   0x0000005c   Code   RO          839    .text.TIM_OC3_SetConfig  stm32f4xx_hal_tim.o
    0x08002a14   0x08002a14   0x0000004c   Code   RO          841    .text.TIM_OC4_SetConfig  stm32f4xx_hal_tim.o
    0x08002a60   0x08002a60   0x000004f4   Code   RO         1523    .text.TP_Adjust     lcd_touch.o
    0x08002f54   0x08002f54   0x00000042   Code   RO         1525    .text.TP_DrawCross  lcd_touch.o
    0x08002f96   0x08002f96   0x00000002   PAD
    0x08002f98   0x08002f98   0x0000004a   Code   RO         1531    .text.TP_Init       lcd_touch.o
    0x08002fe2   0x08002fe2   0x00000002   PAD
    0x08002fe4   0x08002fe4   0x0000006e   Code   RO         1545    .text.TP_Read_ADC   lcd_touch.o
    0x08003052   0x08003052   0x00000002   PAD
    0x08003054   0x08003054   0x0000012a   Code   RO         1543    .text.TP_Read_ADC_Average  lcd_touch.o
    0x0800317e   0x0800317e   0x00000002   PAD
    0x08003180   0x08003180   0x00000020   Code   RO         1541    .text.TP_Read_ADC_XY  lcd_touch.o
    0x080031a0   0x080031a0   0x000000f4   Code   RO         1539    .text.TP_Read_TwiceADC  lcd_touch.o
    0x08003294   0x08003294   0x000000fc   Code   RO         1535    .text.TP_Scan       lcd_touch.o
    0x08003390   0x08003390   0x0000002a   Code   RO         1533    .text.TP_SetDefaultCalibration  lcd_touch.o
    0x080033ba   0x080033ba   0x00000002   PAD
    0x080033bc   0x080033bc   0x000002be   Code   RO         1529    .text.TP_ShowInfo   lcd_touch.o
    0x0800367a   0x0800367a   0x00000002   PAD
    0x0800367c   0x0800367c   0x00000008   Code   RO         1527    .text.TP_pressed    lcd_touch.o
    0x08003684   0x08003684   0x0000001c   Code   RO         1859    .text.USART3_Control  usart_stm32f4xx.o
    0x080036a0   0x080036a0   0x00000018   Code   RO         1841    .text.USART3_GetCapabilities  usart_stm32f4xx.o
    0x080036b8   0x080036b8   0x00000018   Code   RO         1865    .text.USART3_GetModemStatus  usart_stm32f4xx.o
    0x080036d0   0x080036d0   0x00000010   Code   RO         1857    .text.USART3_GetRxCount  usart_stm32f4xx.o
    0x080036e0   0x080036e0   0x00000018   Code   RO         1861    .text.USART3_GetStatus  usart_stm32f4xx.o
    0x080036f8   0x080036f8   0x00000010   Code   RO         1855    .text.USART3_GetTxCount  usart_stm32f4xx.o
    0x08003708   0x08003708   0x00000010   Code   RO         1837    .text.USART3_IRQHandler  usart_stm32f4xx.o
    0x08003718   0x08003718   0x00000018   Code   RO         1843    .text.USART3_Initialize  usart_stm32f4xx.o
    0x08003730   0x08003730   0x0000001c   Code   RO         1847    .text.USART3_PowerControl  usart_stm32f4xx.o
    0x0800374c   0x0800374c   0x0000001c   Code   RO         1851    .text.USART3_Receive  usart_stm32f4xx.o
    0x08003768   0x08003768   0x0000001c   Code   RO         1849    .text.USART3_Send   usart_stm32f4xx.o
    0x08003784   0x08003784   0x0000001c   Code   RO         1863    .text.USART3_SetModemControl  usart_stm32f4xx.o
    0x080037a0   0x080037a0   0x00000020   Code   RO         1853    .text.USART3_Transfer  usart_stm32f4xx.o
    0x080037c0   0x080037c0   0x00000010   Code   RO         1845    .text.USART3_Uninitialize  usart_stm32f4xx.o
    0x080037d0   0x080037d0   0x00000d86   Code   RO         1893    .text.USART_Control  usart_stm32f4xx.o
    0x08004556   0x08004556   0x00000002   PAD
    0x08004558   0x08004558   0x00000010   Code   RO         1867    .text.USART_GetCapabilities  usart_stm32f4xx.o
    0x08004568   0x08004568   0x0000006a   Code   RO         1899    .text.USART_GetModemStatus  usart_stm32f4xx.o
    0x080045d2   0x080045d2   0x00000002   PAD
    0x080045d4   0x080045d4   0x0000000e   Code   RO         1891    .text.USART_GetRxCount  usart_stm32f4xx.o
    0x080045e2   0x080045e2   0x00000002   PAD
    0x080045e4   0x080045e4   0x000000d4   Code   RO         1895    .text.USART_GetStatus  usart_stm32f4xx.o
    0x080046b8   0x080046b8   0x0000000e   Code   RO         1889    .text.USART_GetTxCount  usart_stm32f4xx.o
    0x080046c6   0x080046c6   0x00000002   PAD
    0x080046c8   0x080046c8   0x00000402   Code   RO         1835    .text.USART_IRQHandler  usart_stm32f4xx.o
    0x08004aca   0x08004aca   0x00000002   PAD
    0x08004acc   0x08004acc   0x000000e0   Code   RO         1869    .text.USART_Initialize  usart_stm32f4xx.o
    0x08004bac   0x08004bac   0x0000024c   Code   RO         1881    .text.USART_PeripheralReset  usart_stm32f4xx.o
    0x08004df8   0x08004df8   0x0000045e   Code   RO         1875    .text.USART_PowerControl  usart_stm32f4xx.o
    0x08005256   0x08005256   0x00000002   PAD
    0x08005258   0x08005258   0x000000e4   Code   RO         1885    .text.USART_Receive  usart_stm32f4xx.o
    0x0800533c   0x0800533c   0x000000b2   Code   RO         1883    .text.USART_Send    usart_stm32f4xx.o
    0x080053ee   0x080053ee   0x00000002   PAD
    0x080053f0   0x080053f0   0x000000e2   Code   RO         1897    .text.USART_SetModemControl  usart_stm32f4xx.o
    0x080054d2   0x080054d2   0x00000002   PAD
    0x080054d4   0x080054d4   0x00000096   Code   RO         1887    .text.USART_Transfer  usart_stm32f4xx.o
    0x0800556a   0x0800556a   0x00000002   PAD
    0x0800556c   0x0800556c   0x000000c0   Code   RO         1873    .text.USART_Uninitialize  usart_stm32f4xx.o
    0x0800562c   0x0800562c   0x00000014   Code   RO         1839    .text.USARTx_GetVersion  usart_stm32f4xx.o
    0x08005640   0x08005640   0x00000002   Code   RO           92    .text.UsageFault_Handler  stm32f4xx_it.o
    0x08005642   0x08005642   0x00000002   PAD
    0x08005644   0x08005644   0x00000030   Code   RO         1877    .text.__NVIC_ClearPendingIRQ  usart_stm32f4xx.o
    0x08005674   0x08005674   0x00000030   Code   RO         1879    .text.__NVIC_EnableIRQ  usart_stm32f4xx.o
    0x080056a4   0x080056a4   0x00000020   Code   RO         1421    .text.checkVersionFlashFonts  fontsflash.o
    0x080056c4   0x080056c4   0x00000048   Code   RO         1571    .text.check_SPI_SR  lcd_spi.o
    0x0800570c   0x0800570c   0x000000e8   Code   RO         1181    .text.demoTemp      main.o
    0x080057f4   0x080057f4   0x0000005e   Code   RO         1521    .text.distance      lcd_touch.o
    0x08005852   0x08005852   0x00000002   PAD
    0x08005854   0x08005854   0x0000005e   Code   RO         1185    .text.getTemp       main.o
    0x080058b2   0x080058b2   0x00000002   PAD
    0x080058b4   0x080058b4   0x00000140   Code   RO         1699    .text.initGPIOs     init.o
    0x080059f4   0x080059f4   0x00000014   Code   RO         1695    .text.initITSboard  init.o
    0x08005a08   0x08005a08   0x00000042   Code   RO         1827    .text.initTimer     timer.o
    0x08005a4a   0x08005a4a   0x00000002   PAD
    0x08005a4c   0x08005a4c   0x00000024   Code   RO         1204    .text.init_GPIO     gpio_basefunct.o
    0x08005a70   0x08005a70   0x00000024   Code   RO         1227    .text.io_reset      one_wire.o
    0x08005a94   0x08005a94   0x000000b4   Code   RO         1621    .text.itoa          lcd_tools.o
    0x08005b48   0x08005b48   0x0000003a   Code   RO         1749    .text.lcdGotoXY     lcd.o
    0x08005b82   0x08005b82   0x00000002   PAD
    0x08005b84   0x08005b84   0x00000022   Code   RO         1741    .text.lcdPrintInt   lcd.o
    0x08005ba6   0x08005ba6   0x00000002   PAD
    0x08005ba8   0x08005ba8   0x000001d2   Code   RO         1735    .text.lcdPrintS     lcd.o
    0x08005d7a   0x08005d7a   0x00000002   PAD
    0x08005d7c   0x08005d7c   0x0000003e   Code   RO         1179    .text.main          main.o
    0x08005dba   0x08005dba   0x00000002   PAD
    0x08005dbc   0x08005dbc   0x00000012   Code   RO         1206    .text.open_drain    gpio_basefunct.o
    0x08005dce   0x08005dce   0x00000002   PAD
    0x08005dd0   0x08005dd0   0x000000b8   Code   RO         1653    .text.printDebugMsg  lcd_debug.o
    0x08005e88   0x08005e88   0x00000012   Code   RO         1208    .text.push_pull     gpio_basefunct.o
    0x08005e9a   0x08005e9a   0x00000002   PAD
    0x08005e9c   0x08005e9c   0x0000010e   Code   RO         1243    .text.readTemp      one_wire.o
    0x08005faa   0x08005faa   0x00000002   PAD
    0x08005fac   0x08005fac   0x00000038   Code   RO         1233    .text.read_bit      one_wire.o
    0x08005fe4   0x08005fe4   0x0000002c   Code   RO         1235    .text.read_byte     one_wire.o
    0x08006010   0x08006010   0x000000ae   Code   RO         1787    .text.stdinout_init  stdinout_usart.o
    0x080060be   0x080060be   0x00000002   PAD
    0x080060c0   0x080060c0   0x00000046   Code   RO         1737    .text.stringCopy    lcd.o
    0x08006106   0x08006106   0x00000002   PAD
    0x08006108   0x08006108   0x0000003e   Code   RO         1196    .text.wait          time.o
    0x08006146   0x08006146   0x00000002   PAD
    0x08006148   0x08006148   0x0000003e   Code   RO         1239    .text.writeByte     one_wire.o
    0x08006186   0x08006186   0x00000002   PAD
    0x08006188   0x08006188   0x00000018   Code   RO         1229    .text.write_one     one_wire.o
    0x080061a0   0x080061a0   0x00000018   Code   RO         1231    .text.write_zero    one_wire.o
    0x080061b8   0x080061b8   0x00000028   Code   RO         1949    i.__0sprintf        mc_w.l(printfa.o)
    0x080061e0   0x080061e0   0x0000007a   Code   RO         1914    i.__hardfp_sqrt     m_wm.l(sqrt.o)
    0x0800625a   0x0800625a   0x0000000e   Code   RO         2035    i.__scatterload_copy  mc_w.l(handlers.o)
    0x08006268   0x08006268   0x00000002   Code   RO         2036    i.__scatterload_null  mc_w.l(handlers.o)
    0x0800626a   0x0800626a   0x0000000e   Code   RO         2037    i.__scatterload_zeroinit  mc_w.l(handlers.o)
    0x08006278   0x08006278   0x0000000c   Code   RO         2009    i.__set_errno       mc_w.l(errno.o)
    0x08006284   0x08006284   0x00000184   Code   RO         1954    i._fp_digits        mc_w.l(printfa.o)
    0x08006408   0x08006408   0x000006dc   Code   RO         1955    i._printf_core      mc_w.l(printfa.o)
    0x08006ae4   0x08006ae4   0x00000024   Code   RO         1956    i._printf_post_padding  mc_w.l(printfa.o)
    0x08006b08   0x08006b08   0x0000002e   Code   RO         1957    i._printf_pre_padding  mc_w.l(printfa.o)
    0x08006b36   0x08006b36   0x0000000a   Code   RO         1959    i._sputc            mc_w.l(printfa.o)
    0x08006b40   0x08006b40   0x00000010   Data   RO           74    .rodata.AHBPrescTable  system_stm32f4xx.o
    0x08006b50   0x08006b50   0x00000008   Data   RO           75    .rodata.APBPrescTable  system_stm32f4xx.o
    0x08006b58   0x08006b58   0x00000064   Data   RO         1547    .rodata.Cross       lcd_touch.o
    0x08006bbc   0x08006bbc   0x00000038   Data   RO         1901    .rodata.Driver_USART3  usart_stm32f4xx.o
    0x08006bf4   0x08006bf4   0x00000034   Data   RO         1906    .rodata.USART3_Resources  usart_stm32f4xx.o
    0x08006c28   0x08006c28   0x0000000c   Data   RO         1903    .rodata.USART3_rx   usart_stm32f4xx.o
    0x08006c34   0x08006c34   0x0000000c   Data   RO         1902    .rodata.USART3_tx   usart_stm32f4xx.o
    0x08006c40   0x08006c40   0x00000010   Data   RO         1548    .rodata.cst16       lcd_touch.o
    0x08006c50   0x08006c50   0x00000008   Data   RO         1551    .rodata.cst4        lcd_touch.o
    0x08006c58   0x08006c58   0x00000004   Data   RO         1655    .rodata.cst4        lcd_debug.o
    0x08006c5c   0x08006c5c   0x00000067   Data   RO         1481    .rodata.initCmds    lcd_driver.o
    0x08006cc3   0x08006cc3   0x00000020   Data   RO         1187    .rodata.str1.1      main.o
    0x08006ce3   0x08006ce3   0x00000025   Data   RO         1513    .rodata.str1.1      lcd_gui.o
    0x08006d08   0x08006d08   0x000000a2   Data   RO         1549    .rodata.str1.1      lcd_touch.o
    0x08006daa   0x08006daa   0x00000025   Data   RO         1575    .rodata.str1.1      lcd_spi.o
    0x08006dcf   0x08006dcf   0x00000025   Data   RO         1607    .rodata.str1.1      lcd_tim.o
    0x08006df4   0x08006df4   0x0000001c   Data   RO         1656    .rodata.str1.1      lcd_debug.o
    0x08006e10   0x08006e10   0x00000003   Data   RO         1758    .rodata.str1.1      lcd.o
    0x08006e13   0x08006e13   0x00000001   PAD
    0x08006e14   0x08006e14   0x00000004   Data   RO         1907    .rodata.usart_driver_version  usart_stm32f4xx.o
    0x08006e18   0x08006e18   0x00000020   Data   RO         2034    Region$$Table       anon$$obj.o


    Execution Region RW_IRAM1 (Exec base: 0x20000000, Load base: 0x08006e38, Size: 0x00000510, Max: 0x00030000, ABSOLUTE)

    Exec Addr    Load Addr    Size         Type   Attr      Idx    E Section Name        Object

    0x20000000   0x08006e38   0x00000004   Data   RW         2010    .data               mc_w.l(errno.o)
    0x20000004   0x08006e3c   0x00000008   Data   RW          184    .data..L_MergedGlobals  stm32f4xx_hal.o
    0x2000000c   0x08006e44   0x00000008   Data   RW         1425    .data.Font16FLASH   fontsflash.o
    0x20000014   0x08006e4c   0x00000004   Data   RW           73    .data.SystemCoreClock  system_stm32f4xx.o
    0x20000018   0x08006e50   0x00000004   Data   RW         1753    .data.crd           lcd.o
    0x2000001c   0x08006e54   0x00000004   Data   RW         1754    .data.fontHeight    lcd.o
    0x20000020   0x08006e58   0x00000004   Data   RW         1752    .data.fontWidth     lcd.o
    0x20000024   0x08006e5c   0x00000004   Data   RW         1755    .data.lcdFont       lcd.o
    0x20000028   0x08006e60   0x00000004   Data   RW         1751    .data.lcdmaxx       lcd.o
    0x2000002c   0x08006e64   0x00000004   Data   RW         1757    .data.lcdmaxy       lcd.o
    0x20000030        -       0x00000048   Zero   RW          104    .bss.EthHandle      stm32f4xx_it.o
    0x20000078        -       0x00000014   Zero   RW         1904    .bss.USART3_Info    usart_stm32f4xx.o
    0x2000008c        -       0x00000024   Zero   RW         1905    .bss.USART3_TransferInfo  usart_stm32f4xx.o
    0x200000b0        -       0x00000040   Zero   RW         1606    .bss.htim4          lcd_tim.o
    0x200000f0        -       0x00000002   Zero   RW         1756    .bss.lcdColor       lcd.o
    0x200000f2   0x08006e68   0x00000002   PAD
    0x200000f4        -       0x00000018   Zero   RW         1550    .bss.sTP_DEV        lcd_touch.o
    0x2000010c        -       0x00000004   Zero   RW          183    .bss.uwTick         stm32f4xx_hal.o
    0x20000110        -       0x00000400   Zero   RW          111    STACK               startup_stm32f429xx.o


==============================================================================

Image component sizes


      Code (inc. data)   RO Data    RW Data    ZI Data      Debug   Object Name

       232          0          0          0          0       2249   error.o
        32          0          0          8          0       1721   fontsflash.o
       184          0          0          0          0       1630   gpio_basefunct.o
       524          0          0          0          0       3522   init.o
       628          0          3         24          2       3567   lcd.o
       184          0         32          0          0        866   lcd_debug.o
      1252          0        103          0          0       4337   lcd_driver.o
       422          0          0          0          0       2483   lcd_gpio.o
      1022          0         37          0          0       6433   lcd_gui.o
       568          0         37          0          0       3278   lcd_spi.o
       368          0         37          0         64       5732   lcd_tim.o
       410          0          0          0          0       2890   lcd_tools.o
      3190         32        286          0         24       5963   lcd_touch.o
       388          0         32          0          0       1532   main.o
       516          0          0          0          0       2588   one_wire.o
        36          8        428          0       1024        912   startup_stm32f429xx.o
       174          0          0          0          0       1340   stdinout_usart.o
       166         12          0          8          4       7942   stm32f4xx_hal.o
       194         24          0          0          0      10586   stm32f4xx_hal_cortex.o
       138          0          0          0          0       9476   stm32f4xx_hal_dma.o
       112          0          0          0          0      16719   stm32f4xx_hal_eth.o
       654         24          0          0          0       5230   stm32f4xx_hal_gpio.o
       112         12          0          0          0       4597   stm32f4xx_hal_pwr_ex.o
      1214         52          0          0          0       7770   stm32f4xx_hal_rcc.o
       942         52          0          0          0      42430   stm32f4xx_hal_tim.o
       132         24          0          0          0      16640   stm32f4xx_hal_tim_ex.o
        32          4          0          0         72       4785   stm32f4xx_it.o
        76         16         24          4          0       2788   system_stm32f4xx.o
        62          0          0          0          0       1196   time.o
        66          0          0          0          0       1846   timer.o
      8676         52        136          0         56      22181   usart_stm32f4xx.o

    ----------------------------------------------------------------------
     22820        312       1188         44       1248     205229   Object Totals
         0          0         32          0          0          0   (incl. Generated)
       114          0          1          0          2          0   (incl. Padding)

    ----------------------------------------------------------------------

      Code (inc. data)   RO Data    RW Data    ZI Data      Debug   Library Member Name

       122          0          0          0          0        148   sqrt.o
         0          0          0          0          0          0   entry.o
         0          0          0          0          0          0   entry10a.o
         0          0          0          0          0          0   entry11a.o
         8          4          0          0          0          0   entry2.o
         4          0          0          0          0          0   entry5.o
         0          0          0          0          0          0   entry7b.o
         0          0          0          0          0          0   entry8b.o
         8          4          0          0          0          0   entry9a.o
        12          6          0          4          0         68   errno.o
        30          0          0          0          0          0   handlers.o
        36          8          0          0          0         68   init.o
         0          0          0          0          0          0   iusefp.o
        98          0          0          0          0         84   ldiv.o
        30          0          0          0          0         68   llshl.o
        36          0          0          0          0         68   llsshr.o
        32          0          0          0          0         68   llushr.o
        36          0          0          0          0        108   memseta.o
      2276         86          0          0          0        520   printfa.o
         8          0          0          0          0         68   siabs.o
        14          0          0          0          0         68   strlen.o
        44          0          0          0          0         80   uidiv.o
        98          0          0          0          0         92   uldiv.o
        48          0          0          0          0         68   cdrcmple.o
       334          0          0          0          0        148   dadd.o
       222          0          0          0          0        100   ddiv.o
       186          0          0          0          0        176   depilogue.o
        62          0          0          0          0         80   dfixi.o
        48          0          0          0          0         68   dfixul.o
        26          0          0          0          0         76   dfltui.o
       228          0          0          0          0         96   dmul.o
       162          0          0          0          0        100   dsqrt.o

    ----------------------------------------------------------------------
      4208        108          0          4          0       2420   Library Totals
         0          0          0          0          0          0   (incl. Padding)

    ----------------------------------------------------------------------

      Code (inc. data)   RO Data    RW Data    ZI Data      Debug   Library Name

       122          0          0          0          0        148   m_wm.l
      2770        108          0          4          0       1360   mc_w.l
      1316          0          0          0          0        912   mf_w.l

    ----------------------------------------------------------------------
      4208        108          0          4          0       2420   Library Totals

    ----------------------------------------------------------------------

==============================================================================


      Code (inc. data)   RO Data    RW Data    ZI Data      Debug   

     27028        420       1188         48       1248     206181   Grand Totals
     27028        420       1188         48       1248     206181   ELF Image Totals
     27028        420       1188         48          0          0   ROM Totals

==============================================================================

    Total RO  Size (Code + RO Data)                28216 (  27.55kB)
    Total RW  Size (RW Data + ZI Data)              1296 (   1.27kB)
    Total ROM Size (Code + RO Data + RW Data)      28264 (  27.60kB)

==============================================================================

